[2026-03-16 11:24:51] local.ERROR: Class "Redis" not found {"exception":"[object] (Error(code: 0): Class \"Redis\" not found at /tmp/abdoElHodaky/larvrevrstender/services/auth-service/vendor/laravel/framework/src/Illuminate/Redis/Connectors/PhpRedisConnector.php:80)
[stacktrace]
#0 /tmp/abdoElHodaky/larvrevrstender/services/auth-service/vendor/laravel/framework/src/Illuminate/Redis/Connectors/PhpRedisConnector.php(34): Illuminate\\Redis\\Connectors\\PhpRedisConnector->createClient()
#1 /tmp/abdoElHodaky/larvrevrstender/services/auth-service/vendor/laravel/framework/src/Illuminate/Redis/Connectors/PhpRedisConnector.php(39): Illuminate\\Redis\\Connectors\\PhpRedisConnector->Illuminate\\Redis\\Connectors\\{closure}()
#2 /tmp/abdoElHodaky/larvrevrstender/services/auth-service/vendor/laravel/framework/src/Illuminate/Redis/RedisManager.php(111): Illuminate\\Redis\\Connectors\\PhpRedisConnector->connect()
#3 /tmp/abdoElHodaky/larvrevrstender/services/auth-service/vendor/laravel/framework/src/Illuminate/Redis/RedisManager.php(92): Illuminate\\Redis\\RedisManager->resolve()
#4 /tmp/abdoElHodaky/larvrevrstender/services/auth-service/vendor/laravel/framework/src/Illuminate/Cache/RedisStore.php(377): Illuminate\\Redis\\RedisManager->connection()
#5 /tmp/abdoElHodaky/larvrevrstender/services/auth-service/vendor/laravel/framework/src/Illuminate/Cache/RedisStore.php(80): Illuminate\\Cache\\RedisStore->connection()
#6 /tmp/abdoElHodaky/larvrevrstender/services/auth-service/vendor/laravel/framework/src/Illuminate/Cache/Repository.php(125): Illuminate\\Cache\\RedisStore->get()
#7 /tmp/abdoElHodaky/larvrevrstender/services/auth-service/vendor/laravel/framework/src/Illuminate/Cache/CacheManager.php(558): Illuminate\\Cache\\Repository->get()
#8 /tmp/abdoElHodaky/larvrevrstender/services/auth-service/vendor/laravel/telescope/src/Watchers/DumpWatcher.php(47): Illuminate\\Cache\\CacheManager->__call()
#9 /tmp/abdoElHodaky/larvrevrstender/services/auth-service/vendor/laravel/telescope/src/RegistersWatchers.php(48): Laravel\\Telescope\\Watchers\\DumpWatcher->register()
#10 /tmp/abdoElHodaky/larvrevrstender/services/auth-service/vendor/laravel/telescope/src/Telescope.php(138): Laravel\\Telescope\\Telescope::registerWatchers()
#11 /tmp/abdoElHodaky/larvrevrstender/services/auth-service/vendor/laravel/telescope/src/TelescopeServiceProvider.php(39): Laravel\\Telescope\\Telescope::start()
#12 /tmp/abdoElHodaky/larvrevrstender/services/auth-service/vendor/laravel/framework/src/Illuminate/Container/BoundMethod.php(36): Laravel\\Telescope\\TelescopeServiceProvider->boot()
#13 /tmp/abdoElHodaky/larvrevrstender/services/auth-service/vendor/laravel/framework/src/Illuminate/Container/Util.php(43): Illuminate\\Container\\BoundMethod::Illuminate\\Container\\{closure}()
#14 /tmp/abdoElHodaky/larvrevrstender/services/auth-service/vendor/laravel/framework/src/Illuminate/Container/BoundMethod.php(96): Illuminate\\Container\\Util::unwrapIfClosure()
#15 /tmp/abdoElHodaky/larvrevrstender/services/auth-service/vendor/laravel/framework/src/Illuminate/Container/BoundMethod.php(35): Illuminate\\Container\\BoundMethod::callBoundMethod()
#16 /tmp/abdoElHodaky/larvrevrstender/services/auth-service/vendor/laravel/framework/src/Illuminate/Container/Container.php(799): Illuminate\\Container\\BoundMethod::call()
#17 /tmp/abdoElHodaky/larvrevrstender/services/auth-service/vendor/laravel/framework/src/Illuminate/Foundation/Application.php(1151): Illuminate\\Container\\Container->call()
#18 /tmp/abdoElHodaky/larvrevrstender/services/auth-service/vendor/laravel/framework/src/Illuminate/Foundation/Application.php(1132): Illuminate\\Foundation\\Application->bootProvider()
#19 [internal function]: Illuminate\\Foundation\\Application->Illuminate\\Foundation\\{closure}()
#20 /tmp/abdoElHodaky/larvrevrstender/services/auth-service/vendor/laravel/framework/src/Illuminate/Foundation/Application.php(1131): array_walk()
#21 /tmp/abdoElHodaky/larvrevrstender/services/auth-service/vendor/laravel/framework/src/Illuminate/Foundation/Bootstrap/BootProviders.php(17): Illuminate\\Foundation\\Application->boot()
#22 /tmp/abdoElHodaky/larvrevrstender/services/auth-service/vendor/laravel/framework/src/Illuminate/Foundation/Application.php(342): Illuminate\\Foundation\\Bootstrap\\BootProviders->bootstrap()
#23 /tmp/abdoElHodaky/larvrevrstender/services/auth-service/vendor/laravel/framework/src/Illuminate/Foundation/Console/Kernel.php(494): Illuminate\\Foundation\\Application->bootstrapWith()
#24 /tmp/abdoElHodaky/larvrevrstender/services/auth-service/vendor/laravel/framework/src/Illuminate/Foundation/Console/Kernel.php(196): Illuminate\\Foundation\\Console\\Kernel->bootstrap()
#25 /tmp/abdoElHodaky/larvrevrstender/services/auth-service/artisan(35): Illuminate\\Foundation\\Console\\Kernel->handle()
#26 {main}
"} 
[2026-03-16 11:25:28] local.INFO: Procedure registered {"name":"events","class":"Shared\\Procedures\\CrossServiceProcedure","type":"micro"} 
[2026-03-16 11:25:28] local.INFO: Procedure registered {"name":"cache","class":"Shared\\Procedures\\CrossServiceProcedure","type":"micro"} 
[2026-03-16 11:25:28] local.INFO: Procedure registered {"name":"notification","class":"Shared\\Procedures\\CrossServiceProcedure","type":"micro"} 
[2026-03-16 11:25:28] local.INFO: Procedure registered {"name":"validation","class":"Shared\\Procedures\\CrossServiceProcedure","type":"micro"} 
[2026-03-16 11:25:28] local.INFO: Procedure registered {"name":"security","class":"Shared\\Procedures\\CrossServiceProcedure","type":"micro"} 
[2026-03-16 11:25:28] local.INFO: Procedure registered {"name":"circuit_breaker","class":"Shared\\Procedures\\CrossServiceProcedure","type":"micro"} 
[2026-03-16 11:25:28] local.INFO: Procedure registered {"name":"queue_circuit_breaker","class":"Shared\\Procedures\\CrossServiceProcedure","type":"micro"} 
[2026-03-16 11:25:28] local.INFO: Procedure registered {"name":"third_party_integration","class":"Shared\\Procedures\\CrossServiceProcedure","type":"micro"} 
[2026-03-16 11:25:28] local.INFO: Procedure registered {"name":"workflow","class":"Shared\\Procedures\\CrossServiceProcedure","type":"macro"} 
[2026-03-16 11:25:28] local.ERROR: could not find driver (Connection: pgsql, Host: 127.0.0.1, Port: 5432, Database: auth_service, SQL: insert into "telescope_entries" ("batch_id", "content", "created_at", "family_hash", "type", "uuid") values (a14fff02-f64d-44ac-b45d-d01a2308b175, {"level":"info","message":"Procedure registered","context":{"name":"events","class":"Shared\\Procedures\\CrossServiceProcedure","type":"micro"},"hostname":"modal"}, 2026-03-16 11:25:28, ?, log, a14fff02-d3bd-4ade-96b1-394de863495a), (a14fff02-f64d-44ac-b45d-d01a2308b175, {"level":"info","message":"Procedure registered","context":{"name":"cache","class":"Shared\\Procedures\\CrossServiceProcedure","type":"micro"},"hostname":"modal"}, 2026-03-16 11:25:28, ?, log, a14fff02-d5c9-4a61-a8b0-6aaa3d04a89f), (a14fff02-f64d-44ac-b45d-d01a2308b175, {"level":"info","message":"Procedure registered","context":{"name":"notification","class":"Shared\\Procedures\\CrossServiceProcedure","type":"micro"},"hostname":"modal"}, 2026-03-16 11:25:28, ?, log, a14fff02-d5e9-4de3-b1b2-b27df9d70208), (a14fff02-f64d-44ac-b45d-d01a2308b175, {"level":"info","message":"Procedure registered","context":{"name":"validation","class":"Shared\\Procedures\\CrossServiceProcedure","type":"micro"},"hostname":"modal"}, 2026-03-16 11:25:28, ?, log, a14fff02-d605-4b53-af59-1c4c6b563b52), (a14fff02-f64d-44ac-b45d-d01a2308b175, {"level":"info","message":"Procedure registered","context":{"name":"security","class":"Shared\\Procedures\\CrossServiceProcedure","type":"micro"},"hostname":"modal"}, 2026-03-16 11:25:28, ?, log, a14fff02-d621-456e-aed5-9f96862d6875), (a14fff02-f64d-44ac-b45d-d01a2308b175, {"level":"info","message":"Procedure registered","context":{"name":"circuit_breaker","class":"Shared\\Procedures\\CrossServiceProcedure","type":"micro"},"hostname":"modal"}, 2026-03-16 11:25:28, ?, log, a14fff02-d639-45bd-bd78-de5026d7b2c4), (a14fff02-f64d-44ac-b45d-d01a2308b175, {"level":"info","message":"Procedure registered","context":{"name":"queue_circuit_breaker","class":"Shared\\Procedures\\CrossServiceProcedure","type":"micro"},"hostname":"modal"}, 2026-03-16 11:25:28, ?, log, a14fff02-d650-493d-bc88-894618423aeb), (a14fff02-f64d-44ac-b45d-d01a2308b175, {"level":"info","message":"Procedure registered","context":{"name":"third_party_integration","class":"Shared\\Procedures\\CrossServiceProcedure","type":"micro"},"hostname":"modal"}, 2026-03-16 11:25:28, ?, log, a14fff02-d666-4b9e-b68c-b6a76e951982), (a14fff02-f64d-44ac-b45d-d01a2308b175, {"level":"info","message":"Procedure registered","context":{"name":"workflow","class":"Shared\\Procedures\\CrossServiceProcedure","type":"macro"},"hostname":"modal"}, 2026-03-16 11:25:28, ?, log, a14fff02-d67e-4e4e-9343-640d23a404dc), (a14fff02-f64d-44ac-b45d-d01a2308b175, {"command":"config:clear","exit_code":0,"arguments":{"command":"config:clear"},"options":{"help":false,"silent":false,"quiet":false,"verbose":false,"version":false,"ansi":true,"no-interaction":false,"env":null},"hostname":"modal"}, 2026-03-16 11:25:28, ?, command, a14fff02-f5b5-47fe-a9b9-e61cc744a89b)) {"exception":"[object] (Illuminate\\Database\\QueryException(code: 0): could not find driver (Connection: pgsql, Host: 127.0.0.1, Port: 5432, Database: auth_service, SQL: insert into \"telescope_entries\" (\"batch_id\", \"content\", \"created_at\", \"family_hash\", \"type\", \"uuid\") values (a14fff02-f64d-44ac-b45d-d01a2308b175, {\"level\":\"info\",\"message\":\"Procedure registered\",\"context\":{\"name\":\"events\",\"class\":\"Shared\\\\Procedures\\\\CrossServiceProcedure\",\"type\":\"micro\"},\"hostname\":\"modal\"}, 2026-03-16 11:25:28, ?, log, a14fff02-d3bd-4ade-96b1-394de863495a), (a14fff02-f64d-44ac-b45d-d01a2308b175, {\"level\":\"info\",\"message\":\"Procedure registered\",\"context\":{\"name\":\"cache\",\"class\":\"Shared\\\\Procedures\\\\CrossServiceProcedure\",\"type\":\"micro\"},\"hostname\":\"modal\"}, 2026-03-16 11:25:28, ?, log, a14fff02-d5c9-4a61-a8b0-6aaa3d04a89f), (a14fff02-f64d-44ac-b45d-d01a2308b175, {\"level\":\"info\",\"message\":\"Procedure registered\",\"context\":{\"name\":\"notification\",\"class\":\"Shared\\\\Procedures\\\\CrossServiceProcedure\",\"type\":\"micro\"},\"hostname\":\"modal\"}, 2026-03-16 11:25:28, ?, log, a14fff02-d5e9-4de3-b1b2-b27df9d70208), (a14fff02-f64d-44ac-b45d-d01a2308b175, {\"level\":\"info\",\"message\":\"Procedure registered\",\"context\":{\"name\":\"validation\",\"class\":\"Shared\\\\Procedures\\\\CrossServiceProcedure\",\"type\":\"micro\"},\"hostname\":\"modal\"}, 2026-03-16 11:25:28, ?, log, a14fff02-d605-4b53-af59-1c4c6b563b52), (a14fff02-f64d-44ac-b45d-d01a2308b175, {\"level\":\"info\",\"message\":\"Procedure registered\",\"context\":{\"name\":\"security\",\"class\":\"Shared\\\\Procedures\\\\CrossServiceProcedure\",\"type\":\"micro\"},\"hostname\":\"modal\"}, 2026-03-16 11:25:28, ?, log, a14fff02-d621-456e-aed5-9f96862d6875), (a14fff02-f64d-44ac-b45d-d01a2308b175, {\"level\":\"info\",\"message\":\"Procedure registered\",\"context\":{\"name\":\"circuit_breaker\",\"class\":\"Shared\\\\Procedures\\\\CrossServiceProcedure\",\"type\":\"micro\"},\"hostname\":\"modal\"}, 2026-03-16 11:25:28, ?, log, a14fff02-d639-45bd-bd78-de5026d7b2c4), (a14fff02-f64d-44ac-b45d-d01a2308b175, {\"level\":\"info\",\"message\":\"Procedure registered\",\"context\":{\"name\":\"queue_circuit_breaker\",\"class\":\"Shared\\\\Procedures\\\\CrossServiceProcedure\",\"type\":\"micro\"},\"hostname\":\"modal\"}, 2026-03-16 11:25:28, ?, log, a14fff02-d650-493d-bc88-894618423aeb), (a14fff02-f64d-44ac-b45d-d01a2308b175, {\"level\":\"info\",\"message\":\"Procedure registered\",\"context\":{\"name\":\"third_party_integration\",\"class\":\"Shared\\\\Procedures\\\\CrossServiceProcedure\",\"type\":\"micro\"},\"hostname\":\"modal\"}, 2026-03-16 11:25:28, ?, log, a14fff02-d666-4b9e-b68c-b6a76e951982), (a14fff02-f64d-44ac-b45d-d01a2308b175, {\"level\":\"info\",\"message\":\"Procedure registered\",\"context\":{\"name\":\"workflow\",\"class\":\"Shared\\\\Procedures\\\\CrossServiceProcedure\",\"type\":\"macro\"},\"hostname\":\"modal\"}, 2026-03-16 11:25:28, ?, log, a14fff02-d67e-4e4e-9343-640d23a404dc), (a14fff02-f64d-44ac-b45d-d01a2308b175, {\"command\":\"config:clear\",\"exit_code\":0,\"arguments\":{\"command\":\"config:clear\"},\"options\":{\"help\":false,\"silent\":false,\"quiet\":false,\"verbose\":false,\"version\":false,\"ansi\":true,\"no-interaction\":false,\"env\":null},\"hostname\":\"modal\"}, 2026-03-16 11:25:28, ?, command, a14fff02-f5b5-47fe-a9b9-e61cc744a89b)) at /tmp/abdoElHodaky/larvrevrstender/services/auth-service/vendor/laravel/framework/src/Illuminate/Database/Connection.php:838)
[stacktrace]
#0 /tmp/abdoElHodaky/larvrevrstender/services/auth-service/vendor/laravel/framework/src/Illuminate/Database/Connection.php(794): Illuminate\\Database\\Connection->runQueryCallback()
#1 /tmp/abdoElHodaky/larvrevrstender/services/auth-service/vendor/laravel/framework/src/Illuminate/Database/Connection.php(573): Illuminate\\Database\\Connection->run()
#2 /tmp/abdoElHodaky/larvrevrstender/services/auth-service/vendor/laravel/framework/src/Illuminate/Database/Connection.php(537): Illuminate\\Database\\Connection->statement()
#3 /tmp/abdoElHodaky/larvrevrstender/services/auth-service/vendor/laravel/framework/src/Illuminate/Database/Query/Builder.php(4091): Illuminate\\Database\\Connection->insert()
#4 /tmp/abdoElHodaky/larvrevrstender/services/auth-service/vendor/laravel/telescope/src/Storage/DatabaseEntriesRepository.php(145): Illuminate\\Database\\Query\\Builder->insert()
#5 /tmp/abdoElHodaky/larvrevrstender/services/auth-service/vendor/laravel/framework/src/Illuminate/Collections/Traits/EnumeratesValues.php(275): Laravel\\Telescope\\Storage\\DatabaseEntriesRepository->Laravel\\Telescope\\Storage\\{closure}()
#6 /tmp/abdoElHodaky/larvrevrstender/services/auth-service/vendor/laravel/telescope/src/Storage/DatabaseEntriesRepository.php(144): Illuminate\\Support\\Collection->each()
#7 /tmp/abdoElHodaky/larvrevrstender/services/auth-service/vendor/laravel/telescope/src/Telescope.php(664): Laravel\\Telescope\\Storage\\DatabaseEntriesRepository->store()
#8 [internal function]: Laravel\\Telescope\\Telescope::Laravel\\Telescope\\{closure}()
#9 /tmp/abdoElHodaky/larvrevrstender/services/auth-service/vendor/laravel/telescope/src/Telescope.php(289): call_user_func()
#10 /tmp/abdoElHodaky/larvrevrstender/services/auth-service/vendor/laravel/telescope/src/Telescope.php(656): Laravel\\Telescope\\Telescope::withoutRecording()
#11 /tmp/abdoElHodaky/larvrevrstender/services/auth-service/vendor/laravel/telescope/src/ListensForStorageOpportunities.php(65): Laravel\\Telescope\\Telescope::store()
#12 /tmp/abdoElHodaky/larvrevrstender/services/auth-service/vendor/laravel/framework/src/Illuminate/Container/BoundMethod.php(36): Laravel\\Telescope\\Telescope::Laravel\\Telescope\\{closure}()
#13 /tmp/abdoElHodaky/larvrevrstender/services/auth-service/vendor/laravel/framework/src/Illuminate/Container/Util.php(43): Illuminate\\Container\\BoundMethod::Illuminate\\Container\\{closure}()
#14 /tmp/abdoElHodaky/larvrevrstender/services/auth-service/vendor/laravel/framework/src/Illuminate/Container/BoundMethod.php(84): Illuminate\\Container\\Util::unwrapIfClosure()
#15 /tmp/abdoElHodaky/larvrevrstender/services/auth-service/vendor/laravel/framework/src/Illuminate/Container/BoundMethod.php(35): Illuminate\\Container\\BoundMethod::callBoundMethod()
#16 /tmp/abdoElHodaky/larvrevrstender/services/auth-service/vendor/laravel/framework/src/Illuminate/Container/Container.php(799): Illuminate\\Container\\BoundMethod::call()
#17 /tmp/abdoElHodaky/larvrevrstender/services/auth-service/vendor/laravel/framework/src/Illuminate/Foundation/Application.php(1466): Illuminate\\Container\\Container->call()
#18 /tmp/abdoElHodaky/larvrevrstender/services/auth-service/vendor/laravel/framework/src/Illuminate/Foundation/Console/Kernel.php(219): Illuminate\\Foundation\\Application->terminate()
#19 /tmp/abdoElHodaky/larvrevrstender/services/auth-service/artisan(51): Illuminate\\Foundation\\Console\\Kernel->terminate()
#20 {main}

[previous exception] [object] (PDOException(code: 0): could not find driver at /tmp/abdoElHodaky/larvrevrstender/services/auth-service/vendor/laravel/framework/src/Illuminate/Database/Connectors/Connector.php:66)
[stacktrace]
#0 /tmp/abdoElHodaky/larvrevrstender/services/auth-service/vendor/laravel/framework/src/Illuminate/Database/Connectors/Connector.php(66): PDO->__construct()
#1 /tmp/abdoElHodaky/larvrevrstender/services/auth-service/vendor/laravel/framework/src/Illuminate/Database/Connectors/Connector.php(44): Illuminate\\Database\\Connectors\\Connector->createPdoConnection()
#2 /tmp/abdoElHodaky/larvrevrstender/services/auth-service/vendor/laravel/framework/src/Illuminate/Database/Connectors/PostgresConnector.php(35): Illuminate\\Database\\Connectors\\Connector->createConnection()
#3 /tmp/abdoElHodaky/larvrevrstender/services/auth-service/vendor/laravel/framework/src/Illuminate/Database/Connectors/ConnectionFactory.php(186): Illuminate\\Database\\Connectors\\PostgresConnector->connect()
#4 [internal function]: Illuminate\\Database\\Connectors\\ConnectionFactory->Illuminate\\Database\\Connectors\\{closure}()
#5 /tmp/abdoElHodaky/larvrevrstender/services/auth-service/vendor/laravel/framework/src/Illuminate/Database/Connection.php(1257): call_user_func()
#6 /tmp/abdoElHodaky/larvrevrstender/services/auth-service/vendor/laravel/framework/src/Illuminate/Database/Connection.php(578): Illuminate\\Database\\Connection->getPdo()
#7 /tmp/abdoElHodaky/larvrevrstender/services/auth-service/vendor/laravel/framework/src/Illuminate/Database/Connection.php(827): Illuminate\\Database\\Connection->Illuminate\\Database\\{closure}()
#8 /tmp/abdoElHodaky/larvrevrstender/services/auth-service/vendor/laravel/framework/src/Illuminate/Database/Connection.php(794): Illuminate\\Database\\Connection->runQueryCallback()
#9 /tmp/abdoElHodaky/larvrevrstender/services/auth-service/vendor/laravel/framework/src/Illuminate/Database/Connection.php(573): Illuminate\\Database\\Connection->run()
#10 /tmp/abdoElHodaky/larvrevrstender/services/auth-service/vendor/laravel/framework/src/Illuminate/Database/Connection.php(537): Illuminate\\Database\\Connection->statement()
#11 /tmp/abdoElHodaky/larvrevrstender/services/auth-service/vendor/laravel/framework/src/Illuminate/Database/Query/Builder.php(4091): Illuminate\\Database\\Connection->insert()
#12 /tmp/abdoElHodaky/larvrevrstender/services/auth-service/vendor/laravel/telescope/src/Storage/DatabaseEntriesRepository.php(145): Illuminate\\Database\\Query\\Builder->insert()
#13 /tmp/abdoElHodaky/larvrevrstender/services/auth-service/vendor/laravel/framework/src/Illuminate/Collections/Traits/EnumeratesValues.php(275): Laravel\\Telescope\\Storage\\DatabaseEntriesRepository->Laravel\\Telescope\\Storage\\{closure}()
#14 /tmp/abdoElHodaky/larvrevrstender/services/auth-service/vendor/laravel/telescope/src/Storage/DatabaseEntriesRepository.php(144): Illuminate\\Support\\Collection->each()
#15 /tmp/abdoElHodaky/larvrevrstender/services/auth-service/vendor/laravel/telescope/src/Telescope.php(664): Laravel\\Telescope\\Storage\\DatabaseEntriesRepository->store()
#16 [internal function]: Laravel\\Telescope\\Telescope::Laravel\\Telescope\\{closure}()
#17 /tmp/abdoElHodaky/larvrevrstender/services/auth-service/vendor/laravel/telescope/src/Telescope.php(289): call_user_func()
#18 /tmp/abdoElHodaky/larvrevrstender/services/auth-service/vendor/laravel/telescope/src/Telescope.php(656): Laravel\\Telescope\\Telescope::withoutRecording()
#19 /tmp/abdoElHodaky/larvrevrstender/services/auth-service/vendor/laravel/telescope/src/ListensForStorageOpportunities.php(65): Laravel\\Telescope\\Telescope::store()
#20 /tmp/abdoElHodaky/larvrevrstender/services/auth-service/vendor/laravel/framework/src/Illuminate/Container/BoundMethod.php(36): Laravel\\Telescope\\Telescope::Laravel\\Telescope\\{closure}()
#21 /tmp/abdoElHodaky/larvrevrstender/services/auth-service/vendor/laravel/framework/src/Illuminate/Container/Util.php(43): Illuminate\\Container\\BoundMethod::Illuminate\\Container\\{closure}()
#22 /tmp/abdoElHodaky/larvrevrstender/services/auth-service/vendor/laravel/framework/src/Illuminate/Container/BoundMethod.php(84): Illuminate\\Container\\Util::unwrapIfClosure()
#23 /tmp/abdoElHodaky/larvrevrstender/services/auth-service/vendor/laravel/framework/src/Illuminate/Container/BoundMethod.php(35): Illuminate\\Container\\BoundMethod::callBoundMethod()
#24 /tmp/abdoElHodaky/larvrevrstender/services/auth-service/vendor/laravel/framework/src/Illuminate/Container/Container.php(799): Illuminate\\Container\\BoundMethod::call()
#25 /tmp/abdoElHodaky/larvrevrstender/services/auth-service/vendor/laravel/framework/src/Illuminate/Foundation/Application.php(1466): Illuminate\\Container\\Container->call()
#26 /tmp/abdoElHodaky/larvrevrstender/services/auth-service/vendor/laravel/framework/src/Illuminate/Foundation/Console/Kernel.php(219): Illuminate\\Foundation\\Application->terminate()
#27 /tmp/abdoElHodaky/larvrevrstender/services/auth-service/artisan(51): Illuminate\\Foundation\\Console\\Kernel->terminate()
#28 {main}
"} 
[2026-03-16 11:25:28] local.INFO: Procedure registered {"name":"events","class":"Shared\\Procedures\\CrossServiceProcedure","type":"micro"} 
[2026-03-16 11:25:28] local.INFO: Procedure registered {"name":"cache","class":"Shared\\Procedures\\CrossServiceProcedure","type":"micro"} 
[2026-03-16 11:25:28] local.INFO: Procedure registered {"name":"notification","class":"Shared\\Procedures\\CrossServiceProcedure","type":"micro"} 
[2026-03-16 11:25:28] local.INFO: Procedure registered {"name":"validation","class":"Shared\\Procedures\\CrossServiceProcedure","type":"micro"} 
[2026-03-16 11:25:28] local.INFO: Procedure registered {"name":"security","class":"Shared\\Procedures\\CrossServiceProcedure","type":"micro"} 
[2026-03-16 11:25:28] local.INFO: Procedure registered {"name":"circuit_breaker","class":"Shared\\Procedures\\CrossServiceProcedure","type":"micro"} 
[2026-03-16 11:25:28] local.INFO: Procedure registered {"name":"queue_circuit_breaker","class":"Shared\\Procedures\\CrossServiceProcedure","type":"micro"} 
[2026-03-16 11:25:28] local.INFO: Procedure registered {"name":"third_party_integration","class":"Shared\\Procedures\\CrossServiceProcedure","type":"micro"} 
[2026-03-16 11:25:28] local.INFO: Procedure registered {"name":"workflow","class":"Shared\\Procedures\\CrossServiceProcedure","type":"macro"} 
[2026-03-16 11:25:29] testing.INFO: Procedure registered {"name":"events","class":"Shared\\Procedures\\CrossServiceProcedure","type":"micro"} 
[2026-03-16 11:25:29] testing.INFO: Procedure registered {"name":"cache","class":"Shared\\Procedures\\CrossServiceProcedure","type":"micro"} 
[2026-03-16 11:25:29] testing.INFO: Procedure registered {"name":"notification","class":"Shared\\Procedures\\CrossServiceProcedure","type":"micro"} 
[2026-03-16 11:25:29] testing.INFO: Procedure registered {"name":"validation","class":"Shared\\Procedures\\CrossServiceProcedure","type":"micro"} 
[2026-03-16 11:25:29] testing.INFO: Procedure registered {"name":"security","class":"Shared\\Procedures\\CrossServiceProcedure","type":"micro"} 
[2026-03-16 11:25:29] testing.INFO: Procedure registered {"name":"circuit_breaker","class":"Shared\\Procedures\\CrossServiceProcedure","type":"micro"} 
[2026-03-16 11:25:29] testing.INFO: Procedure registered {"name":"queue_circuit_breaker","class":"Shared\\Procedures\\CrossServiceProcedure","type":"micro"} 
[2026-03-16 11:25:29] testing.INFO: Procedure registered {"name":"third_party_integration","class":"Shared\\Procedures\\CrossServiceProcedure","type":"micro"} 
[2026-03-16 11:25:29] testing.INFO: Procedure registered {"name":"workflow","class":"Shared\\Procedures\\CrossServiceProcedure","type":"macro"} 
[2026-03-16 11:25:29] testing.INFO: Procedure registered {"name":"events","class":"Shared\\Procedures\\CrossServiceProcedure","type":"micro"} 
[2026-03-16 11:25:29] testing.INFO: Procedure registered {"name":"cache","class":"Shared\\Procedures\\CrossServiceProcedure","type":"micro"} 
[2026-03-16 11:25:29] testing.INFO: Procedure registered {"name":"notification","class":"Shared\\Procedures\\CrossServiceProcedure","type":"micro"} 
[2026-03-16 11:25:29] testing.INFO: Procedure registered {"name":"validation","class":"Shared\\Procedures\\CrossServiceProcedure","type":"micro"} 
[2026-03-16 11:25:29] testing.INFO: Procedure registered {"name":"security","class":"Shared\\Procedures\\CrossServiceProcedure","type":"micro"} 
[2026-03-16 11:25:29] testing.INFO: Procedure registered {"name":"circuit_breaker","class":"Shared\\Procedures\\CrossServiceProcedure","type":"micro"} 
[2026-03-16 11:25:29] testing.INFO: Procedure registered {"name":"queue_circuit_breaker","class":"Shared\\Procedures\\CrossServiceProcedure","type":"micro"} 
[2026-03-16 11:25:29] testing.INFO: Procedure registered {"name":"third_party_integration","class":"Shared\\Procedures\\CrossServiceProcedure","type":"micro"} 
[2026-03-16 11:25:29] testing.INFO: Procedure registered {"name":"workflow","class":"Shared\\Procedures\\CrossServiceProcedure","type":"macro"} 
[2026-03-16 11:25:29] testing.ERROR: Registration failed: Phone number already registered  
[2026-03-16 11:25:29] testing.INFO: Procedure registered {"name":"events","class":"Shared\\Procedures\\CrossServiceProcedure","type":"micro"} 
[2026-03-16 11:25:29] testing.INFO: Procedure registered {"name":"cache","class":"Shared\\Procedures\\CrossServiceProcedure","type":"micro"} 
[2026-03-16 11:25:29] testing.INFO: Procedure registered {"name":"notification","class":"Shared\\Procedures\\CrossServiceProcedure","type":"micro"} 
[2026-03-16 11:25:29] testing.INFO: Procedure registered {"name":"validation","class":"Shared\\Procedures\\CrossServiceProcedure","type":"micro"} 
[2026-03-16 11:25:29] testing.INFO: Procedure registered {"name":"security","class":"Shared\\Procedures\\CrossServiceProcedure","type":"micro"} 
[2026-03-16 11:25:29] testing.INFO: Procedure registered {"name":"circuit_breaker","class":"Shared\\Procedures\\CrossServiceProcedure","type":"micro"} 
[2026-03-16 11:25:29] testing.INFO: Procedure registered {"name":"queue_circuit_breaker","class":"Shared\\Procedures\\CrossServiceProcedure","type":"micro"} 
[2026-03-16 11:25:29] testing.INFO: Procedure registered {"name":"third_party_integration","class":"Shared\\Procedures\\CrossServiceProcedure","type":"micro"} 
[2026-03-16 11:25:29] testing.INFO: Procedure registered {"name":"workflow","class":"Shared\\Procedures\\CrossServiceProcedure","type":"macro"} 
[2026-03-16 11:25:29] testing.WARNING: Token creation failed, using fallback {"error":"Call to undefined method App\\Models\\User::createToken()"} 
[2026-03-16 11:25:29] testing.INFO: User logged in successfully {"user_id":1,"ip":"127.0.0.1","user_agent":"Symfony"} 
[2026-03-16 11:25:29] testing.INFO: Procedure registered {"name":"events","class":"Shared\\Procedures\\CrossServiceProcedure","type":"micro"} 
[2026-03-16 11:25:29] testing.INFO: Procedure registered {"name":"cache","class":"Shared\\Procedures\\CrossServiceProcedure","type":"micro"} 
[2026-03-16 11:25:29] testing.INFO: Procedure registered {"name":"notification","class":"Shared\\Procedures\\CrossServiceProcedure","type":"micro"} 
[2026-03-16 11:25:29] testing.INFO: Procedure registered {"name":"validation","class":"Shared\\Procedures\\CrossServiceProcedure","type":"micro"} 
[2026-03-16 11:25:29] testing.INFO: Procedure registered {"name":"security","class":"Shared\\Procedures\\CrossServiceProcedure","type":"micro"} 
[2026-03-16 11:25:29] testing.INFO: Procedure registered {"name":"circuit_breaker","class":"Shared\\Procedures\\CrossServiceProcedure","type":"micro"} 
[2026-03-16 11:25:29] testing.INFO: Procedure registered {"name":"queue_circuit_breaker","class":"Shared\\Procedures\\CrossServiceProcedure","type":"micro"} 
[2026-03-16 11:25:29] testing.INFO: Procedure registered {"name":"third_party_integration","class":"Shared\\Procedures\\CrossServiceProcedure","type":"micro"} 
[2026-03-16 11:25:29] testing.INFO: Procedure registered {"name":"workflow","class":"Shared\\Procedures\\CrossServiceProcedure","type":"macro"} 
[2026-03-16 11:25:29] testing.WARNING: Login attempt failed {"identifier":"+966501234567","ip":"127.0.0.1","error":"Account is not active"} 
[2026-03-16 11:25:29] testing.INFO: Procedure registered {"name":"events","class":"Shared\\Procedures\\CrossServiceProcedure","type":"micro"} 
[2026-03-16 11:25:29] testing.INFO: Procedure registered {"name":"cache","class":"Shared\\Procedures\\CrossServiceProcedure","type":"micro"} 
[2026-03-16 11:25:29] testing.INFO: Procedure registered {"name":"notification","class":"Shared\\Procedures\\CrossServiceProcedure","type":"micro"} 
[2026-03-16 11:25:29] testing.INFO: Procedure registered {"name":"validation","class":"Shared\\Procedures\\CrossServiceProcedure","type":"micro"} 
[2026-03-16 11:25:29] testing.INFO: Procedure registered {"name":"security","class":"Shared\\Procedures\\CrossServiceProcedure","type":"micro"} 
[2026-03-16 11:25:29] testing.INFO: Procedure registered {"name":"circuit_breaker","class":"Shared\\Procedures\\CrossServiceProcedure","type":"micro"} 
[2026-03-16 11:25:29] testing.INFO: Procedure registered {"name":"queue_circuit_breaker","class":"Shared\\Procedures\\CrossServiceProcedure","type":"micro"} 
[2026-03-16 11:25:29] testing.INFO: Procedure registered {"name":"third_party_integration","class":"Shared\\Procedures\\CrossServiceProcedure","type":"micro"} 
[2026-03-16 11:25:29] testing.INFO: Procedure registered {"name":"workflow","class":"Shared\\Procedures\\CrossServiceProcedure","type":"macro"} 
[2026-03-16 11:25:29] testing.INFO: Procedure registered {"name":"events","class":"Shared\\Procedures\\CrossServiceProcedure","type":"micro"} 
[2026-03-16 11:25:29] testing.INFO: Procedure registered {"name":"cache","class":"Shared\\Procedures\\CrossServiceProcedure","type":"micro"} 
[2026-03-16 11:25:29] testing.INFO: Procedure registered {"name":"notification","class":"Shared\\Procedures\\CrossServiceProcedure","type":"micro"} 
[2026-03-16 11:25:29] testing.INFO: Procedure registered {"name":"validation","class":"Shared\\Procedures\\CrossServiceProcedure","type":"micro"} 
[2026-03-16 11:25:29] testing.INFO: Procedure registered {"name":"security","class":"Shared\\Procedures\\CrossServiceProcedure","type":"micro"} 
[2026-03-16 11:25:29] testing.INFO: Procedure registered {"name":"circuit_breaker","class":"Shared\\Procedures\\CrossServiceProcedure","type":"micro"} 
[2026-03-16 11:25:29] testing.INFO: Procedure registered {"name":"queue_circuit_breaker","class":"Shared\\Procedures\\CrossServiceProcedure","type":"micro"} 
[2026-03-16 11:25:29] testing.INFO: Procedure registered {"name":"third_party_integration","class":"Shared\\Procedures\\CrossServiceProcedure","type":"micro"} 
[2026-03-16 11:25:29] testing.INFO: Procedure registered {"name":"workflow","class":"Shared\\Procedures\\CrossServiceProcedure","type":"macro"} 
[2026-03-16 11:25:29] testing.WARNING: Token creation failed, using fallback {"error":"Call to undefined method App\\Models\\User::createToken()"} 
[2026-03-16 11:25:29] testing.INFO: User logged in successfully {"user_id":1,"ip":"127.0.0.1","user_agent":"Symfony"} 
[2026-03-16 11:25:29] testing.WARNING: Token creation failed, using fallback {"error":"Call to undefined method App\\Models\\User::createToken()"} 
[2026-03-16 11:25:29] testing.INFO: User logged in successfully {"user_id":1,"ip":"127.0.0.1","user_agent":"Symfony"} 
[2026-03-16 11:25:29] local.ERROR: could not find driver (Connection: pgsql, Host: 127.0.0.1, Port: 5432, Database: auth_service, SQL: insert into "telescope_entries" ("batch_id", "content", "created_at", "family_hash", "type", "uuid") values (a14fff04-6e56-46ff-a562-fdc5761e3251, {"level":"info","message":"Procedure registered","context":{"name":"events","class":"Shared\\Procedures\\CrossServiceProcedure","type":"micro"},"hostname":"modal"}, 2026-03-16 11:25:28, ?, log, a14fff03-5811-4536-b6d9-63ea6c663dd7), (a14fff04-6e56-46ff-a562-fdc5761e3251, {"level":"info","message":"Procedure registered","context":{"name":"cache","class":"Shared\\Procedures\\CrossServiceProcedure","type":"micro"},"hostname":"modal"}, 2026-03-16 11:25:28, ?, log, a14fff03-5a07-417c-a312-558db70d2b8e), (a14fff04-6e56-46ff-a562-fdc5761e3251, {"level":"info","message":"Procedure registered","context":{"name":"notification","class":"Shared\\Procedures\\CrossServiceProcedure","type":"micro"},"hostname":"modal"}, 2026-03-16 11:25:28, ?, log, a14fff03-5a29-4625-982a-e496dae1e232), (a14fff04-6e56-46ff-a562-fdc5761e3251, {"level":"info","message":"Procedure registered","context":{"name":"validation","class":"Shared\\Procedures\\CrossServiceProcedure","type":"micro"},"hostname":"modal"}, 2026-03-16 11:25:28, ?, log, a14fff03-5a45-4754-9cba-acebf64af18d), (a14fff04-6e56-46ff-a562-fdc5761e3251, {"level":"info","message":"Procedure registered","context":{"name":"security","class":"Shared\\Procedures\\CrossServiceProcedure","type":"micro"},"hostname":"modal"}, 2026-03-16 11:25:28, ?, log, a14fff03-5a5f-4200-8ff7-b127c1a4ca70), (a14fff04-6e56-46ff-a562-fdc5761e3251, {"level":"info","message":"Procedure registered","context":{"name":"circuit_breaker","class":"Shared\\Procedures\\CrossServiceProcedure","type":"micro"},"hostname":"modal"}, 2026-03-16 11:25:28, ?, log, a14fff03-5a79-452a-b885-a2f57204131f), (a14fff04-6e56-46ff-a562-fdc5761e3251, {"level":"info","message":"Procedure registered","context":{"name":"queue_circuit_breaker","class":"Shared\\Procedures\\CrossServiceProcedure","type":"micro"},"hostname":"modal"}, 2026-03-16 11:25:28, ?, log, a14fff03-5a91-41f3-a3ea-56383aa8eaeb), (a14fff04-6e56-46ff-a562-fdc5761e3251, {"level":"info","message":"Procedure registered","context":{"name":"third_party_integration","class":"Shared\\Procedures\\CrossServiceProcedure","type":"micro"},"hostname":"modal"}, 2026-03-16 11:25:28, ?, log, a14fff03-5aa7-4304-a48e-4d0e1b701d86), (a14fff04-6e56-46ff-a562-fdc5761e3251, {"level":"info","message":"Procedure registered","context":{"name":"workflow","class":"Shared\\Procedures\\CrossServiceProcedure","type":"macro"},"hostname":"modal"}, 2026-03-16 11:25:28, ?, log, a14fff03-5abd-4b9b-93fa-676e76ff1d93), (a14fff04-6e56-46ff-a562-fdc5761e3251, {"command":"test","exit_code":0,"arguments":{"command":"test"},"options":{"without-tty":false,"compact":false,"coverage":false,"min":null,"parallel":false,"profile":false,"recreate-databases":false,"drop-databases":false,"without-databases":false,"help":false,"silent":false,"quiet":false,"verbose":false,"version":false,"ansi":null,"no-interaction":false,"env":null},"hostname":"modal"}, 2026-03-16 11:25:29, ?, command, a14fff04-6d72-48e0-9870-c6bec41ca0bb)) {"exception":"[object] (Illuminate\\Database\\QueryException(code: 0): could not find driver (Connection: pgsql, Host: 127.0.0.1, Port: 5432, Database: auth_service, SQL: insert into \"telescope_entries\" (\"batch_id\", \"content\", \"created_at\", \"family_hash\", \"type\", \"uuid\") values (a14fff04-6e56-46ff-a562-fdc5761e3251, {\"level\":\"info\",\"message\":\"Procedure registered\",\"context\":{\"name\":\"events\",\"class\":\"Shared\\\\Procedures\\\\CrossServiceProcedure\",\"type\":\"micro\"},\"hostname\":\"modal\"}, 2026-03-16 11:25:28, ?, log, a14fff03-5811-4536-b6d9-63ea6c663dd7), (a14fff04-6e56-46ff-a562-fdc5761e3251, {\"level\":\"info\",\"message\":\"Procedure registered\",\"context\":{\"name\":\"cache\",\"class\":\"Shared\\\\Procedures\\\\CrossServiceProcedure\",\"type\":\"micro\"},\"hostname\":\"modal\"}, 2026-03-16 11:25:28, ?, log, a14fff03-5a07-417c-a312-558db70d2b8e), (a14fff04-6e56-46ff-a562-fdc5761e3251, {\"level\":\"info\",\"message\":\"Procedure registered\",\"context\":{\"name\":\"notification\",\"class\":\"Shared\\\\Procedures\\\\CrossServiceProcedure\",\"type\":\"micro\"},\"hostname\":\"modal\"}, 2026-03-16 11:25:28, ?, log, a14fff03-5a29-4625-982a-e496dae1e232), (a14fff04-6e56-46ff-a562-fdc5761e3251, {\"level\":\"info\",\"message\":\"Procedure registered\",\"context\":{\"name\":\"validation\",\"class\":\"Shared\\\\Procedures\\\\CrossServiceProcedure\",\"type\":\"micro\"},\"hostname\":\"modal\"}, 2026-03-16 11:25:28, ?, log, a14fff03-5a45-4754-9cba-acebf64af18d), (a14fff04-6e56-46ff-a562-fdc5761e3251, {\"level\":\"info\",\"message\":\"Procedure registered\",\"context\":{\"name\":\"security\",\"class\":\"Shared\\\\Procedures\\\\CrossServiceProcedure\",\"type\":\"micro\"},\"hostname\":\"modal\"}, 2026-03-16 11:25:28, ?, log, a14fff03-5a5f-4200-8ff7-b127c1a4ca70), (a14fff04-6e56-46ff-a562-fdc5761e3251, {\"level\":\"info\",\"message\":\"Procedure registered\",\"context\":{\"name\":\"circuit_breaker\",\"class\":\"Shared\\\\Procedures\\\\CrossServiceProcedure\",\"type\":\"micro\"},\"hostname\":\"modal\"}, 2026-03-16 11:25:28, ?, log, a14fff03-5a79-452a-b885-a2f57204131f), (a14fff04-6e56-46ff-a562-fdc5761e3251, {\"level\":\"info\",\"message\":\"Procedure registered\",\"context\":{\"name\":\"queue_circuit_breaker\",\"class\":\"Shared\\\\Procedures\\\\CrossServiceProcedure\",\"type\":\"micro\"},\"hostname\":\"modal\"}, 2026-03-16 11:25:28, ?, log, a14fff03-5a91-41f3-a3ea-56383aa8eaeb), (a14fff04-6e56-46ff-a562-fdc5761e3251, {\"level\":\"info\",\"message\":\"Procedure registered\",\"context\":{\"name\":\"third_party_integration\",\"class\":\"Shared\\\\Procedures\\\\CrossServiceProcedure\",\"type\":\"micro\"},\"hostname\":\"modal\"}, 2026-03-16 11:25:28, ?, log, a14fff03-5aa7-4304-a48e-4d0e1b701d86), (a14fff04-6e56-46ff-a562-fdc5761e3251, {\"level\":\"info\",\"message\":\"Procedure registered\",\"context\":{\"name\":\"workflow\",\"class\":\"Shared\\\\Procedures\\\\CrossServiceProcedure\",\"type\":\"macro\"},\"hostname\":\"modal\"}, 2026-03-16 11:25:28, ?, log, a14fff03-5abd-4b9b-93fa-676e76ff1d93), (a14fff04-6e56-46ff-a562-fdc5761e3251, {\"command\":\"test\",\"exit_code\":0,\"arguments\":{\"command\":\"test\"},\"options\":{\"without-tty\":false,\"compact\":false,\"coverage\":false,\"min\":null,\"parallel\":false,\"profile\":false,\"recreate-databases\":false,\"drop-databases\":false,\"without-databases\":false,\"help\":false,\"silent\":false,\"quiet\":false,\"verbose\":false,\"version\":false,\"ansi\":null,\"no-interaction\":false,\"env\":null},\"hostname\":\"modal\"}, 2026-03-16 11:25:29, ?, command, a14fff04-6d72-48e0-9870-c6bec41ca0bb)) at /tmp/abdoElHodaky/larvrevrstender/services/auth-service/vendor/laravel/framework/src/Illuminate/Database/Connection.php:838)
[stacktrace]
#0 /tmp/abdoElHodaky/larvrevrstender/services/auth-service/vendor/laravel/framework/src/Illuminate/Database/Connection.php(794): Illuminate\\Database\\Connection->runQueryCallback()
#1 /tmp/abdoElHodaky/larvrevrstender/services/auth-service/vendor/laravel/framework/src/Illuminate/Database/Connection.php(573): Illuminate\\Database\\Connection->run()
#2 /tmp/abdoElHodaky/larvrevrstender/services/auth-service/vendor/laravel/framework/src/Illuminate/Database/Connection.php(537): Illuminate\\Database\\Connection->statement()
#3 /tmp/abdoElHodaky/larvrevrstender/services/auth-service/vendor/laravel/framework/src/Illuminate/Database/Query/Builder.php(4091): Illuminate\\Database\\Connection->insert()
#4 /tmp/abdoElHodaky/larvrevrstender/services/auth-service/vendor/laravel/telescope/src/Storage/DatabaseEntriesRepository.php(145): Illuminate\\Database\\Query\\Builder->insert()
#5 /tmp/abdoElHodaky/larvrevrstender/services/auth-service/vendor/laravel/framework/src/Illuminate/Collections/Traits/EnumeratesValues.php(275): Laravel\\Telescope\\Storage\\DatabaseEntriesRepository->Laravel\\Telescope\\Storage\\{closure}()
#6 /tmp/abdoElHodaky/larvrevrstender/services/auth-service/vendor/laravel/telescope/src/Storage/DatabaseEntriesRepository.php(144): Illuminate\\Support\\Collection->each()
#7 /tmp/abdoElHodaky/larvrevrstender/services/auth-service/vendor/laravel/telescope/src/Telescope.php(664): Laravel\\Telescope\\Storage\\DatabaseEntriesRepository->store()
#8 [internal function]: Laravel\\Telescope\\Telescope::Laravel\\Telescope\\{closure}()
#9 /tmp/abdoElHodaky/larvrevrstender/services/auth-service/vendor/laravel/telescope/src/Telescope.php(289): call_user_func()
#10 /tmp/abdoElHodaky/larvrevrstender/services/auth-service/vendor/laravel/telescope/src/Telescope.php(656): Laravel\\Telescope\\Telescope::withoutRecording()
#11 /tmp/abdoElHodaky/larvrevrstender/services/auth-service/vendor/laravel/telescope/src/ListensForStorageOpportunities.php(65): Laravel\\Telescope\\Telescope::store()
#12 /tmp/abdoElHodaky/larvrevrstender/services/auth-service/vendor/laravel/framework/src/Illuminate/Container/BoundMethod.php(36): Laravel\\Telescope\\Telescope::Laravel\\Telescope\\{closure}()
#13 /tmp/abdoElHodaky/larvrevrstender/services/auth-service/vendor/laravel/framework/src/Illuminate/Container/Util.php(43): Illuminate\\Container\\BoundMethod::Illuminate\\Container\\{closure}()
#14 /tmp/abdoElHodaky/larvrevrstender/services/auth-service/vendor/laravel/framework/src/Illuminate/Container/BoundMethod.php(84): Illuminate\\Container\\Util::unwrapIfClosure()
#15 /tmp/abdoElHodaky/larvrevrstender/services/auth-service/vendor/laravel/framework/src/Illuminate/Container/BoundMethod.php(35): Illuminate\\Container\\BoundMethod::callBoundMethod()
#16 /tmp/abdoElHodaky/larvrevrstender/services/auth-service/vendor/laravel/framework/src/Illuminate/Container/Container.php(799): Illuminate\\Container\\BoundMethod::call()
#17 /tmp/abdoElHodaky/larvrevrstender/services/auth-service/vendor/laravel/framework/src/Illuminate/Foundation/Application.php(1466): Illuminate\\Container\\Container->call()
#18 /tmp/abdoElHodaky/larvrevrstender/services/auth-service/vendor/laravel/framework/src/Illuminate/Foundation/Console/Kernel.php(219): Illuminate\\Foundation\\Application->terminate()
#19 /tmp/abdoElHodaky/larvrevrstender/services/auth-service/artisan(51): Illuminate\\Foundation\\Console\\Kernel->terminate()
#20 {main}

[previous exception] [object] (PDOException(code: 0): could not find driver at /tmp/abdoElHodaky/larvrevrstender/services/auth-service/vendor/laravel/framework/src/Illuminate/Database/Connectors/Connector.php:66)
[stacktrace]
#0 /tmp/abdoElHodaky/larvrevrstender/services/auth-service/vendor/laravel/framework/src/Illuminate/Database/Connectors/Connector.php(66): PDO->__construct()
#1 /tmp/abdoElHodaky/larvrevrstender/services/auth-service/vendor/laravel/framework/src/Illuminate/Database/Connectors/Connector.php(44): Illuminate\\Database\\Connectors\\Connector->createPdoConnection()
#2 /tmp/abdoElHodaky/larvrevrstender/services/auth-service/vendor/laravel/framework/src/Illuminate/Database/Connectors/PostgresConnector.php(35): Illuminate\\Database\\Connectors\\Connector->createConnection()
#3 /tmp/abdoElHodaky/larvrevrstender/services/auth-service/vendor/laravel/framework/src/Illuminate/Database/Connectors/ConnectionFactory.php(186): Illuminate\\Database\\Connectors\\PostgresConnector->connect()
#4 [internal function]: Illuminate\\Database\\Connectors\\ConnectionFactory->Illuminate\\Database\\Connectors\\{closure}()
#5 /tmp/abdoElHodaky/larvrevrstender/services/auth-service/vendor/laravel/framework/src/Illuminate/Database/Connection.php(1257): call_user_func()
#6 /tmp/abdoElHodaky/larvrevrstender/services/auth-service/vendor/laravel/framework/src/Illuminate/Database/Connection.php(578): Illuminate\\Database\\Connection->getPdo()
#7 /tmp/abdoElHodaky/larvrevrstender/services/auth-service/vendor/laravel/framework/src/Illuminate/Database/Connection.php(827): Illuminate\\Database\\Connection->Illuminate\\Database\\{closure}()
#8 /tmp/abdoElHodaky/larvrevrstender/services/auth-service/vendor/laravel/framework/src/Illuminate/Database/Connection.php(794): Illuminate\\Database\\Connection->runQueryCallback()
#9 /tmp/abdoElHodaky/larvrevrstender/services/auth-service/vendor/laravel/framework/src/Illuminate/Database/Connection.php(573): Illuminate\\Database\\Connection->run()
#10 /tmp/abdoElHodaky/larvrevrstender/services/auth-service/vendor/laravel/framework/src/Illuminate/Database/Connection.php(537): Illuminate\\Database\\Connection->statement()
#11 /tmp/abdoElHodaky/larvrevrstender/services/auth-service/vendor/laravel/framework/src/Illuminate/Database/Query/Builder.php(4091): Illuminate\\Database\\Connection->insert()
#12 /tmp/abdoElHodaky/larvrevrstender/services/auth-service/vendor/laravel/telescope/src/Storage/DatabaseEntriesRepository.php(145): Illuminate\\Database\\Query\\Builder->insert()
#13 /tmp/abdoElHodaky/larvrevrstender/services/auth-service/vendor/laravel/framework/src/Illuminate/Collections/Traits/EnumeratesValues.php(275): Laravel\\Telescope\\Storage\\DatabaseEntriesRepository->Laravel\\Telescope\\Storage\\{closure}()
#14 /tmp/abdoElHodaky/larvrevrstender/services/auth-service/vendor/laravel/telescope/src/Storage/DatabaseEntriesRepository.php(144): Illuminate\\Support\\Collection->each()
#15 /tmp/abdoElHodaky/larvrevrstender/services/auth-service/vendor/laravel/telescope/src/Telescope.php(664): Laravel\\Telescope\\Storage\\DatabaseEntriesRepository->store()
#16 [internal function]: Laravel\\Telescope\\Telescope::Laravel\\Telescope\\{closure}()
#17 /tmp/abdoElHodaky/larvrevrstender/services/auth-service/vendor/laravel/telescope/src/Telescope.php(289): call_user_func()
#18 /tmp/abdoElHodaky/larvrevrstender/services/auth-service/vendor/laravel/telescope/src/Telescope.php(656): Laravel\\Telescope\\Telescope::withoutRecording()
#19 /tmp/abdoElHodaky/larvrevrstender/services/auth-service/vendor/laravel/telescope/src/ListensForStorageOpportunities.php(65): Laravel\\Telescope\\Telescope::store()
#20 /tmp/abdoElHodaky/larvrevrstender/services/auth-service/vendor/laravel/framework/src/Illuminate/Container/BoundMethod.php(36): Laravel\\Telescope\\Telescope::Laravel\\Telescope\\{closure}()
#21 /tmp/abdoElHodaky/larvrevrstender/services/auth-service/vendor/laravel/framework/src/Illuminate/Container/Util.php(43): Illuminate\\Container\\BoundMethod::Illuminate\\Container\\{closure}()
#22 /tmp/abdoElHodaky/larvrevrstender/services/auth-service/vendor/laravel/framework/src/Illuminate/Container/BoundMethod.php(84): Illuminate\\Container\\Util::unwrapIfClosure()
#23 /tmp/abdoElHodaky/larvrevrstender/services/auth-service/vendor/laravel/framework/src/Illuminate/Container/BoundMethod.php(35): Illuminate\\Container\\BoundMethod::callBoundMethod()
#24 /tmp/abdoElHodaky/larvrevrstender/services/auth-service/vendor/laravel/framework/src/Illuminate/Container/Container.php(799): Illuminate\\Container\\BoundMethod::call()
#25 /tmp/abdoElHodaky/larvrevrstender/services/auth-service/vendor/laravel/framework/src/Illuminate/Foundation/Application.php(1466): Illuminate\\Container\\Container->call()
#26 /tmp/abdoElHodaky/larvrevrstender/services/auth-service/vendor/laravel/framework/src/Illuminate/Foundation/Console/Kernel.php(219): Illuminate\\Foundation\\Application->terminate()
#27 /tmp/abdoElHodaky/larvrevrstender/services/auth-service/artisan(51): Illuminate\\Foundation\\Console\\Kernel->terminate()
#28 {main}
"} 
[2026-03-16 11:26:01] local.INFO: Procedure registered {"name":"events","class":"Shared\\Procedures\\CrossServiceProcedure","type":"micro"} 
[2026-03-16 11:26:01] local.INFO: Procedure registered {"name":"cache","class":"Shared\\Procedures\\CrossServiceProcedure","type":"micro"} 
[2026-03-16 11:26:01] local.INFO: Procedure registered {"name":"notification","class":"Shared\\Procedures\\CrossServiceProcedure","type":"micro"} 
[2026-03-16 11:26:01] local.INFO: Procedure registered {"name":"validation","class":"Shared\\Procedures\\CrossServiceProcedure","type":"micro"} 
[2026-03-16 11:26:01] local.INFO: Procedure registered {"name":"security","class":"Shared\\Procedures\\CrossServiceProcedure","type":"micro"} 
[2026-03-16 11:26:01] local.INFO: Procedure registered {"name":"circuit_breaker","class":"Shared\\Procedures\\CrossServiceProcedure","type":"micro"} 
[2026-03-16 11:26:01] local.INFO: Procedure registered {"name":"queue_circuit_breaker","class":"Shared\\Procedures\\CrossServiceProcedure","type":"micro"} 
[2026-03-16 11:26:01] local.INFO: Procedure registered {"name":"third_party_integration","class":"Shared\\Procedures\\CrossServiceProcedure","type":"micro"} 
[2026-03-16 11:26:01] local.INFO: Procedure registered {"name":"workflow","class":"Shared\\Procedures\\CrossServiceProcedure","type":"macro"} 
[2026-03-16 11:26:01] local.ERROR: could not find driver (Connection: pgsql, Host: 127.0.0.1, Port: 5432, Database: auth_service, SQL: insert into "telescope_entries" ("batch_id", "content", "created_at", "family_hash", "type", "uuid") values (a14fff35-97b3-4f24-9e1a-96616339c378, {"level":"info","message":"Procedure registered","context":{"name":"events","class":"Shared\\Procedures\\CrossServiceProcedure","type":"micro"},"hostname":"modal"}, 2026-03-16 11:26:01, ?, log, a14fff35-7505-4857-b060-be1cd27bc02b), (a14fff35-97b3-4f24-9e1a-96616339c378, {"level":"info","message":"Procedure registered","context":{"name":"cache","class":"Shared\\Procedures\\CrossServiceProcedure","type":"micro"},"hostname":"modal"}, 2026-03-16 11:26:01, ?, log, a14fff35-76db-441b-a497-19ab12b8f2af), (a14fff35-97b3-4f24-9e1a-96616339c378, {"level":"info","message":"Procedure registered","context":{"name":"notification","class":"Shared\\Procedures\\CrossServiceProcedure","type":"micro"},"hostname":"modal"}, 2026-03-16 11:26:01, ?, log, a14fff35-76fb-4674-b73d-f57fb90bcf62), (a14fff35-97b3-4f24-9e1a-96616339c378, {"level":"info","message":"Procedure registered","context":{"name":"validation","class":"Shared\\Procedures\\CrossServiceProcedure","type":"micro"},"hostname":"modal"}, 2026-03-16 11:26:01, ?, log, a14fff35-7715-43d5-bb9b-f701cbda564f), (a14fff35-97b3-4f24-9e1a-96616339c378, {"level":"info","message":"Procedure registered","context":{"name":"security","class":"Shared\\Procedures\\CrossServiceProcedure","type":"micro"},"hostname":"modal"}, 2026-03-16 11:26:01, ?, log, a14fff35-772d-4dea-8387-ea32582319ae), (a14fff35-97b3-4f24-9e1a-96616339c378, {"level":"info","message":"Procedure registered","context":{"name":"circuit_breaker","class":"Shared\\Procedures\\CrossServiceProcedure","type":"micro"},"hostname":"modal"}, 2026-03-16 11:26:01, ?, log, a14fff35-7746-4da1-be04-beb4cf8054e4), (a14fff35-97b3-4f24-9e1a-96616339c378, {"level":"info","message":"Procedure registered","context":{"name":"queue_circuit_breaker","class":"Shared\\Procedures\\CrossServiceProcedure","type":"micro"},"hostname":"modal"}, 2026-03-16 11:26:01, ?, log, a14fff35-7760-474d-8229-df7b9c3a10e8), (a14fff35-97b3-4f24-9e1a-96616339c378, {"level":"info","message":"Procedure registered","context":{"name":"third_party_integration","class":"Shared\\Procedures\\CrossServiceProcedure","type":"micro"},"hostname":"modal"}, 2026-03-16 11:26:01, ?, log, a14fff35-7778-439c-bc18-79e25ea8de85), (a14fff35-97b3-4f24-9e1a-96616339c378, {"level":"info","message":"Procedure registered","context":{"name":"workflow","class":"Shared\\Procedures\\CrossServiceProcedure","type":"macro"},"hostname":"modal"}, 2026-03-16 11:26:01, ?, log, a14fff35-778e-45c9-98db-c28b70b4674d), (a14fff35-97b3-4f24-9e1a-96616339c378, {"command":"config:clear","exit_code":0,"arguments":{"command":"config:clear"},"options":{"help":false,"silent":false,"quiet":false,"verbose":false,"version":false,"ansi":true,"no-interaction":false,"env":null},"hostname":"modal"}, 2026-03-16 11:26:01, ?, command, a14fff35-971a-426f-af38-78f080b22cb4)) {"exception":"[object] (Illuminate\\Database\\QueryException(code: 0): could not find driver (Connection: pgsql, Host: 127.0.0.1, Port: 5432, Database: auth_service, SQL: insert into \"telescope_entries\" (\"batch_id\", \"content\", \"created_at\", \"family_hash\", \"type\", \"uuid\") values (a14fff35-97b3-4f24-9e1a-96616339c378, {\"level\":\"info\",\"message\":\"Procedure registered\",\"context\":{\"name\":\"events\",\"class\":\"Shared\\\\Procedures\\\\CrossServiceProcedure\",\"type\":\"micro\"},\"hostname\":\"modal\"}, 2026-03-16 11:26:01, ?, log, a14fff35-7505-4857-b060-be1cd27bc02b), (a14fff35-97b3-4f24-9e1a-96616339c378, {\"level\":\"info\",\"message\":\"Procedure registered\",\"context\":{\"name\":\"cache\",\"class\":\"Shared\\\\Procedures\\\\CrossServiceProcedure\",\"type\":\"micro\"},\"hostname\":\"modal\"}, 2026-03-16 11:26:01, ?, log, a14fff35-76db-441b-a497-19ab12b8f2af), (a14fff35-97b3-4f24-9e1a-96616339c378, {\"level\":\"info\",\"message\":\"Procedure registered\",\"context\":{\"name\":\"notification\",\"class\":\"Shared\\\\Procedures\\\\CrossServiceProcedure\",\"type\":\"micro\"},\"hostname\":\"modal\"}, 2026-03-16 11:26:01, ?, log, a14fff35-76fb-4674-b73d-f57fb90bcf62), (a14fff35-97b3-4f24-9e1a-96616339c378, {\"level\":\"info\",\"message\":\"Procedure registered\",\"context\":{\"name\":\"validation\",\"class\":\"Shared\\\\Procedures\\\\CrossServiceProcedure\",\"type\":\"micro\"},\"hostname\":\"modal\"}, 2026-03-16 11:26:01, ?, log, a14fff35-7715-43d5-bb9b-f701cbda564f), (a14fff35-97b3-4f24-9e1a-96616339c378, {\"level\":\"info\",\"message\":\"Procedure registered\",\"context\":{\"name\":\"security\",\"class\":\"Shared\\\\Procedures\\\\CrossServiceProcedure\",\"type\":\"micro\"},\"hostname\":\"modal\"}, 2026-03-16 11:26:01, ?, log, a14fff35-772d-4dea-8387-ea32582319ae), (a14fff35-97b3-4f24-9e1a-96616339c378, {\"level\":\"info\",\"message\":\"Procedure registered\",\"context\":{\"name\":\"circuit_breaker\",\"class\":\"Shared\\\\Procedures\\\\CrossServiceProcedure\",\"type\":\"micro\"},\"hostname\":\"modal\"}, 2026-03-16 11:26:01, ?, log, a14fff35-7746-4da1-be04-beb4cf8054e4), (a14fff35-97b3-4f24-9e1a-96616339c378, {\"level\":\"info\",\"message\":\"Procedure registered\",\"context\":{\"name\":\"queue_circuit_breaker\",\"class\":\"Shared\\\\Procedures\\\\CrossServiceProcedure\",\"type\":\"micro\"},\"hostname\":\"modal\"}, 2026-03-16 11:26:01, ?, log, a14fff35-7760-474d-8229-df7b9c3a10e8), (a14fff35-97b3-4f24-9e1a-96616339c378, {\"level\":\"info\",\"message\":\"Procedure registered\",\"context\":{\"name\":\"third_party_integration\",\"class\":\"Shared\\\\Procedures\\\\CrossServiceProcedure\",\"type\":\"micro\"},\"hostname\":\"modal\"}, 2026-03-16 11:26:01, ?, log, a14fff35-7778-439c-bc18-79e25ea8de85), (a14fff35-97b3-4f24-9e1a-96616339c378, {\"level\":\"info\",\"message\":\"Procedure registered\",\"context\":{\"name\":\"workflow\",\"class\":\"Shared\\\\Procedures\\\\CrossServiceProcedure\",\"type\":\"macro\"},\"hostname\":\"modal\"}, 2026-03-16 11:26:01, ?, log, a14fff35-778e-45c9-98db-c28b70b4674d), (a14fff35-97b3-4f24-9e1a-96616339c378, {\"command\":\"config:clear\",\"exit_code\":0,\"arguments\":{\"command\":\"config:clear\"},\"options\":{\"help\":false,\"silent\":false,\"quiet\":false,\"verbose\":false,\"version\":false,\"ansi\":true,\"no-interaction\":false,\"env\":null},\"hostname\":\"modal\"}, 2026-03-16 11:26:01, ?, command, a14fff35-971a-426f-af38-78f080b22cb4)) at /tmp/abdoElHodaky/larvrevrstender/services/auth-service/vendor/laravel/framework/src/Illuminate/Database/Connection.php:838)
[stacktrace]
#0 /tmp/abdoElHodaky/larvrevrstender/services/auth-service/vendor/laravel/framework/src/Illuminate/Database/Connection.php(794): Illuminate\\Database\\Connection->runQueryCallback()
#1 /tmp/abdoElHodaky/larvrevrstender/services/auth-service/vendor/laravel/framework/src/Illuminate/Database/Connection.php(573): Illuminate\\Database\\Connection->run()
#2 /tmp/abdoElHodaky/larvrevrstender/services/auth-service/vendor/laravel/framework/src/Illuminate/Database/Connection.php(537): Illuminate\\Database\\Connection->statement()
#3 /tmp/abdoElHodaky/larvrevrstender/services/auth-service/vendor/laravel/framework/src/Illuminate/Database/Query/Builder.php(4091): Illuminate\\Database\\Connection->insert()
#4 /tmp/abdoElHodaky/larvrevrstender/services/auth-service/vendor/laravel/telescope/src/Storage/DatabaseEntriesRepository.php(145): Illuminate\\Database\\Query\\Builder->insert()
#5 /tmp/abdoElHodaky/larvrevrstender/services/auth-service/vendor/laravel/framework/src/Illuminate/Collections/Traits/EnumeratesValues.php(275): Laravel\\Telescope\\Storage\\DatabaseEntriesRepository->Laravel\\Telescope\\Storage\\{closure}()
#6 /tmp/abdoElHodaky/larvrevrstender/services/auth-service/vendor/laravel/telescope/src/Storage/DatabaseEntriesRepository.php(144): Illuminate\\Support\\Collection->each()
#7 /tmp/abdoElHodaky/larvrevrstender/services/auth-service/vendor/laravel/telescope/src/Telescope.php(664): Laravel\\Telescope\\Storage\\DatabaseEntriesRepository->store()
#8 [internal function]: Laravel\\Telescope\\Telescope::Laravel\\Telescope\\{closure}()
#9 /tmp/abdoElHodaky/larvrevrstender/services/auth-service/vendor/laravel/telescope/src/Telescope.php(289): call_user_func()
#10 /tmp/abdoElHodaky/larvrevrstender/services/auth-service/vendor/laravel/telescope/src/Telescope.php(656): Laravel\\Telescope\\Telescope::withoutRecording()
#11 /tmp/abdoElHodaky/larvrevrstender/services/auth-service/vendor/laravel/telescope/src/ListensForStorageOpportunities.php(65): Laravel\\Telescope\\Telescope::store()
#12 /tmp/abdoElHodaky/larvrevrstender/services/auth-service/vendor/laravel/framework/src/Illuminate/Container/BoundMethod.php(36): Laravel\\Telescope\\Telescope::Laravel\\Telescope\\{closure}()
#13 /tmp/abdoElHodaky/larvrevrstender/services/auth-service/vendor/laravel/framework/src/Illuminate/Container/Util.php(43): Illuminate\\Container\\BoundMethod::Illuminate\\Container\\{closure}()
#14 /tmp/abdoElHodaky/larvrevrstender/services/auth-service/vendor/laravel/framework/src/Illuminate/Container/BoundMethod.php(84): Illuminate\\Container\\Util::unwrapIfClosure()
#15 /tmp/abdoElHodaky/larvrevrstender/services/auth-service/vendor/laravel/framework/src/Illuminate/Container/BoundMethod.php(35): Illuminate\\Container\\BoundMethod::callBoundMethod()
#16 /tmp/abdoElHodaky/larvrevrstender/services/auth-service/vendor/laravel/framework/src/Illuminate/Container/Container.php(799): Illuminate\\Container\\BoundMethod::call()
#17 /tmp/abdoElHodaky/larvrevrstender/services/auth-service/vendor/laravel/framework/src/Illuminate/Foundation/Application.php(1466): Illuminate\\Container\\Container->call()
#18 /tmp/abdoElHodaky/larvrevrstender/services/auth-service/vendor/laravel/framework/src/Illuminate/Foundation/Console/Kernel.php(219): Illuminate\\Foundation\\Application->terminate()
#19 /tmp/abdoElHodaky/larvrevrstender/services/auth-service/artisan(51): Illuminate\\Foundation\\Console\\Kernel->terminate()
#20 {main}

[previous exception] [object] (PDOException(code: 0): could not find driver at /tmp/abdoElHodaky/larvrevrstender/services/auth-service/vendor/laravel/framework/src/Illuminate/Database/Connectors/Connector.php:66)
[stacktrace]
#0 /tmp/abdoElHodaky/larvrevrstender/services/auth-service/vendor/laravel/framework/src/Illuminate/Database/Connectors/Connector.php(66): PDO->__construct()
#1 /tmp/abdoElHodaky/larvrevrstender/services/auth-service/vendor/laravel/framework/src/Illuminate/Database/Connectors/Connector.php(44): Illuminate\\Database\\Connectors\\Connector->createPdoConnection()
#2 /tmp/abdoElHodaky/larvrevrstender/services/auth-service/vendor/laravel/framework/src/Illuminate/Database/Connectors/PostgresConnector.php(35): Illuminate\\Database\\Connectors\\Connector->createConnection()
#3 /tmp/abdoElHodaky/larvrevrstender/services/auth-service/vendor/laravel/framework/src/Illuminate/Database/Connectors/ConnectionFactory.php(186): Illuminate\\Database\\Connectors\\PostgresConnector->connect()
#4 [internal function]: Illuminate\\Database\\Connectors\\ConnectionFactory->Illuminate\\Database\\Connectors\\{closure}()
#5 /tmp/abdoElHodaky/larvrevrstender/services/auth-service/vendor/laravel/framework/src/Illuminate/Database/Connection.php(1257): call_user_func()
#6 /tmp/abdoElHodaky/larvrevrstender/services/auth-service/vendor/laravel/framework/src/Illuminate/Database/Connection.php(578): Illuminate\\Database\\Connection->getPdo()
#7 /tmp/abdoElHodaky/larvrevrstender/services/auth-service/vendor/laravel/framework/src/Illuminate/Database/Connection.php(827): Illuminate\\Database\\Connection->Illuminate\\Database\\{closure}()
#8 /tmp/abdoElHodaky/larvrevrstender/services/auth-service/vendor/laravel/framework/src/Illuminate/Database/Connection.php(794): Illuminate\\Database\\Connection->runQueryCallback()
#9 /tmp/abdoElHodaky/larvrevrstender/services/auth-service/vendor/laravel/framework/src/Illuminate/Database/Connection.php(573): Illuminate\\Database\\Connection->run()
#10 /tmp/abdoElHodaky/larvrevrstender/services/auth-service/vendor/laravel/framework/src/Illuminate/Database/Connection.php(537): Illuminate\\Database\\Connection->statement()
#11 /tmp/abdoElHodaky/larvrevrstender/services/auth-service/vendor/laravel/framework/src/Illuminate/Database/Query/Builder.php(4091): Illuminate\\Database\\Connection->insert()
#12 /tmp/abdoElHodaky/larvrevrstender/services/auth-service/vendor/laravel/telescope/src/Storage/DatabaseEntriesRepository.php(145): Illuminate\\Database\\Query\\Builder->insert()
#13 /tmp/abdoElHodaky/larvrevrstender/services/auth-service/vendor/laravel/framework/src/Illuminate/Collections/Traits/EnumeratesValues.php(275): Laravel\\Telescope\\Storage\\DatabaseEntriesRepository->Laravel\\Telescope\\Storage\\{closure}()
#14 /tmp/abdoElHodaky/larvrevrstender/services/auth-service/vendor/laravel/telescope/src/Storage/DatabaseEntriesRepository.php(144): Illuminate\\Support\\Collection->each()
#15 /tmp/abdoElHodaky/larvrevrstender/services/auth-service/vendor/laravel/telescope/src/Telescope.php(664): Laravel\\Telescope\\Storage\\DatabaseEntriesRepository->store()
#16 [internal function]: Laravel\\Telescope\\Telescope::Laravel\\Telescope\\{closure}()
#17 /tmp/abdoElHodaky/larvrevrstender/services/auth-service/vendor/laravel/telescope/src/Telescope.php(289): call_user_func()
#18 /tmp/abdoElHodaky/larvrevrstender/services/auth-service/vendor/laravel/telescope/src/Telescope.php(656): Laravel\\Telescope\\Telescope::withoutRecording()
#19 /tmp/abdoElHodaky/larvrevrstender/services/auth-service/vendor/laravel/telescope/src/ListensForStorageOpportunities.php(65): Laravel\\Telescope\\Telescope::store()
#20 /tmp/abdoElHodaky/larvrevrstender/services/auth-service/vendor/laravel/framework/src/Illuminate/Container/BoundMethod.php(36): Laravel\\Telescope\\Telescope::Laravel\\Telescope\\{closure}()
#21 /tmp/abdoElHodaky/larvrevrstender/services/auth-service/vendor/laravel/framework/src/Illuminate/Container/Util.php(43): Illuminate\\Container\\BoundMethod::Illuminate\\Container\\{closure}()
#22 /tmp/abdoElHodaky/larvrevrstender/services/auth-service/vendor/laravel/framework/src/Illuminate/Container/BoundMethod.php(84): Illuminate\\Container\\Util::unwrapIfClosure()
#23 /tmp/abdoElHodaky/larvrevrstender/services/auth-service/vendor/laravel/framework/src/Illuminate/Container/BoundMethod.php(35): Illuminate\\Container\\BoundMethod::callBoundMethod()
#24 /tmp/abdoElHodaky/larvrevrstender/services/auth-service/vendor/laravel/framework/src/Illuminate/Container/Container.php(799): Illuminate\\Container\\BoundMethod::call()
#25 /tmp/abdoElHodaky/larvrevrstender/services/auth-service/vendor/laravel/framework/src/Illuminate/Foundation/Application.php(1466): Illuminate\\Container\\Container->call()
#26 /tmp/abdoElHodaky/larvrevrstender/services/auth-service/vendor/laravel/framework/src/Illuminate/Foundation/Console/Kernel.php(219): Illuminate\\Foundation\\Application->terminate()
#27 /tmp/abdoElHodaky/larvrevrstender/services/auth-service/artisan(51): Illuminate\\Foundation\\Console\\Kernel->terminate()
#28 {main}
"} 
[2026-03-16 11:26:02] local.INFO: Procedure registered {"name":"events","class":"Shared\\Procedures\\CrossServiceProcedure","type":"micro"} 
[2026-03-16 11:26:02] local.INFO: Procedure registered {"name":"cache","class":"Shared\\Procedures\\CrossServiceProcedure","type":"micro"} 
[2026-03-16 11:26:02] local.INFO: Procedure registered {"name":"notification","class":"Shared\\Procedures\\CrossServiceProcedure","type":"micro"} 
[2026-03-16 11:26:02] local.INFO: Procedure registered {"name":"validation","class":"Shared\\Procedures\\CrossServiceProcedure","type":"micro"} 
[2026-03-16 11:26:02] local.INFO: Procedure registered {"name":"security","class":"Shared\\Procedures\\CrossServiceProcedure","type":"micro"} 
[2026-03-16 11:26:02] local.INFO: Procedure registered {"name":"circuit_breaker","class":"Shared\\Procedures\\CrossServiceProcedure","type":"micro"} 
[2026-03-16 11:26:02] local.INFO: Procedure registered {"name":"queue_circuit_breaker","class":"Shared\\Procedures\\CrossServiceProcedure","type":"micro"} 
[2026-03-16 11:26:02] local.INFO: Procedure registered {"name":"third_party_integration","class":"Shared\\Procedures\\CrossServiceProcedure","type":"micro"} 
[2026-03-16 11:26:02] local.INFO: Procedure registered {"name":"workflow","class":"Shared\\Procedures\\CrossServiceProcedure","type":"macro"} 
[2026-03-16 11:26:02] testing.INFO: Procedure registered {"name":"events","class":"Shared\\Procedures\\CrossServiceProcedure","type":"micro"} 
[2026-03-16 11:26:02] testing.INFO: Procedure registered {"name":"cache","class":"Shared\\Procedures\\CrossServiceProcedure","type":"micro"} 
[2026-03-16 11:26:02] testing.INFO: Procedure registered {"name":"notification","class":"Shared\\Procedures\\CrossServiceProcedure","type":"micro"} 
[2026-03-16 11:26:02] testing.INFO: Procedure registered {"name":"validation","class":"Shared\\Procedures\\CrossServiceProcedure","type":"micro"} 
[2026-03-16 11:26:02] testing.INFO: Procedure registered {"name":"security","class":"Shared\\Procedures\\CrossServiceProcedure","type":"micro"} 
[2026-03-16 11:26:02] testing.INFO: Procedure registered {"name":"circuit_breaker","class":"Shared\\Procedures\\CrossServiceProcedure","type":"micro"} 
[2026-03-16 11:26:02] testing.INFO: Procedure registered {"name":"queue_circuit_breaker","class":"Shared\\Procedures\\CrossServiceProcedure","type":"micro"} 
[2026-03-16 11:26:02] testing.INFO: Procedure registered {"name":"third_party_integration","class":"Shared\\Procedures\\CrossServiceProcedure","type":"micro"} 
[2026-03-16 11:26:02] testing.INFO: Procedure registered {"name":"workflow","class":"Shared\\Procedures\\CrossServiceProcedure","type":"macro"} 
[2026-03-16 11:26:02] testing.INFO: Procedure registered {"name":"events","class":"Shared\\Procedures\\CrossServiceProcedure","type":"micro"} 
[2026-03-16 11:26:02] testing.INFO: Procedure registered {"name":"cache","class":"Shared\\Procedures\\CrossServiceProcedure","type":"micro"} 
[2026-03-16 11:26:02] testing.INFO: Procedure registered {"name":"notification","class":"Shared\\Procedures\\CrossServiceProcedure","type":"micro"} 
[2026-03-16 11:26:02] testing.INFO: Procedure registered {"name":"validation","class":"Shared\\Procedures\\CrossServiceProcedure","type":"micro"} 
[2026-03-16 11:26:02] testing.INFO: Procedure registered {"name":"security","class":"Shared\\Procedures\\CrossServiceProcedure","type":"micro"} 
[2026-03-16 11:26:02] testing.INFO: Procedure registered {"name":"circuit_breaker","class":"Shared\\Procedures\\CrossServiceProcedure","type":"micro"} 
[2026-03-16 11:26:02] testing.INFO: Procedure registered {"name":"queue_circuit_breaker","class":"Shared\\Procedures\\CrossServiceProcedure","type":"micro"} 
[2026-03-16 11:26:02] testing.INFO: Procedure registered {"name":"third_party_integration","class":"Shared\\Procedures\\CrossServiceProcedure","type":"micro"} 
[2026-03-16 11:26:02] testing.INFO: Procedure registered {"name":"workflow","class":"Shared\\Procedures\\CrossServiceProcedure","type":"macro"} 
[2026-03-16 11:26:02] testing.ERROR: Registration failed: Phone number already registered  
[2026-03-16 11:26:02] testing.INFO: Procedure registered {"name":"events","class":"Shared\\Procedures\\CrossServiceProcedure","type":"micro"} 
[2026-03-16 11:26:02] testing.INFO: Procedure registered {"name":"cache","class":"Shared\\Procedures\\CrossServiceProcedure","type":"micro"} 
[2026-03-16 11:26:02] testing.INFO: Procedure registered {"name":"notification","class":"Shared\\Procedures\\CrossServiceProcedure","type":"micro"} 
[2026-03-16 11:26:02] testing.INFO: Procedure registered {"name":"validation","class":"Shared\\Procedures\\CrossServiceProcedure","type":"micro"} 
[2026-03-16 11:26:02] testing.INFO: Procedure registered {"name":"security","class":"Shared\\Procedures\\CrossServiceProcedure","type":"micro"} 
[2026-03-16 11:26:02] testing.INFO: Procedure registered {"name":"circuit_breaker","class":"Shared\\Procedures\\CrossServiceProcedure","type":"micro"} 
[2026-03-16 11:26:02] testing.INFO: Procedure registered {"name":"queue_circuit_breaker","class":"Shared\\Procedures\\CrossServiceProcedure","type":"micro"} 
[2026-03-16 11:26:02] testing.INFO: Procedure registered {"name":"third_party_integration","class":"Shared\\Procedures\\CrossServiceProcedure","type":"micro"} 
[2026-03-16 11:26:02] testing.INFO: Procedure registered {"name":"workflow","class":"Shared\\Procedures\\CrossServiceProcedure","type":"macro"} 
[2026-03-16 11:26:02] testing.WARNING: Token creation failed, using fallback {"error":"Call to undefined method App\\Models\\User::createToken()"} 
[2026-03-16 11:26:02] testing.INFO: User logged in successfully {"user_id":1,"ip":"127.0.0.1","user_agent":"Symfony"} 
[2026-03-16 11:26:02] testing.INFO: Procedure registered {"name":"events","class":"Shared\\Procedures\\CrossServiceProcedure","type":"micro"} 
[2026-03-16 11:26:02] testing.INFO: Procedure registered {"name":"cache","class":"Shared\\Procedures\\CrossServiceProcedure","type":"micro"} 
[2026-03-16 11:26:02] testing.INFO: Procedure registered {"name":"notification","class":"Shared\\Procedures\\CrossServiceProcedure","type":"micro"} 
[2026-03-16 11:26:02] testing.INFO: Procedure registered {"name":"validation","class":"Shared\\Procedures\\CrossServiceProcedure","type":"micro"} 
[2026-03-16 11:26:02] testing.INFO: Procedure registered {"name":"security","class":"Shared\\Procedures\\CrossServiceProcedure","type":"micro"} 
[2026-03-16 11:26:02] testing.INFO: Procedure registered {"name":"circuit_breaker","class":"Shared\\Procedures\\CrossServiceProcedure","type":"micro"} 
[2026-03-16 11:26:02] testing.INFO: Procedure registered {"name":"queue_circuit_breaker","class":"Shared\\Procedures\\CrossServiceProcedure","type":"micro"} 
[2026-03-16 11:26:02] testing.INFO: Procedure registered {"name":"third_party_integration","class":"Shared\\Procedures\\CrossServiceProcedure","type":"micro"} 
[2026-03-16 11:26:02] testing.INFO: Procedure registered {"name":"workflow","class":"Shared\\Procedures\\CrossServiceProcedure","type":"macro"} 
[2026-03-16 11:26:02] testing.WARNING: Login attempt failed {"identifier":"+966501234567","ip":"127.0.0.1","error":"Account is not active"} 
[2026-03-16 11:26:02] testing.INFO: Procedure registered {"name":"events","class":"Shared\\Procedures\\CrossServiceProcedure","type":"micro"} 
[2026-03-16 11:26:02] testing.INFO: Procedure registered {"name":"cache","class":"Shared\\Procedures\\CrossServiceProcedure","type":"micro"} 
[2026-03-16 11:26:02] testing.INFO: Procedure registered {"name":"notification","class":"Shared\\Procedures\\CrossServiceProcedure","type":"micro"} 
[2026-03-16 11:26:02] testing.INFO: Procedure registered {"name":"validation","class":"Shared\\Procedures\\CrossServiceProcedure","type":"micro"} 
[2026-03-16 11:26:02] testing.INFO: Procedure registered {"name":"security","class":"Shared\\Procedures\\CrossServiceProcedure","type":"micro"} 
[2026-03-16 11:26:02] testing.INFO: Procedure registered {"name":"circuit_breaker","class":"Shared\\Procedures\\CrossServiceProcedure","type":"micro"} 
[2026-03-16 11:26:02] testing.INFO: Procedure registered {"name":"queue_circuit_breaker","class":"Shared\\Procedures\\CrossServiceProcedure","type":"micro"} 
[2026-03-16 11:26:02] testing.INFO: Procedure registered {"name":"third_party_integration","class":"Shared\\Procedures\\CrossServiceProcedure","type":"micro"} 
[2026-03-16 11:26:02] testing.INFO: Procedure registered {"name":"workflow","class":"Shared\\Procedures\\CrossServiceProcedure","type":"macro"} 
[2026-03-16 11:26:02] testing.INFO: Procedure registered {"name":"events","class":"Shared\\Procedures\\CrossServiceProcedure","type":"micro"} 
[2026-03-16 11:26:02] testing.INFO: Procedure registered {"name":"cache","class":"Shared\\Procedures\\CrossServiceProcedure","type":"micro"} 
[2026-03-16 11:26:02] testing.INFO: Procedure registered {"name":"notification","class":"Shared\\Procedures\\CrossServiceProcedure","type":"micro"} 
[2026-03-16 11:26:02] testing.INFO: Procedure registered {"name":"validation","class":"Shared\\Procedures\\CrossServiceProcedure","type":"micro"} 
[2026-03-16 11:26:02] testing.INFO: Procedure registered {"name":"security","class":"Shared\\Procedures\\CrossServiceProcedure","type":"micro"} 
[2026-03-16 11:26:02] testing.INFO: Procedure registered {"name":"circuit_breaker","class":"Shared\\Procedures\\CrossServiceProcedure","type":"micro"} 
[2026-03-16 11:26:02] testing.INFO: Procedure registered {"name":"queue_circuit_breaker","class":"Shared\\Procedures\\CrossServiceProcedure","type":"micro"} 
[2026-03-16 11:26:02] testing.INFO: Procedure registered {"name":"third_party_integration","class":"Shared\\Procedures\\CrossServiceProcedure","type":"micro"} 
[2026-03-16 11:26:02] testing.INFO: Procedure registered {"name":"workflow","class":"Shared\\Procedures\\CrossServiceProcedure","type":"macro"} 
[2026-03-16 11:26:02] testing.WARNING: Token creation failed, using fallback {"error":"Call to undefined method App\\Models\\User::createToken()"} 
[2026-03-16 11:26:02] testing.INFO: User logged in successfully {"user_id":1,"ip":"127.0.0.1","user_agent":"Symfony"} 
[2026-03-16 11:26:02] testing.WARNING: Token creation failed, using fallback {"error":"Call to undefined method App\\Models\\User::createToken()"} 
[2026-03-16 11:26:02] testing.INFO: User logged in successfully {"user_id":1,"ip":"127.0.0.1","user_agent":"Symfony"} 
[2026-03-16 11:26:02] local.ERROR: could not find driver (Connection: pgsql, Host: 127.0.0.1, Port: 5432, Database: auth_service, SQL: insert into "telescope_entries" ("batch_id", "content", "created_at", "family_hash", "type", "uuid") values (a14fff37-05eb-4de7-9353-88bd884d5906, {"level":"info","message":"Procedure registered","context":{"name":"events","class":"Shared\\Procedures\\CrossServiceProcedure","type":"micro"},"hostname":"modal"}, 2026-03-16 11:26:02, ?, log, a14fff35-f9f3-49c4-9d1e-96d4759d28af), (a14fff37-05eb-4de7-9353-88bd884d5906, {"level":"info","message":"Procedure registered","context":{"name":"cache","class":"Shared\\Procedures\\CrossServiceProcedure","type":"micro"},"hostname":"modal"}, 2026-03-16 11:26:02, ?, log, a14fff35-fbb5-44d8-9b81-baa1ccd312dc), (a14fff37-05eb-4de7-9353-88bd884d5906, {"level":"info","message":"Procedure registered","context":{"name":"notification","class":"Shared\\Procedures\\CrossServiceProcedure","type":"micro"},"hostname":"modal"}, 2026-03-16 11:26:02, ?, log, a14fff35-fbd5-4298-9235-9ab117e6f768), (a14fff37-05eb-4de7-9353-88bd884d5906, {"level":"info","message":"Procedure registered","context":{"name":"validation","class":"Shared\\Procedures\\CrossServiceProcedure","type":"micro"},"hostname":"modal"}, 2026-03-16 11:26:02, ?, log, a14fff35-fbf0-476e-8679-e5ef840fabf5), (a14fff37-05eb-4de7-9353-88bd884d5906, {"level":"info","message":"Procedure registered","context":{"name":"security","class":"Shared\\Procedures\\CrossServiceProcedure","type":"micro"},"hostname":"modal"}, 2026-03-16 11:26:02, ?, log, a14fff35-fc08-4434-8176-bb1db17859f3), (a14fff37-05eb-4de7-9353-88bd884d5906, {"level":"info","message":"Procedure registered","context":{"name":"circuit_breaker","class":"Shared\\Procedures\\CrossServiceProcedure","type":"micro"},"hostname":"modal"}, 2026-03-16 11:26:02, ?, log, a14fff35-fc1f-4ed8-9700-654b0b325f3e), (a14fff37-05eb-4de7-9353-88bd884d5906, {"level":"info","message":"Procedure registered","context":{"name":"queue_circuit_breaker","class":"Shared\\Procedures\\CrossServiceProcedure","type":"micro"},"hostname":"modal"}, 2026-03-16 11:26:02, ?, log, a14fff35-fc38-4fbf-b6bf-f5179a23b3b1), (a14fff37-05eb-4de7-9353-88bd884d5906, {"level":"info","message":"Procedure registered","context":{"name":"third_party_integration","class":"Shared\\Procedures\\CrossServiceProcedure","type":"micro"},"hostname":"modal"}, 2026-03-16 11:26:02, ?, log, a14fff35-fc4e-4916-87a5-4f97c95e57a9), (a14fff37-05eb-4de7-9353-88bd884d5906, {"level":"info","message":"Procedure registered","context":{"name":"workflow","class":"Shared\\Procedures\\CrossServiceProcedure","type":"macro"},"hostname":"modal"}, 2026-03-16 11:26:02, ?, log, a14fff35-fc64-46e9-96d0-3d19bde9fb90), (a14fff37-05eb-4de7-9353-88bd884d5906, {"command":"test","exit_code":0,"arguments":{"command":"test"},"options":{"without-tty":false,"compact":false,"coverage":false,"min":null,"parallel":false,"profile":false,"recreate-databases":false,"drop-databases":false,"without-databases":false,"help":false,"silent":false,"quiet":false,"verbose":false,"version":false,"ansi":null,"no-interaction":false,"env":null},"hostname":"modal"}, 2026-03-16 11:26:02, ?, command, a14fff37-04de-41d6-b1fe-d034519a86e7)) {"exception":"[object] (Illuminate\\Database\\QueryException(code: 0): could not find driver (Connection: pgsql, Host: 127.0.0.1, Port: 5432, Database: auth_service, SQL: insert into \"telescope_entries\" (\"batch_id\", \"content\", \"created_at\", \"family_hash\", \"type\", \"uuid\") values (a14fff37-05eb-4de7-9353-88bd884d5906, {\"level\":\"info\",\"message\":\"Procedure registered\",\"context\":{\"name\":\"events\",\"class\":\"Shared\\\\Procedures\\\\CrossServiceProcedure\",\"type\":\"micro\"},\"hostname\":\"modal\"}, 2026-03-16 11:26:02, ?, log, a14fff35-f9f3-49c4-9d1e-96d4759d28af), (a14fff37-05eb-4de7-9353-88bd884d5906, {\"level\":\"info\",\"message\":\"Procedure registered\",\"context\":{\"name\":\"cache\",\"class\":\"Shared\\\\Procedures\\\\CrossServiceProcedure\",\"type\":\"micro\"},\"hostname\":\"modal\"}, 2026-03-16 11:26:02, ?, log, a14fff35-fbb5-44d8-9b81-baa1ccd312dc), (a14fff37-05eb-4de7-9353-88bd884d5906, {\"level\":\"info\",\"message\":\"Procedure registered\",\"context\":{\"name\":\"notification\",\"class\":\"Shared\\\\Procedures\\\\CrossServiceProcedure\",\"type\":\"micro\"},\"hostname\":\"modal\"}, 2026-03-16 11:26:02, ?, log, a14fff35-fbd5-4298-9235-9ab117e6f768), (a14fff37-05eb-4de7-9353-88bd884d5906, {\"level\":\"info\",\"message\":\"Procedure registered\",\"context\":{\"name\":\"validation\",\"class\":\"Shared\\\\Procedures\\\\CrossServiceProcedure\",\"type\":\"micro\"},\"hostname\":\"modal\"}, 2026-03-16 11:26:02, ?, log, a14fff35-fbf0-476e-8679-e5ef840fabf5), (a14fff37-05eb-4de7-9353-88bd884d5906, {\"level\":\"info\",\"message\":\"Procedure registered\",\"context\":{\"name\":\"security\",\"class\":\"Shared\\\\Procedures\\\\CrossServiceProcedure\",\"type\":\"micro\"},\"hostname\":\"modal\"}, 2026-03-16 11:26:02, ?, log, a14fff35-fc08-4434-8176-bb1db17859f3), (a14fff37-05eb-4de7-9353-88bd884d5906, {\"level\":\"info\",\"message\":\"Procedure registered\",\"context\":{\"name\":\"circuit_breaker\",\"class\":\"Shared\\\\Procedures\\\\CrossServiceProcedure\",\"type\":\"micro\"},\"hostname\":\"modal\"}, 2026-03-16 11:26:02, ?, log, a14fff35-fc1f-4ed8-9700-654b0b325f3e), (a14fff37-05eb-4de7-9353-88bd884d5906, {\"level\":\"info\",\"message\":\"Procedure registered\",\"context\":{\"name\":\"queue_circuit_breaker\",\"class\":\"Shared\\\\Procedures\\\\CrossServiceProcedure\",\"type\":\"micro\"},\"hostname\":\"modal\"}, 2026-03-16 11:26:02, ?, log, a14fff35-fc38-4fbf-b6bf-f5179a23b3b1), (a14fff37-05eb-4de7-9353-88bd884d5906, {\"level\":\"info\",\"message\":\"Procedure registered\",\"context\":{\"name\":\"third_party_integration\",\"class\":\"Shared\\\\Procedures\\\\CrossServiceProcedure\",\"type\":\"micro\"},\"hostname\":\"modal\"}, 2026-03-16 11:26:02, ?, log, a14fff35-fc4e-4916-87a5-4f97c95e57a9), (a14fff37-05eb-4de7-9353-88bd884d5906, {\"level\":\"info\",\"message\":\"Procedure registered\",\"context\":{\"name\":\"workflow\",\"class\":\"Shared\\\\Procedures\\\\CrossServiceProcedure\",\"type\":\"macro\"},\"hostname\":\"modal\"}, 2026-03-16 11:26:02, ?, log, a14fff35-fc64-46e9-96d0-3d19bde9fb90), (a14fff37-05eb-4de7-9353-88bd884d5906, {\"command\":\"test\",\"exit_code\":0,\"arguments\":{\"command\":\"test\"},\"options\":{\"without-tty\":false,\"compact\":false,\"coverage\":false,\"min\":null,\"parallel\":false,\"profile\":false,\"recreate-databases\":false,\"drop-databases\":false,\"without-databases\":false,\"help\":false,\"silent\":false,\"quiet\":false,\"verbose\":false,\"version\":false,\"ansi\":null,\"no-interaction\":false,\"env\":null},\"hostname\":\"modal\"}, 2026-03-16 11:26:02, ?, command, a14fff37-04de-41d6-b1fe-d034519a86e7)) at /tmp/abdoElHodaky/larvrevrstender/services/auth-service/vendor/laravel/framework/src/Illuminate/Database/Connection.php:838)
[stacktrace]
#0 /tmp/abdoElHodaky/larvrevrstender/services/auth-service/vendor/laravel/framework/src/Illuminate/Database/Connection.php(794): Illuminate\\Database\\Connection->runQueryCallback()
#1 /tmp/abdoElHodaky/larvrevrstender/services/auth-service/vendor/laravel/framework/src/Illuminate/Database/Connection.php(573): Illuminate\\Database\\Connection->run()
#2 /tmp/abdoElHodaky/larvrevrstender/services/auth-service/vendor/laravel/framework/src/Illuminate/Database/Connection.php(537): Illuminate\\Database\\Connection->statement()
#3 /tmp/abdoElHodaky/larvrevrstender/services/auth-service/vendor/laravel/framework/src/Illuminate/Database/Query/Builder.php(4091): Illuminate\\Database\\Connection->insert()
#4 /tmp/abdoElHodaky/larvrevrstender/services/auth-service/vendor/laravel/telescope/src/Storage/DatabaseEntriesRepository.php(145): Illuminate\\Database\\Query\\Builder->insert()
#5 /tmp/abdoElHodaky/larvrevrstender/services/auth-service/vendor/laravel/framework/src/Illuminate/Collections/Traits/EnumeratesValues.php(275): Laravel\\Telescope\\Storage\\DatabaseEntriesRepository->Laravel\\Telescope\\Storage\\{closure}()
#6 /tmp/abdoElHodaky/larvrevrstender/services/auth-service/vendor/laravel/telescope/src/Storage/DatabaseEntriesRepository.php(144): Illuminate\\Support\\Collection->each()
#7 /tmp/abdoElHodaky/larvrevrstender/services/auth-service/vendor/laravel/telescope/src/Telescope.php(664): Laravel\\Telescope\\Storage\\DatabaseEntriesRepository->store()
#8 [internal function]: Laravel\\Telescope\\Telescope::Laravel\\Telescope\\{closure}()
#9 /tmp/abdoElHodaky/larvrevrstender/services/auth-service/vendor/laravel/telescope/src/Telescope.php(289): call_user_func()
#10 /tmp/abdoElHodaky/larvrevrstender/services/auth-service/vendor/laravel/telescope/src/Telescope.php(656): Laravel\\Telescope\\Telescope::withoutRecording()
#11 /tmp/abdoElHodaky/larvrevrstender/services/auth-service/vendor/laravel/telescope/src/ListensForStorageOpportunities.php(65): Laravel\\Telescope\\Telescope::store()
#12 /tmp/abdoElHodaky/larvrevrstender/services/auth-service/vendor/laravel/framework/src/Illuminate/Container/BoundMethod.php(36): Laravel\\Telescope\\Telescope::Laravel\\Telescope\\{closure}()
#13 /tmp/abdoElHodaky/larvrevrstender/services/auth-service/vendor/laravel/framework/src/Illuminate/Container/Util.php(43): Illuminate\\Container\\BoundMethod::Illuminate\\Container\\{closure}()
#14 /tmp/abdoElHodaky/larvrevrstender/services/auth-service/vendor/laravel/framework/src/Illuminate/Container/BoundMethod.php(84): Illuminate\\Container\\Util::unwrapIfClosure()
#15 /tmp/abdoElHodaky/larvrevrstender/services/auth-service/vendor/laravel/framework/src/Illuminate/Container/BoundMethod.php(35): Illuminate\\Container\\BoundMethod::callBoundMethod()
#16 /tmp/abdoElHodaky/larvrevrstender/services/auth-service/vendor/laravel/framework/src/Illuminate/Container/Container.php(799): Illuminate\\Container\\BoundMethod::call()
#17 /tmp/abdoElHodaky/larvrevrstender/services/auth-service/vendor/laravel/framework/src/Illuminate/Foundation/Application.php(1466): Illuminate\\Container\\Container->call()
#18 /tmp/abdoElHodaky/larvrevrstender/services/auth-service/vendor/laravel/framework/src/Illuminate/Foundation/Console/Kernel.php(219): Illuminate\\Foundation\\Application->terminate()
#19 /tmp/abdoElHodaky/larvrevrstender/services/auth-service/artisan(51): Illuminate\\Foundation\\Console\\Kernel->terminate()
#20 {main}

[previous exception] [object] (PDOException(code: 0): could not find driver at /tmp/abdoElHodaky/larvrevrstender/services/auth-service/vendor/laravel/framework/src/Illuminate/Database/Connectors/Connector.php:66)
[stacktrace]
#0 /tmp/abdoElHodaky/larvrevrstender/services/auth-service/vendor/laravel/framework/src/Illuminate/Database/Connectors/Connector.php(66): PDO->__construct()
#1 /tmp/abdoElHodaky/larvrevrstender/services/auth-service/vendor/laravel/framework/src/Illuminate/Database/Connectors/Connector.php(44): Illuminate\\Database\\Connectors\\Connector->createPdoConnection()
#2 /tmp/abdoElHodaky/larvrevrstender/services/auth-service/vendor/laravel/framework/src/Illuminate/Database/Connectors/PostgresConnector.php(35): Illuminate\\Database\\Connectors\\Connector->createConnection()
#3 /tmp/abdoElHodaky/larvrevrstender/services/auth-service/vendor/laravel/framework/src/Illuminate/Database/Connectors/ConnectionFactory.php(186): Illuminate\\Database\\Connectors\\PostgresConnector->connect()
#4 [internal function]: Illuminate\\Database\\Connectors\\ConnectionFactory->Illuminate\\Database\\Connectors\\{closure}()
#5 /tmp/abdoElHodaky/larvrevrstender/services/auth-service/vendor/laravel/framework/src/Illuminate/Database/Connection.php(1257): call_user_func()
#6 /tmp/abdoElHodaky/larvrevrstender/services/auth-service/vendor/laravel/framework/src/Illuminate/Database/Connection.php(578): Illuminate\\Database\\Connection->getPdo()
#7 /tmp/abdoElHodaky/larvrevrstender/services/auth-service/vendor/laravel/framework/src/Illuminate/Database/Connection.php(827): Illuminate\\Database\\Connection->Illuminate\\Database\\{closure}()
#8 /tmp/abdoElHodaky/larvrevrstender/services/auth-service/vendor/laravel/framework/src/Illuminate/Database/Connection.php(794): Illuminate\\Database\\Connection->runQueryCallback()
#9 /tmp/abdoElHodaky/larvrevrstender/services/auth-service/vendor/laravel/framework/src/Illuminate/Database/Connection.php(573): Illuminate\\Database\\Connection->run()
#10 /tmp/abdoElHodaky/larvrevrstender/services/auth-service/vendor/laravel/framework/src/Illuminate/Database/Connection.php(537): Illuminate\\Database\\Connection->statement()
#11 /tmp/abdoElHodaky/larvrevrstender/services/auth-service/vendor/laravel/framework/src/Illuminate/Database/Query/Builder.php(4091): Illuminate\\Database\\Connection->insert()
#12 /tmp/abdoElHodaky/larvrevrstender/services/auth-service/vendor/laravel/telescope/src/Storage/DatabaseEntriesRepository.php(145): Illuminate\\Database\\Query\\Builder->insert()
#13 /tmp/abdoElHodaky/larvrevrstender/services/auth-service/vendor/laravel/framework/src/Illuminate/Collections/Traits/EnumeratesValues.php(275): Laravel\\Telescope\\Storage\\DatabaseEntriesRepository->Laravel\\Telescope\\Storage\\{closure}()
#14 /tmp/abdoElHodaky/larvrevrstender/services/auth-service/vendor/laravel/telescope/src/Storage/DatabaseEntriesRepository.php(144): Illuminate\\Support\\Collection->each()
#15 /tmp/abdoElHodaky/larvrevrstender/services/auth-service/vendor/laravel/telescope/src/Telescope.php(664): Laravel\\Telescope\\Storage\\DatabaseEntriesRepository->store()
#16 [internal function]: Laravel\\Telescope\\Telescope::Laravel\\Telescope\\{closure}()
#17 /tmp/abdoElHodaky/larvrevrstender/services/auth-service/vendor/laravel/telescope/src/Telescope.php(289): call_user_func()
#18 /tmp/abdoElHodaky/larvrevrstender/services/auth-service/vendor/laravel/telescope/src/Telescope.php(656): Laravel\\Telescope\\Telescope::withoutRecording()
#19 /tmp/abdoElHodaky/larvrevrstender/services/auth-service/vendor/laravel/telescope/src/ListensForStorageOpportunities.php(65): Laravel\\Telescope\\Telescope::store()
#20 /tmp/abdoElHodaky/larvrevrstender/services/auth-service/vendor/laravel/framework/src/Illuminate/Container/BoundMethod.php(36): Laravel\\Telescope\\Telescope::Laravel\\Telescope\\{closure}()
#21 /tmp/abdoElHodaky/larvrevrstender/services/auth-service/vendor/laravel/framework/src/Illuminate/Container/Util.php(43): Illuminate\\Container\\BoundMethod::Illuminate\\Container\\{closure}()
#22 /tmp/abdoElHodaky/larvrevrstender/services/auth-service/vendor/laravel/framework/src/Illuminate/Container/BoundMethod.php(84): Illuminate\\Container\\Util::unwrapIfClosure()
#23 /tmp/abdoElHodaky/larvrevrstender/services/auth-service/vendor/laravel/framework/src/Illuminate/Container/BoundMethod.php(35): Illuminate\\Container\\BoundMethod::callBoundMethod()
#24 /tmp/abdoElHodaky/larvrevrstender/services/auth-service/vendor/laravel/framework/src/Illuminate/Container/Container.php(799): Illuminate\\Container\\BoundMethod::call()
#25 /tmp/abdoElHodaky/larvrevrstender/services/auth-service/vendor/laravel/framework/src/Illuminate/Foundation/Application.php(1466): Illuminate\\Container\\Container->call()
#26 /tmp/abdoElHodaky/larvrevrstender/services/auth-service/vendor/laravel/framework/src/Illuminate/Foundation/Console/Kernel.php(219): Illuminate\\Foundation\\Application->terminate()
#27 /tmp/abdoElHodaky/larvrevrstender/services/auth-service/artisan(51): Illuminate\\Foundation\\Console\\Kernel->terminate()
#28 {main}
"} 
