[2026-02-04 10:09:46] production.ERROR: The /tmp/abdoElHodaky/larvrevrstender/services/shared-service/bootstrap/cache directory must be present and writable. {"exception":"[object] (Exception(code: 0): The /tmp/abdoElHodaky/larvrevrstender/services/shared-service/bootstrap/cache directory must be present and writable. at /tmp/abdoElHodaky/larvrevrstender/services/shared-service/vendor/laravel/framework/src/Illuminate/Foundation/PackageManifest.php:179)
[stacktrace]
#0 /tmp/abdoElHodaky/larvrevrstender/services/shared-service/vendor/laravel/framework/src/Illuminate/Foundation/PackageManifest.php(132): Illuminate\\Foundation\\PackageManifest->write()
#1 /tmp/abdoElHodaky/larvrevrstender/services/shared-service/vendor/laravel/framework/src/Illuminate/Foundation/PackageManifest.php(108): Illuminate\\Foundation\\PackageManifest->build()
#2 /tmp/abdoElHodaky/larvrevrstender/services/shared-service/vendor/laravel/framework/src/Illuminate/Foundation/PackageManifest.php(90): Illuminate\\Foundation\\PackageManifest->getManifest()
#3 /tmp/abdoElHodaky/larvrevrstender/services/shared-service/vendor/laravel/framework/src/Illuminate/Foundation/PackageManifest.php(79): Illuminate\\Foundation\\PackageManifest->config()
#4 /tmp/abdoElHodaky/larvrevrstender/services/shared-service/vendor/laravel/framework/src/Illuminate/Foundation/Bootstrap/RegisterFacades.php(26): Illuminate\\Foundation\\PackageManifest->aliases()
#5 /tmp/abdoElHodaky/larvrevrstender/services/shared-service/vendor/laravel/framework/src/Illuminate/Foundation/Application.php(342): Illuminate\\Foundation\\Bootstrap\\RegisterFacades->bootstrap()
#6 /tmp/abdoElHodaky/larvrevrstender/services/shared-service/vendor/laravel/framework/src/Illuminate/Foundation/Console/Kernel.php(494): Illuminate\\Foundation\\Application->bootstrapWith()
#7 /tmp/abdoElHodaky/larvrevrstender/services/shared-service/vendor/laravel/framework/src/Illuminate/Foundation/Console/Kernel.php(196): Illuminate\\Foundation\\Console\\Kernel->bootstrap()
#8 /tmp/abdoElHodaky/larvrevrstender/services/shared-service/vendor/laravel/framework/src/Illuminate/Foundation/Application.php(1235): Illuminate\\Foundation\\Console\\Kernel->handle()
#9 /tmp/abdoElHodaky/larvrevrstender/services/shared-service/artisan(11): Illuminate\\Foundation\\Application->handleCommand()
#10 {main}
"} 
[2026-02-04 10:09:56] production.ERROR: require(/tmp/abdoElHodaky/larvrevrstender/services/shared-service/bootstrap/../routes/api.php): Failed to open stream: No such file or directory {"exception":"[object] (ErrorException(code: 0): require(/tmp/abdoElHodaky/larvrevrstender/services/shared-service/bootstrap/../routes/api.php): Failed to open stream: No such file or directory at /tmp/abdoElHodaky/larvrevrstender/services/shared-service/vendor/laravel/framework/src/Illuminate/Routing/RouteFileRegistrar.php:34)
[stacktrace]
#0 /tmp/abdoElHodaky/larvrevrstender/services/shared-service/vendor/laravel/framework/src/Illuminate/Foundation/Bootstrap/HandleExceptions.php(258): Illuminate\\Foundation\\Bootstrap\\HandleExceptions->handleError()
#1 /tmp/abdoElHodaky/larvrevrstender/services/shared-service/vendor/laravel/framework/src/Illuminate/Routing/RouteFileRegistrar.php(34): Illuminate\\Foundation\\Bootstrap\\HandleExceptions->Illuminate\\Foundation\\Bootstrap\\{closure}()
#2 /tmp/abdoElHodaky/larvrevrstender/services/shared-service/vendor/laravel/framework/src/Illuminate/Routing/RouteFileRegistrar.php(34): require('...')
#3 /tmp/abdoElHodaky/larvrevrstender/services/shared-service/vendor/laravel/framework/src/Illuminate/Routing/Router.php(526): Illuminate\\Routing\\RouteFileRegistrar->register()
#4 /tmp/abdoElHodaky/larvrevrstender/services/shared-service/vendor/laravel/framework/src/Illuminate/Routing/Router.php(480): Illuminate\\Routing\\Router->loadRoutes()
#5 /tmp/abdoElHodaky/larvrevrstender/services/shared-service/vendor/laravel/framework/src/Illuminate/Routing/RouteRegistrar.php(212): Illuminate\\Routing\\Router->group()
#6 /tmp/abdoElHodaky/larvrevrstender/services/shared-service/vendor/laravel/framework/src/Illuminate/Foundation/Configuration/ApplicationBuilder.php(214): Illuminate\\Routing\\RouteRegistrar->group()
#7 /tmp/abdoElHodaky/larvrevrstender/services/shared-service/vendor/laravel/framework/src/Illuminate/Container/BoundMethod.php(36): Illuminate\\Foundation\\Configuration\\ApplicationBuilder->Illuminate\\Foundation\\Configuration\\{closure}()
#8 /tmp/abdoElHodaky/larvrevrstender/services/shared-service/vendor/laravel/framework/src/Illuminate/Container/Util.php(43): Illuminate\\Container\\BoundMethod::Illuminate\\Container\\{closure}()
#9 /tmp/abdoElHodaky/larvrevrstender/services/shared-service/vendor/laravel/framework/src/Illuminate/Container/BoundMethod.php(84): Illuminate\\Container\\Util::unwrapIfClosure()
#10 /tmp/abdoElHodaky/larvrevrstender/services/shared-service/vendor/laravel/framework/src/Illuminate/Container/BoundMethod.php(35): Illuminate\\Container\\BoundMethod::callBoundMethod()
#11 /tmp/abdoElHodaky/larvrevrstender/services/shared-service/vendor/laravel/framework/src/Illuminate/Container/Container.php(799): Illuminate\\Container\\BoundMethod::call()
#12 /tmp/abdoElHodaky/larvrevrstender/services/shared-service/vendor/laravel/framework/src/Illuminate/Foundation/Support/Providers/RouteServiceProvider.php(162): Illuminate\\Container\\Container->call()
#13 /tmp/abdoElHodaky/larvrevrstender/services/shared-service/vendor/laravel/framework/src/Illuminate/Foundation/Support/Providers/RouteServiceProvider.php(59): Illuminate\\Foundation\\Support\\Providers\\RouteServiceProvider->loadRoutes()
#14 /tmp/abdoElHodaky/larvrevrstender/services/shared-service/vendor/laravel/framework/src/Illuminate/Container/BoundMethod.php(36): Illuminate\\Foundation\\Support\\Providers\\RouteServiceProvider->Illuminate\\Foundation\\Support\\Providers\\{closure}()
#15 /tmp/abdoElHodaky/larvrevrstender/services/shared-service/vendor/laravel/framework/src/Illuminate/Container/Util.php(43): Illuminate\\Container\\BoundMethod::Illuminate\\Container\\{closure}()
#16 /tmp/abdoElHodaky/larvrevrstender/services/shared-service/vendor/laravel/framework/src/Illuminate/Container/BoundMethod.php(84): Illuminate\\Container\\Util::unwrapIfClosure()
#17 /tmp/abdoElHodaky/larvrevrstender/services/shared-service/vendor/laravel/framework/src/Illuminate/Container/BoundMethod.php(35): Illuminate\\Container\\BoundMethod::callBoundMethod()
#18 /tmp/abdoElHodaky/larvrevrstender/services/shared-service/vendor/laravel/framework/src/Illuminate/Container/Container.php(799): Illuminate\\Container\\BoundMethod::call()
#19 /tmp/abdoElHodaky/larvrevrstender/services/shared-service/vendor/laravel/framework/src/Illuminate/Support/ServiceProvider.php(150): Illuminate\\Container\\Container->call()
#20 /tmp/abdoElHodaky/larvrevrstender/services/shared-service/vendor/laravel/framework/src/Illuminate/Foundation/Application.php(1154): Illuminate\\Support\\ServiceProvider->callBootedCallbacks()
#21 /tmp/abdoElHodaky/larvrevrstender/services/shared-service/vendor/laravel/framework/src/Illuminate/Foundation/Application.php(1132): Illuminate\\Foundation\\Application->bootProvider()
#22 [internal function]: Illuminate\\Foundation\\Application->Illuminate\\Foundation\\{closure}()
#23 /tmp/abdoElHodaky/larvrevrstender/services/shared-service/vendor/laravel/framework/src/Illuminate/Foundation/Application.php(1131): array_walk()
#24 /tmp/abdoElHodaky/larvrevrstender/services/shared-service/vendor/laravel/framework/src/Illuminate/Foundation/Bootstrap/BootProviders.php(17): Illuminate\\Foundation\\Application->boot()
#25 /tmp/abdoElHodaky/larvrevrstender/services/shared-service/vendor/laravel/framework/src/Illuminate/Foundation/Application.php(342): Illuminate\\Foundation\\Bootstrap\\BootProviders->bootstrap()
#26 /tmp/abdoElHodaky/larvrevrstender/services/shared-service/vendor/laravel/framework/src/Illuminate/Foundation/Console/Kernel.php(494): Illuminate\\Foundation\\Application->bootstrapWith()
#27 /tmp/abdoElHodaky/larvrevrstender/services/shared-service/vendor/laravel/framework/src/Illuminate/Foundation/Console/Kernel.php(196): Illuminate\\Foundation\\Console\\Kernel->bootstrap()
#28 /tmp/abdoElHodaky/larvrevrstender/services/shared-service/vendor/laravel/framework/src/Illuminate/Foundation/Application.php(1235): Illuminate\\Foundation\\Console\\Kernel->handle()
#29 /tmp/abdoElHodaky/larvrevrstender/services/shared-service/artisan(11): Illuminate\\Foundation\\Application->handleCommand()
#30 {main}
"} 
[2026-02-04 10:09:56] production.ERROR: SQLSTATE[HY000] [2002] Connection refused (Connection: mysql, Host: 127.0.0.1, Port: 3306, Database: laravel, SQL: select count(*) as aggregate from `telescope_entries` where `type` = exception and `family_hash` = e01c2ae6a18716d53c06375b2b5474cf) {"exception":"[object] (Illuminate\\Database\\QueryException(code: 2002): SQLSTATE[HY000] [2002] Connection refused (Connection: mysql, Host: 127.0.0.1, Port: 3306, Database: laravel, SQL: select count(*) as aggregate from `telescope_entries` where `type` = exception and `family_hash` = e01c2ae6a18716d53c06375b2b5474cf) at /tmp/abdoElHodaky/larvrevrstender/services/shared-service/vendor/laravel/framework/src/Illuminate/Database/Connection.php:838)
[stacktrace]
#0 /tmp/abdoElHodaky/larvrevrstender/services/shared-service/vendor/laravel/framework/src/Illuminate/Database/Connection.php(999): Illuminate\\Database\\Connection->runQueryCallback()
#1 /tmp/abdoElHodaky/larvrevrstender/services/shared-service/vendor/laravel/framework/src/Illuminate/Database/Connection.php(978): Illuminate\\Database\\Connection->tryAgainIfCausedByLostConnection()
#2 /tmp/abdoElHodaky/larvrevrstender/services/shared-service/vendor/laravel/framework/src/Illuminate/Database/Connection.php(796): Illuminate\\Database\\Connection->handleQueryException()
#3 /tmp/abdoElHodaky/larvrevrstender/services/shared-service/vendor/laravel/framework/src/Illuminate/Database/Connection.php(411): Illuminate\\Database\\Connection->run()
#4 /tmp/abdoElHodaky/larvrevrstender/services/shared-service/vendor/laravel/framework/src/Illuminate/Database/Query/Builder.php(3389): Illuminate\\Database\\Connection->select()
#5 /tmp/abdoElHodaky/larvrevrstender/services/shared-service/vendor/laravel/framework/src/Illuminate/Database/Query/Builder.php(3374): Illuminate\\Database\\Query\\Builder->runSelect()
#6 /tmp/abdoElHodaky/larvrevrstender/services/shared-service/vendor/laravel/framework/src/Illuminate/Database/Query/Builder.php(3964): Illuminate\\Database\\Query\\Builder->Illuminate\\Database\\Query\\{closure}()
#7 /tmp/abdoElHodaky/larvrevrstender/services/shared-service/vendor/laravel/framework/src/Illuminate/Database/Query/Builder.php(3373): Illuminate\\Database\\Query\\Builder->onceWithColumns()
#8 /tmp/abdoElHodaky/larvrevrstender/services/shared-service/vendor/laravel/framework/src/Illuminate/Database/Query/Builder.php(3888): Illuminate\\Database\\Query\\Builder->get()
#9 /tmp/abdoElHodaky/larvrevrstender/services/shared-service/vendor/laravel/framework/src/Illuminate/Database/Query/Builder.php(3816): Illuminate\\Database\\Query\\Builder->aggregate()
#10 /tmp/abdoElHodaky/larvrevrstender/services/shared-service/vendor/laravel/telescope/src/Storage/DatabaseEntriesRepository.php(123): Illuminate\\Database\\Query\\Builder->count()
#11 /tmp/abdoElHodaky/larvrevrstender/services/shared-service/vendor/laravel/telescope/src/Storage/DatabaseEntriesRepository.php(165): Laravel\\Telescope\\Storage\\DatabaseEntriesRepository->countExceptionOccurences()
#12 [internal function]: Laravel\\Telescope\\Storage\\DatabaseEntriesRepository->Laravel\\Telescope\\Storage\\{closure}()
#13 /tmp/abdoElHodaky/larvrevrstender/services/shared-service/vendor/laravel/framework/src/Illuminate/Collections/Arr.php(823): array_map()
#14 /tmp/abdoElHodaky/larvrevrstender/services/shared-service/vendor/laravel/framework/src/Illuminate/Collections/Collection.php(844): Illuminate\\Support\\Arr::map()
#15 /tmp/abdoElHodaky/larvrevrstender/services/shared-service/vendor/laravel/telescope/src/Storage/DatabaseEntriesRepository.php(164): Illuminate\\Support\\Collection->map()
#16 /tmp/abdoElHodaky/larvrevrstender/services/shared-service/vendor/laravel/framework/src/Illuminate/Collections/Traits/EnumeratesValues.php(272): Laravel\\Telescope\\Storage\\DatabaseEntriesRepository->Laravel\\Telescope\\Storage\\{closure}()
#17 /tmp/abdoElHodaky/larvrevrstender/services/shared-service/vendor/laravel/telescope/src/Storage/DatabaseEntriesRepository.php(163): Illuminate\\Support\\Collection->each()
#18 /tmp/abdoElHodaky/larvrevrstender/services/shared-service/vendor/laravel/telescope/src/Storage/DatabaseEntriesRepository.php(140): Laravel\\Telescope\\Storage\\DatabaseEntriesRepository->storeExceptions()
#19 /tmp/abdoElHodaky/larvrevrstender/services/shared-service/vendor/laravel/telescope/src/Telescope.php(664): Laravel\\Telescope\\Storage\\DatabaseEntriesRepository->store()
#20 [internal function]: Laravel\\Telescope\\Telescope::Laravel\\Telescope\\{closure}()
#21 /tmp/abdoElHodaky/larvrevrstender/services/shared-service/vendor/laravel/telescope/src/Telescope.php(289): call_user_func()
#22 /tmp/abdoElHodaky/larvrevrstender/services/shared-service/vendor/laravel/telescope/src/Telescope.php(656): Laravel\\Telescope\\Telescope::withoutRecording()
#23 /tmp/abdoElHodaky/larvrevrstender/services/shared-service/vendor/laravel/telescope/src/ListensForStorageOpportunities.php(65): Laravel\\Telescope\\Telescope::store()
#24 /tmp/abdoElHodaky/larvrevrstender/services/shared-service/vendor/laravel/framework/src/Illuminate/Container/BoundMethod.php(36): Laravel\\Telescope\\Telescope::Laravel\\Telescope\\{closure}()
#25 /tmp/abdoElHodaky/larvrevrstender/services/shared-service/vendor/laravel/framework/src/Illuminate/Container/Util.php(43): Illuminate\\Container\\BoundMethod::Illuminate\\Container\\{closure}()
#26 /tmp/abdoElHodaky/larvrevrstender/services/shared-service/vendor/laravel/framework/src/Illuminate/Container/BoundMethod.php(84): Illuminate\\Container\\Util::unwrapIfClosure()
#27 /tmp/abdoElHodaky/larvrevrstender/services/shared-service/vendor/laravel/framework/src/Illuminate/Container/BoundMethod.php(35): Illuminate\\Container\\BoundMethod::callBoundMethod()
#28 /tmp/abdoElHodaky/larvrevrstender/services/shared-service/vendor/laravel/framework/src/Illuminate/Container/Container.php(799): Illuminate\\Container\\BoundMethod::call()
#29 /tmp/abdoElHodaky/larvrevrstender/services/shared-service/vendor/laravel/framework/src/Illuminate/Foundation/Application.php(1466): Illuminate\\Container\\Container->call()
#30 /tmp/abdoElHodaky/larvrevrstender/services/shared-service/vendor/laravel/framework/src/Illuminate/Foundation/Console/Kernel.php(219): Illuminate\\Foundation\\Application->terminate()
#31 /tmp/abdoElHodaky/larvrevrstender/services/shared-service/vendor/laravel/framework/src/Illuminate/Foundation/Application.php(1240): Illuminate\\Foundation\\Console\\Kernel->terminate()
#32 /tmp/abdoElHodaky/larvrevrstender/services/shared-service/artisan(11): Illuminate\\Foundation\\Application->handleCommand()
#33 {main}

[previous exception] [object] (PDOException(code: 2002): SQLSTATE[HY000] [2002] Connection refused at /tmp/abdoElHodaky/larvrevrstender/services/shared-service/vendor/laravel/framework/src/Illuminate/Database/Connectors/Connector.php:66)
[stacktrace]
#0 /tmp/abdoElHodaky/larvrevrstender/services/shared-service/vendor/laravel/framework/src/Illuminate/Database/Connectors/Connector.php(66): PDO->__construct()
#1 /tmp/abdoElHodaky/larvrevrstender/services/shared-service/vendor/laravel/framework/src/Illuminate/Database/Connectors/Connector.php(85): Illuminate\\Database\\Connectors\\Connector->createPdoConnection()
#2 /tmp/abdoElHodaky/larvrevrstender/services/shared-service/vendor/laravel/framework/src/Illuminate/Database/Connectors/Connector.php(48): Illuminate\\Database\\Connectors\\Connector->tryAgainIfCausedByLostConnection()
#3 /tmp/abdoElHodaky/larvrevrstender/services/shared-service/vendor/laravel/framework/src/Illuminate/Database/Connectors/MySqlConnector.php(24): Illuminate\\Database\\Connectors\\Connector->createConnection()
#4 /tmp/abdoElHodaky/larvrevrstender/services/shared-service/vendor/laravel/framework/src/Illuminate/Database/Connectors/ConnectionFactory.php(186): Illuminate\\Database\\Connectors\\MySqlConnector->connect()
#5 [internal function]: Illuminate\\Database\\Connectors\\ConnectionFactory->Illuminate\\Database\\Connectors\\{closure}()
#6 /tmp/abdoElHodaky/larvrevrstender/services/shared-service/vendor/laravel/framework/src/Illuminate/Database/Connection.php(1257): call_user_func()
#7 /tmp/abdoElHodaky/larvrevrstender/services/shared-service/vendor/laravel/framework/src/Illuminate/Database/Connection.php(1295): Illuminate\\Database\\Connection->getPdo()
#8 /tmp/abdoElHodaky/larvrevrstender/services/shared-service/vendor/laravel/framework/src/Illuminate/Database/Connection.php(525): Illuminate\\Database\\Connection->getReadPdo()
#9 /tmp/abdoElHodaky/larvrevrstender/services/shared-service/vendor/laravel/framework/src/Illuminate/Database/Connection.php(420): Illuminate\\Database\\Connection->getPdoForSelect()
#10 /tmp/abdoElHodaky/larvrevrstender/services/shared-service/vendor/laravel/framework/src/Illuminate/Database/Connection.php(827): Illuminate\\Database\\Connection->Illuminate\\Database\\{closure}()
#11 /tmp/abdoElHodaky/larvrevrstender/services/shared-service/vendor/laravel/framework/src/Illuminate/Database/Connection.php(999): Illuminate\\Database\\Connection->runQueryCallback()
#12 /tmp/abdoElHodaky/larvrevrstender/services/shared-service/vendor/laravel/framework/src/Illuminate/Database/Connection.php(978): Illuminate\\Database\\Connection->tryAgainIfCausedByLostConnection()
#13 /tmp/abdoElHodaky/larvrevrstender/services/shared-service/vendor/laravel/framework/src/Illuminate/Database/Connection.php(796): Illuminate\\Database\\Connection->handleQueryException()
#14 /tmp/abdoElHodaky/larvrevrstender/services/shared-service/vendor/laravel/framework/src/Illuminate/Database/Connection.php(411): Illuminate\\Database\\Connection->run()
#15 /tmp/abdoElHodaky/larvrevrstender/services/shared-service/vendor/laravel/framework/src/Illuminate/Database/Query/Builder.php(3389): Illuminate\\Database\\Connection->select()
#16 /tmp/abdoElHodaky/larvrevrstender/services/shared-service/vendor/laravel/framework/src/Illuminate/Database/Query/Builder.php(3374): Illuminate\\Database\\Query\\Builder->runSelect()
#17 /tmp/abdoElHodaky/larvrevrstender/services/shared-service/vendor/laravel/framework/src/Illuminate/Database/Query/Builder.php(3964): Illuminate\\Database\\Query\\Builder->Illuminate\\Database\\Query\\{closure}()
#18 /tmp/abdoElHodaky/larvrevrstender/services/shared-service/vendor/laravel/framework/src/Illuminate/Database/Query/Builder.php(3373): Illuminate\\Database\\Query\\Builder->onceWithColumns()
#19 /tmp/abdoElHodaky/larvrevrstender/services/shared-service/vendor/laravel/framework/src/Illuminate/Database/Query/Builder.php(3888): Illuminate\\Database\\Query\\Builder->get()
#20 /tmp/abdoElHodaky/larvrevrstender/services/shared-service/vendor/laravel/framework/src/Illuminate/Database/Query/Builder.php(3816): Illuminate\\Database\\Query\\Builder->aggregate()
#21 /tmp/abdoElHodaky/larvrevrstender/services/shared-service/vendor/laravel/telescope/src/Storage/DatabaseEntriesRepository.php(123): Illuminate\\Database\\Query\\Builder->count()
#22 /tmp/abdoElHodaky/larvrevrstender/services/shared-service/vendor/laravel/telescope/src/Storage/DatabaseEntriesRepository.php(165): Laravel\\Telescope\\Storage\\DatabaseEntriesRepository->countExceptionOccurences()
#23 [internal function]: Laravel\\Telescope\\Storage\\DatabaseEntriesRepository->Laravel\\Telescope\\Storage\\{closure}()
#24 /tmp/abdoElHodaky/larvrevrstender/services/shared-service/vendor/laravel/framework/src/Illuminate/Collections/Arr.php(823): array_map()
#25 /tmp/abdoElHodaky/larvrevrstender/services/shared-service/vendor/laravel/framework/src/Illuminate/Collections/Collection.php(844): Illuminate\\Support\\Arr::map()
#26 /tmp/abdoElHodaky/larvrevrstender/services/shared-service/vendor/laravel/telescope/src/Storage/DatabaseEntriesRepository.php(164): Illuminate\\Support\\Collection->map()
#27 /tmp/abdoElHodaky/larvrevrstender/services/shared-service/vendor/laravel/framework/src/Illuminate/Collections/Traits/EnumeratesValues.php(272): Laravel\\Telescope\\Storage\\DatabaseEntriesRepository->Laravel\\Telescope\\Storage\\{closure}()
#28 /tmp/abdoElHodaky/larvrevrstender/services/shared-service/vendor/laravel/telescope/src/Storage/DatabaseEntriesRepository.php(163): Illuminate\\Support\\Collection->each()
#29 /tmp/abdoElHodaky/larvrevrstender/services/shared-service/vendor/laravel/telescope/src/Storage/DatabaseEntriesRepository.php(140): Laravel\\Telescope\\Storage\\DatabaseEntriesRepository->storeExceptions()
#30 /tmp/abdoElHodaky/larvrevrstender/services/shared-service/vendor/laravel/telescope/src/Telescope.php(664): Laravel\\Telescope\\Storage\\DatabaseEntriesRepository->store()
#31 [internal function]: Laravel\\Telescope\\Telescope::Laravel\\Telescope\\{closure}()
#32 /tmp/abdoElHodaky/larvrevrstender/services/shared-service/vendor/laravel/telescope/src/Telescope.php(289): call_user_func()
#33 /tmp/abdoElHodaky/larvrevrstender/services/shared-service/vendor/laravel/telescope/src/Telescope.php(656): Laravel\\Telescope\\Telescope::withoutRecording()
#34 /tmp/abdoElHodaky/larvrevrstender/services/shared-service/vendor/laravel/telescope/src/ListensForStorageOpportunities.php(65): Laravel\\Telescope\\Telescope::store()
#35 /tmp/abdoElHodaky/larvrevrstender/services/shared-service/vendor/laravel/framework/src/Illuminate/Container/BoundMethod.php(36): Laravel\\Telescope\\Telescope::Laravel\\Telescope\\{closure}()
#36 /tmp/abdoElHodaky/larvrevrstender/services/shared-service/vendor/laravel/framework/src/Illuminate/Container/Util.php(43): Illuminate\\Container\\BoundMethod::Illuminate\\Container\\{closure}()
#37 /tmp/abdoElHodaky/larvrevrstender/services/shared-service/vendor/laravel/framework/src/Illuminate/Container/BoundMethod.php(84): Illuminate\\Container\\Util::unwrapIfClosure()
#38 /tmp/abdoElHodaky/larvrevrstender/services/shared-service/vendor/laravel/framework/src/Illuminate/Container/BoundMethod.php(35): Illuminate\\Container\\BoundMethod::callBoundMethod()
#39 /tmp/abdoElHodaky/larvrevrstender/services/shared-service/vendor/laravel/framework/src/Illuminate/Container/Container.php(799): Illuminate\\Container\\BoundMethod::call()
#40 /tmp/abdoElHodaky/larvrevrstender/services/shared-service/vendor/laravel/framework/src/Illuminate/Foundation/Application.php(1466): Illuminate\\Container\\Container->call()
#41 /tmp/abdoElHodaky/larvrevrstender/services/shared-service/vendor/laravel/framework/src/Illuminate/Foundation/Console/Kernel.php(219): Illuminate\\Foundation\\Application->terminate()
#42 /tmp/abdoElHodaky/larvrevrstender/services/shared-service/vendor/laravel/framework/src/Illuminate/Foundation/Application.php(1240): Illuminate\\Foundation\\Console\\Kernel->terminate()
#43 /tmp/abdoElHodaky/larvrevrstender/services/shared-service/artisan(11): Illuminate\\Foundation\\Application->handleCommand()
#44 {main}
"} 
[2026-02-04 10:11:12] production.ERROR: SQLSTATE[HY000] [2002] Connection refused (Connection: mysql, Host: 127.0.0.1, Port: 3306, Database: laravel, SQL: insert into `telescope_entries` (`batch_id`, `content`, `created_at`, `family_hash`, `type`, `uuid`) values (a0ffad74-8e57-417a-9748-8ccf29decadd, {"command":"test","exit_code":2,"arguments":{"command":"test"},"options":{"without-tty":false,"compact":false,"coverage":false,"min":null,"parallel":false,"profile":false,"recreate-databases":false,"drop-databases":false,"without-databases":false,"help":false,"silent":false,"quiet":false,"verbose":false,"version":false,"ansi":null,"no-interaction":false,"env":null},"hostname":"modal"}, 2026-02-04 10:11:12, ?, command, a0ffad74-8c27-46be-bbd9-fe804a59c027)) {"exception":"[object] (Illuminate\\Database\\QueryException(code: 2002): SQLSTATE[HY000] [2002] Connection refused (Connection: mysql, Host: 127.0.0.1, Port: 3306, Database: laravel, SQL: insert into `telescope_entries` (`batch_id`, `content`, `created_at`, `family_hash`, `type`, `uuid`) values (a0ffad74-8e57-417a-9748-8ccf29decadd, {\"command\":\"test\",\"exit_code\":2,\"arguments\":{\"command\":\"test\"},\"options\":{\"without-tty\":false,\"compact\":false,\"coverage\":false,\"min\":null,\"parallel\":false,\"profile\":false,\"recreate-databases\":false,\"drop-databases\":false,\"without-databases\":false,\"help\":false,\"silent\":false,\"quiet\":false,\"verbose\":false,\"version\":false,\"ansi\":null,\"no-interaction\":false,\"env\":null},\"hostname\":\"modal\"}, 2026-02-04 10:11:12, ?, command, a0ffad74-8c27-46be-bbd9-fe804a59c027)) at /tmp/abdoElHodaky/larvrevrstender/services/shared-service/vendor/laravel/framework/src/Illuminate/Database/Connection.php:838)
[stacktrace]
#0 /tmp/abdoElHodaky/larvrevrstender/services/shared-service/vendor/laravel/framework/src/Illuminate/Database/Connection.php(999): Illuminate\\Database\\Connection->runQueryCallback()
#1 /tmp/abdoElHodaky/larvrevrstender/services/shared-service/vendor/laravel/framework/src/Illuminate/Database/Connection.php(978): Illuminate\\Database\\Connection->tryAgainIfCausedByLostConnection()
#2 /tmp/abdoElHodaky/larvrevrstender/services/shared-service/vendor/laravel/framework/src/Illuminate/Database/Connection.php(796): Illuminate\\Database\\Connection->handleQueryException()
#3 /tmp/abdoElHodaky/larvrevrstender/services/shared-service/vendor/laravel/framework/src/Illuminate/Database/MySqlConnection.php(42): Illuminate\\Database\\Connection->run()
#4 /tmp/abdoElHodaky/larvrevrstender/services/shared-service/vendor/laravel/framework/src/Illuminate/Database/Query/Builder.php(4005): Illuminate\\Database\\MySqlConnection->insert()
#5 /tmp/abdoElHodaky/larvrevrstender/services/shared-service/vendor/laravel/telescope/src/Storage/DatabaseEntriesRepository.php(145): Illuminate\\Database\\Query\\Builder->insert()
#6 /tmp/abdoElHodaky/larvrevrstender/services/shared-service/vendor/laravel/framework/src/Illuminate/Collections/Traits/EnumeratesValues.php(272): Laravel\\Telescope\\Storage\\DatabaseEntriesRepository->Laravel\\Telescope\\Storage\\{closure}()
#7 /tmp/abdoElHodaky/larvrevrstender/services/shared-service/vendor/laravel/telescope/src/Storage/DatabaseEntriesRepository.php(144): Illuminate\\Support\\Collection->each()
#8 /tmp/abdoElHodaky/larvrevrstender/services/shared-service/vendor/laravel/telescope/src/Telescope.php(664): Laravel\\Telescope\\Storage\\DatabaseEntriesRepository->store()
#9 [internal function]: Laravel\\Telescope\\Telescope::Laravel\\Telescope\\{closure}()
#10 /tmp/abdoElHodaky/larvrevrstender/services/shared-service/vendor/laravel/telescope/src/Telescope.php(289): call_user_func()
#11 /tmp/abdoElHodaky/larvrevrstender/services/shared-service/vendor/laravel/telescope/src/Telescope.php(656): Laravel\\Telescope\\Telescope::withoutRecording()
#12 /tmp/abdoElHodaky/larvrevrstender/services/shared-service/vendor/laravel/telescope/src/ListensForStorageOpportunities.php(65): Laravel\\Telescope\\Telescope::store()
#13 /tmp/abdoElHodaky/larvrevrstender/services/shared-service/vendor/laravel/framework/src/Illuminate/Container/BoundMethod.php(36): Laravel\\Telescope\\Telescope::Laravel\\Telescope\\{closure}()
#14 /tmp/abdoElHodaky/larvrevrstender/services/shared-service/vendor/laravel/framework/src/Illuminate/Container/Util.php(43): Illuminate\\Container\\BoundMethod::Illuminate\\Container\\{closure}()
#15 /tmp/abdoElHodaky/larvrevrstender/services/shared-service/vendor/laravel/framework/src/Illuminate/Container/BoundMethod.php(84): Illuminate\\Container\\Util::unwrapIfClosure()
#16 /tmp/abdoElHodaky/larvrevrstender/services/shared-service/vendor/laravel/framework/src/Illuminate/Container/BoundMethod.php(35): Illuminate\\Container\\BoundMethod::callBoundMethod()
#17 /tmp/abdoElHodaky/larvrevrstender/services/shared-service/vendor/laravel/framework/src/Illuminate/Container/Container.php(799): Illuminate\\Container\\BoundMethod::call()
#18 /tmp/abdoElHodaky/larvrevrstender/services/shared-service/vendor/laravel/framework/src/Illuminate/Foundation/Application.php(1466): Illuminate\\Container\\Container->call()
#19 /tmp/abdoElHodaky/larvrevrstender/services/shared-service/vendor/laravel/framework/src/Illuminate/Foundation/Console/Kernel.php(219): Illuminate\\Foundation\\Application->terminate()
#20 /tmp/abdoElHodaky/larvrevrstender/services/shared-service/vendor/laravel/framework/src/Illuminate/Foundation/Application.php(1240): Illuminate\\Foundation\\Console\\Kernel->terminate()
#21 /tmp/abdoElHodaky/larvrevrstender/services/shared-service/artisan(11): Illuminate\\Foundation\\Application->handleCommand()
#22 {main}

[previous exception] [object] (PDOException(code: 2002): SQLSTATE[HY000] [2002] Connection refused at /tmp/abdoElHodaky/larvrevrstender/services/shared-service/vendor/laravel/framework/src/Illuminate/Database/Connectors/Connector.php:66)
[stacktrace]
#0 /tmp/abdoElHodaky/larvrevrstender/services/shared-service/vendor/laravel/framework/src/Illuminate/Database/Connectors/Connector.php(66): PDO->__construct()
#1 /tmp/abdoElHodaky/larvrevrstender/services/shared-service/vendor/laravel/framework/src/Illuminate/Database/Connectors/Connector.php(85): Illuminate\\Database\\Connectors\\Connector->createPdoConnection()
#2 /tmp/abdoElHodaky/larvrevrstender/services/shared-service/vendor/laravel/framework/src/Illuminate/Database/Connectors/Connector.php(48): Illuminate\\Database\\Connectors\\Connector->tryAgainIfCausedByLostConnection()
#3 /tmp/abdoElHodaky/larvrevrstender/services/shared-service/vendor/laravel/framework/src/Illuminate/Database/Connectors/MySqlConnector.php(24): Illuminate\\Database\\Connectors\\Connector->createConnection()
#4 /tmp/abdoElHodaky/larvrevrstender/services/shared-service/vendor/laravel/framework/src/Illuminate/Database/Connectors/ConnectionFactory.php(186): Illuminate\\Database\\Connectors\\MySqlConnector->connect()
#5 [internal function]: Illuminate\\Database\\Connectors\\ConnectionFactory->Illuminate\\Database\\Connectors\\{closure}()
#6 /tmp/abdoElHodaky/larvrevrstender/services/shared-service/vendor/laravel/framework/src/Illuminate/Database/Connection.php(1257): call_user_func()
#7 /tmp/abdoElHodaky/larvrevrstender/services/shared-service/vendor/laravel/framework/src/Illuminate/Database/MySqlConnection.php(47): Illuminate\\Database\\Connection->getPdo()
#8 /tmp/abdoElHodaky/larvrevrstender/services/shared-service/vendor/laravel/framework/src/Illuminate/Database/Connection.php(827): Illuminate\\Database\\MySqlConnection->Illuminate\\Database\\{closure}()
#9 /tmp/abdoElHodaky/larvrevrstender/services/shared-service/vendor/laravel/framework/src/Illuminate/Database/Connection.php(999): Illuminate\\Database\\Connection->runQueryCallback()
#10 /tmp/abdoElHodaky/larvrevrstender/services/shared-service/vendor/laravel/framework/src/Illuminate/Database/Connection.php(978): Illuminate\\Database\\Connection->tryAgainIfCausedByLostConnection()
#11 /tmp/abdoElHodaky/larvrevrstender/services/shared-service/vendor/laravel/framework/src/Illuminate/Database/Connection.php(796): Illuminate\\Database\\Connection->handleQueryException()
#12 /tmp/abdoElHodaky/larvrevrstender/services/shared-service/vendor/laravel/framework/src/Illuminate/Database/MySqlConnection.php(42): Illuminate\\Database\\Connection->run()
#13 /tmp/abdoElHodaky/larvrevrstender/services/shared-service/vendor/laravel/framework/src/Illuminate/Database/Query/Builder.php(4005): Illuminate\\Database\\MySqlConnection->insert()
#14 /tmp/abdoElHodaky/larvrevrstender/services/shared-service/vendor/laravel/telescope/src/Storage/DatabaseEntriesRepository.php(145): Illuminate\\Database\\Query\\Builder->insert()
#15 /tmp/abdoElHodaky/larvrevrstender/services/shared-service/vendor/laravel/framework/src/Illuminate/Collections/Traits/EnumeratesValues.php(272): Laravel\\Telescope\\Storage\\DatabaseEntriesRepository->Laravel\\Telescope\\Storage\\{closure}()
#16 /tmp/abdoElHodaky/larvrevrstender/services/shared-service/vendor/laravel/telescope/src/Storage/DatabaseEntriesRepository.php(144): Illuminate\\Support\\Collection->each()
#17 /tmp/abdoElHodaky/larvrevrstender/services/shared-service/vendor/laravel/telescope/src/Telescope.php(664): Laravel\\Telescope\\Storage\\DatabaseEntriesRepository->store()
#18 [internal function]: Laravel\\Telescope\\Telescope::Laravel\\Telescope\\{closure}()
#19 /tmp/abdoElHodaky/larvrevrstender/services/shared-service/vendor/laravel/telescope/src/Telescope.php(289): call_user_func()
#20 /tmp/abdoElHodaky/larvrevrstender/services/shared-service/vendor/laravel/telescope/src/Telescope.php(656): Laravel\\Telescope\\Telescope::withoutRecording()
#21 /tmp/abdoElHodaky/larvrevrstender/services/shared-service/vendor/laravel/telescope/src/ListensForStorageOpportunities.php(65): Laravel\\Telescope\\Telescope::store()
#22 /tmp/abdoElHodaky/larvrevrstender/services/shared-service/vendor/laravel/framework/src/Illuminate/Container/BoundMethod.php(36): Laravel\\Telescope\\Telescope::Laravel\\Telescope\\{closure}()
#23 /tmp/abdoElHodaky/larvrevrstender/services/shared-service/vendor/laravel/framework/src/Illuminate/Container/Util.php(43): Illuminate\\Container\\BoundMethod::Illuminate\\Container\\{closure}()
#24 /tmp/abdoElHodaky/larvrevrstender/services/shared-service/vendor/laravel/framework/src/Illuminate/Container/BoundMethod.php(84): Illuminate\\Container\\Util::unwrapIfClosure()
#25 /tmp/abdoElHodaky/larvrevrstender/services/shared-service/vendor/laravel/framework/src/Illuminate/Container/BoundMethod.php(35): Illuminate\\Container\\BoundMethod::callBoundMethod()
#26 /tmp/abdoElHodaky/larvrevrstender/services/shared-service/vendor/laravel/framework/src/Illuminate/Container/Container.php(799): Illuminate\\Container\\BoundMethod::call()
#27 /tmp/abdoElHodaky/larvrevrstender/services/shared-service/vendor/laravel/framework/src/Illuminate/Foundation/Application.php(1466): Illuminate\\Container\\Container->call()
#28 /tmp/abdoElHodaky/larvrevrstender/services/shared-service/vendor/laravel/framework/src/Illuminate/Foundation/Console/Kernel.php(219): Illuminate\\Foundation\\Application->terminate()
#29 /tmp/abdoElHodaky/larvrevrstender/services/shared-service/vendor/laravel/framework/src/Illuminate/Foundation/Application.php(1240): Illuminate\\Foundation\\Console\\Kernel->terminate()
#30 /tmp/abdoElHodaky/larvrevrstender/services/shared-service/artisan(11): Illuminate\\Foundation\\Application->handleCommand()
#31 {main}
"} 
[2026-02-04 10:11:23] production.ERROR: SQLSTATE[HY000] [2002] Connection refused (Connection: mysql, Host: 127.0.0.1, Port: 3306, Database: laravel, SQL: insert into `telescope_entries` (`batch_id`, `content`, `created_at`, `family_hash`, `type`, `uuid`) values (a0ffad86-b453-4922-a341-65f8bccbcaaa, {"command":"test","exit_code":0,"arguments":{"command":"test"},"options":{"without-tty":false,"compact":false,"coverage":false,"min":null,"parallel":false,"profile":false,"recreate-databases":false,"drop-databases":false,"without-databases":false,"help":false,"silent":false,"quiet":false,"verbose":false,"version":false,"ansi":null,"no-interaction":false,"env":null},"hostname":"modal"}, 2026-02-04 10:11:23, ?, command, a0ffad86-b210-443a-a246-3c1cbe49f71f)) {"exception":"[object] (Illuminate\\Database\\QueryException(code: 2002): SQLSTATE[HY000] [2002] Connection refused (Connection: mysql, Host: 127.0.0.1, Port: 3306, Database: laravel, SQL: insert into `telescope_entries` (`batch_id`, `content`, `created_at`, `family_hash`, `type`, `uuid`) values (a0ffad86-b453-4922-a341-65f8bccbcaaa, {\"command\":\"test\",\"exit_code\":0,\"arguments\":{\"command\":\"test\"},\"options\":{\"without-tty\":false,\"compact\":false,\"coverage\":false,\"min\":null,\"parallel\":false,\"profile\":false,\"recreate-databases\":false,\"drop-databases\":false,\"without-databases\":false,\"help\":false,\"silent\":false,\"quiet\":false,\"verbose\":false,\"version\":false,\"ansi\":null,\"no-interaction\":false,\"env\":null},\"hostname\":\"modal\"}, 2026-02-04 10:11:23, ?, command, a0ffad86-b210-443a-a246-3c1cbe49f71f)) at /tmp/abdoElHodaky/larvrevrstender/services/shared-service/vendor/laravel/framework/src/Illuminate/Database/Connection.php:838)
[stacktrace]
#0 /tmp/abdoElHodaky/larvrevrstender/services/shared-service/vendor/laravel/framework/src/Illuminate/Database/Connection.php(999): Illuminate\\Database\\Connection->runQueryCallback()
#1 /tmp/abdoElHodaky/larvrevrstender/services/shared-service/vendor/laravel/framework/src/Illuminate/Database/Connection.php(978): Illuminate\\Database\\Connection->tryAgainIfCausedByLostConnection()
#2 /tmp/abdoElHodaky/larvrevrstender/services/shared-service/vendor/laravel/framework/src/Illuminate/Database/Connection.php(796): Illuminate\\Database\\Connection->handleQueryException()
#3 /tmp/abdoElHodaky/larvrevrstender/services/shared-service/vendor/laravel/framework/src/Illuminate/Database/MySqlConnection.php(42): Illuminate\\Database\\Connection->run()
#4 /tmp/abdoElHodaky/larvrevrstender/services/shared-service/vendor/laravel/framework/src/Illuminate/Database/Query/Builder.php(4005): Illuminate\\Database\\MySqlConnection->insert()
#5 /tmp/abdoElHodaky/larvrevrstender/services/shared-service/vendor/laravel/telescope/src/Storage/DatabaseEntriesRepository.php(145): Illuminate\\Database\\Query\\Builder->insert()
#6 /tmp/abdoElHodaky/larvrevrstender/services/shared-service/vendor/laravel/framework/src/Illuminate/Collections/Traits/EnumeratesValues.php(272): Laravel\\Telescope\\Storage\\DatabaseEntriesRepository->Laravel\\Telescope\\Storage\\{closure}()
#7 /tmp/abdoElHodaky/larvrevrstender/services/shared-service/vendor/laravel/telescope/src/Storage/DatabaseEntriesRepository.php(144): Illuminate\\Support\\Collection->each()
#8 /tmp/abdoElHodaky/larvrevrstender/services/shared-service/vendor/laravel/telescope/src/Telescope.php(664): Laravel\\Telescope\\Storage\\DatabaseEntriesRepository->store()
#9 [internal function]: Laravel\\Telescope\\Telescope::Laravel\\Telescope\\{closure}()
#10 /tmp/abdoElHodaky/larvrevrstender/services/shared-service/vendor/laravel/telescope/src/Telescope.php(289): call_user_func()
#11 /tmp/abdoElHodaky/larvrevrstender/services/shared-service/vendor/laravel/telescope/src/Telescope.php(656): Laravel\\Telescope\\Telescope::withoutRecording()
#12 /tmp/abdoElHodaky/larvrevrstender/services/shared-service/vendor/laravel/telescope/src/ListensForStorageOpportunities.php(65): Laravel\\Telescope\\Telescope::store()
#13 /tmp/abdoElHodaky/larvrevrstender/services/shared-service/vendor/laravel/framework/src/Illuminate/Container/BoundMethod.php(36): Laravel\\Telescope\\Telescope::Laravel\\Telescope\\{closure}()
#14 /tmp/abdoElHodaky/larvrevrstender/services/shared-service/vendor/laravel/framework/src/Illuminate/Container/Util.php(43): Illuminate\\Container\\BoundMethod::Illuminate\\Container\\{closure}()
#15 /tmp/abdoElHodaky/larvrevrstender/services/shared-service/vendor/laravel/framework/src/Illuminate/Container/BoundMethod.php(84): Illuminate\\Container\\Util::unwrapIfClosure()
#16 /tmp/abdoElHodaky/larvrevrstender/services/shared-service/vendor/laravel/framework/src/Illuminate/Container/BoundMethod.php(35): Illuminate\\Container\\BoundMethod::callBoundMethod()
#17 /tmp/abdoElHodaky/larvrevrstender/services/shared-service/vendor/laravel/framework/src/Illuminate/Container/Container.php(799): Illuminate\\Container\\BoundMethod::call()
#18 /tmp/abdoElHodaky/larvrevrstender/services/shared-service/vendor/laravel/framework/src/Illuminate/Foundation/Application.php(1466): Illuminate\\Container\\Container->call()
#19 /tmp/abdoElHodaky/larvrevrstender/services/shared-service/vendor/laravel/framework/src/Illuminate/Foundation/Console/Kernel.php(219): Illuminate\\Foundation\\Application->terminate()
#20 /tmp/abdoElHodaky/larvrevrstender/services/shared-service/vendor/laravel/framework/src/Illuminate/Foundation/Application.php(1240): Illuminate\\Foundation\\Console\\Kernel->terminate()
#21 /tmp/abdoElHodaky/larvrevrstender/services/shared-service/artisan(11): Illuminate\\Foundation\\Application->handleCommand()
#22 {main}

[previous exception] [object] (PDOException(code: 2002): SQLSTATE[HY000] [2002] Connection refused at /tmp/abdoElHodaky/larvrevrstender/services/shared-service/vendor/laravel/framework/src/Illuminate/Database/Connectors/Connector.php:66)
[stacktrace]
#0 /tmp/abdoElHodaky/larvrevrstender/services/shared-service/vendor/laravel/framework/src/Illuminate/Database/Connectors/Connector.php(66): PDO->__construct()
#1 /tmp/abdoElHodaky/larvrevrstender/services/shared-service/vendor/laravel/framework/src/Illuminate/Database/Connectors/Connector.php(85): Illuminate\\Database\\Connectors\\Connector->createPdoConnection()
#2 /tmp/abdoElHodaky/larvrevrstender/services/shared-service/vendor/laravel/framework/src/Illuminate/Database/Connectors/Connector.php(48): Illuminate\\Database\\Connectors\\Connector->tryAgainIfCausedByLostConnection()
#3 /tmp/abdoElHodaky/larvrevrstender/services/shared-service/vendor/laravel/framework/src/Illuminate/Database/Connectors/MySqlConnector.php(24): Illuminate\\Database\\Connectors\\Connector->createConnection()
#4 /tmp/abdoElHodaky/larvrevrstender/services/shared-service/vendor/laravel/framework/src/Illuminate/Database/Connectors/ConnectionFactory.php(186): Illuminate\\Database\\Connectors\\MySqlConnector->connect()
#5 [internal function]: Illuminate\\Database\\Connectors\\ConnectionFactory->Illuminate\\Database\\Connectors\\{closure}()
#6 /tmp/abdoElHodaky/larvrevrstender/services/shared-service/vendor/laravel/framework/src/Illuminate/Database/Connection.php(1257): call_user_func()
#7 /tmp/abdoElHodaky/larvrevrstender/services/shared-service/vendor/laravel/framework/src/Illuminate/Database/MySqlConnection.php(47): Illuminate\\Database\\Connection->getPdo()
#8 /tmp/abdoElHodaky/larvrevrstender/services/shared-service/vendor/laravel/framework/src/Illuminate/Database/Connection.php(827): Illuminate\\Database\\MySqlConnection->Illuminate\\Database\\{closure}()
#9 /tmp/abdoElHodaky/larvrevrstender/services/shared-service/vendor/laravel/framework/src/Illuminate/Database/Connection.php(999): Illuminate\\Database\\Connection->runQueryCallback()
#10 /tmp/abdoElHodaky/larvrevrstender/services/shared-service/vendor/laravel/framework/src/Illuminate/Database/Connection.php(978): Illuminate\\Database\\Connection->tryAgainIfCausedByLostConnection()
#11 /tmp/abdoElHodaky/larvrevrstender/services/shared-service/vendor/laravel/framework/src/Illuminate/Database/Connection.php(796): Illuminate\\Database\\Connection->handleQueryException()
#12 /tmp/abdoElHodaky/larvrevrstender/services/shared-service/vendor/laravel/framework/src/Illuminate/Database/MySqlConnection.php(42): Illuminate\\Database\\Connection->run()
#13 /tmp/abdoElHodaky/larvrevrstender/services/shared-service/vendor/laravel/framework/src/Illuminate/Database/Query/Builder.php(4005): Illuminate\\Database\\MySqlConnection->insert()
#14 /tmp/abdoElHodaky/larvrevrstender/services/shared-service/vendor/laravel/telescope/src/Storage/DatabaseEntriesRepository.php(145): Illuminate\\Database\\Query\\Builder->insert()
#15 /tmp/abdoElHodaky/larvrevrstender/services/shared-service/vendor/laravel/framework/src/Illuminate/Collections/Traits/EnumeratesValues.php(272): Laravel\\Telescope\\Storage\\DatabaseEntriesRepository->Laravel\\Telescope\\Storage\\{closure}()
#16 /tmp/abdoElHodaky/larvrevrstender/services/shared-service/vendor/laravel/telescope/src/Storage/DatabaseEntriesRepository.php(144): Illuminate\\Support\\Collection->each()
#17 /tmp/abdoElHodaky/larvrevrstender/services/shared-service/vendor/laravel/telescope/src/Telescope.php(664): Laravel\\Telescope\\Storage\\DatabaseEntriesRepository->store()
#18 [internal function]: Laravel\\Telescope\\Telescope::Laravel\\Telescope\\{closure}()
#19 /tmp/abdoElHodaky/larvrevrstender/services/shared-service/vendor/laravel/telescope/src/Telescope.php(289): call_user_func()
#20 /tmp/abdoElHodaky/larvrevrstender/services/shared-service/vendor/laravel/telescope/src/Telescope.php(656): Laravel\\Telescope\\Telescope::withoutRecording()
#21 /tmp/abdoElHodaky/larvrevrstender/services/shared-service/vendor/laravel/telescope/src/ListensForStorageOpportunities.php(65): Laravel\\Telescope\\Telescope::store()
#22 /tmp/abdoElHodaky/larvrevrstender/services/shared-service/vendor/laravel/framework/src/Illuminate/Container/BoundMethod.php(36): Laravel\\Telescope\\Telescope::Laravel\\Telescope\\{closure}()
#23 /tmp/abdoElHodaky/larvrevrstender/services/shared-service/vendor/laravel/framework/src/Illuminate/Container/Util.php(43): Illuminate\\Container\\BoundMethod::Illuminate\\Container\\{closure}()
#24 /tmp/abdoElHodaky/larvrevrstender/services/shared-service/vendor/laravel/framework/src/Illuminate/Container/BoundMethod.php(84): Illuminate\\Container\\Util::unwrapIfClosure()
#25 /tmp/abdoElHodaky/larvrevrstender/services/shared-service/vendor/laravel/framework/src/Illuminate/Container/BoundMethod.php(35): Illuminate\\Container\\BoundMethod::callBoundMethod()
#26 /tmp/abdoElHodaky/larvrevrstender/services/shared-service/vendor/laravel/framework/src/Illuminate/Container/Container.php(799): Illuminate\\Container\\BoundMethod::call()
#27 /tmp/abdoElHodaky/larvrevrstender/services/shared-service/vendor/laravel/framework/src/Illuminate/Foundation/Application.php(1466): Illuminate\\Container\\Container->call()
#28 /tmp/abdoElHodaky/larvrevrstender/services/shared-service/vendor/laravel/framework/src/Illuminate/Foundation/Console/Kernel.php(219): Illuminate\\Foundation\\Application->terminate()
#29 /tmp/abdoElHodaky/larvrevrstender/services/shared-service/vendor/laravel/framework/src/Illuminate/Foundation/Application.php(1240): Illuminate\\Foundation\\Console\\Kernel->terminate()
#30 /tmp/abdoElHodaky/larvrevrstender/services/shared-service/artisan(11): Illuminate\\Foundation\\Application->handleCommand()
#31 {main}
"} 
