[2026-02-05 13:24:06] local.ERROR: could not find driver (Connection: mysql, Host: 127.0.0.1, Port: 3306, Database: order_service, SQL: insert into `telescope_entries` (`batch_id`, `content`, `created_at`, `family_hash`, `type`, `uuid`) values (a101b50e-0989-4f4a-b317-e2f5dafbb6aa, {"command":"test","exit_code":1,"arguments":{"command":"test"},"options":{"without-tty":false,"compact":false,"coverage":false,"min":null,"parallel":false,"profile":false,"recreate-databases":false,"drop-databases":false,"without-databases":false,"help":false,"silent":false,"quiet":false,"verbose":false,"version":false,"ansi":null,"no-interaction":false,"env":null},"hostname":"modal"}, 2026-02-05 13:24:06, ?, command, a101b50e-0789-495f-8f61-33c932018c32)) {"exception":"[object] (Illuminate\\Database\\QueryException(code: 0): could not find driver (Connection: mysql, Host: 127.0.0.1, Port: 3306, Database: order_service, SQL: insert into `telescope_entries` (`batch_id`, `content`, `created_at`, `family_hash`, `type`, `uuid`) values (a101b50e-0989-4f4a-b317-e2f5dafbb6aa, {\"command\":\"test\",\"exit_code\":1,\"arguments\":{\"command\":\"test\"},\"options\":{\"without-tty\":false,\"compact\":false,\"coverage\":false,\"min\":null,\"parallel\":false,\"profile\":false,\"recreate-databases\":false,\"drop-databases\":false,\"without-databases\":false,\"help\":false,\"silent\":false,\"quiet\":false,\"verbose\":false,\"version\":false,\"ansi\":null,\"no-interaction\":false,\"env\":null},\"hostname\":\"modal\"}, 2026-02-05 13:24:06, ?, command, a101b50e-0789-495f-8f61-33c932018c32)) at /tmp/abdoElHodaky/larvrevrstender/services/order-service/vendor/laravel/framework/src/Illuminate/Database/Connection.php:838)
[stacktrace]
#0 /tmp/abdoElHodaky/larvrevrstender/services/order-service/vendor/laravel/framework/src/Illuminate/Database/Connection.php(794): Illuminate\\Database\\Connection->runQueryCallback()
#1 /tmp/abdoElHodaky/larvrevrstender/services/order-service/vendor/laravel/framework/src/Illuminate/Database/MySqlConnection.php(42): Illuminate\\Database\\Connection->run()
#2 /tmp/abdoElHodaky/larvrevrstender/services/order-service/vendor/laravel/framework/src/Illuminate/Database/Query/Builder.php(4005): Illuminate\\Database\\MySqlConnection->insert()
#3 /tmp/abdoElHodaky/larvrevrstender/services/order-service/vendor/laravel/telescope/src/Storage/DatabaseEntriesRepository.php(145): Illuminate\\Database\\Query\\Builder->insert()
#4 /tmp/abdoElHodaky/larvrevrstender/services/order-service/vendor/laravel/framework/src/Illuminate/Collections/Traits/EnumeratesValues.php(275): Laravel\\Telescope\\Storage\\DatabaseEntriesRepository->Laravel\\Telescope\\Storage\\{closure}()
#5 /tmp/abdoElHodaky/larvrevrstender/services/order-service/vendor/laravel/telescope/src/Storage/DatabaseEntriesRepository.php(144): Illuminate\\Support\\Collection->each()
#6 /tmp/abdoElHodaky/larvrevrstender/services/order-service/vendor/laravel/telescope/src/Telescope.php(664): Laravel\\Telescope\\Storage\\DatabaseEntriesRepository->store()
#7 [internal function]: Laravel\\Telescope\\Telescope::Laravel\\Telescope\\{closure}()
#8 /tmp/abdoElHodaky/larvrevrstender/services/order-service/vendor/laravel/telescope/src/Telescope.php(289): call_user_func()
#9 /tmp/abdoElHodaky/larvrevrstender/services/order-service/vendor/laravel/telescope/src/Telescope.php(656): Laravel\\Telescope\\Telescope::withoutRecording()
#10 /tmp/abdoElHodaky/larvrevrstender/services/order-service/vendor/laravel/telescope/src/ListensForStorageOpportunities.php(65): Laravel\\Telescope\\Telescope::store()
#11 /tmp/abdoElHodaky/larvrevrstender/services/order-service/vendor/laravel/framework/src/Illuminate/Container/BoundMethod.php(36): Laravel\\Telescope\\Telescope::Laravel\\Telescope\\{closure}()
#12 /tmp/abdoElHodaky/larvrevrstender/services/order-service/vendor/laravel/framework/src/Illuminate/Container/Util.php(43): Illuminate\\Container\\BoundMethod::Illuminate\\Container\\{closure}()
#13 /tmp/abdoElHodaky/larvrevrstender/services/order-service/vendor/laravel/framework/src/Illuminate/Container/BoundMethod.php(84): Illuminate\\Container\\Util::unwrapIfClosure()
#14 /tmp/abdoElHodaky/larvrevrstender/services/order-service/vendor/laravel/framework/src/Illuminate/Container/BoundMethod.php(35): Illuminate\\Container\\BoundMethod::callBoundMethod()
#15 /tmp/abdoElHodaky/larvrevrstender/services/order-service/vendor/laravel/framework/src/Illuminate/Container/Container.php(799): Illuminate\\Container\\BoundMethod::call()
#16 /tmp/abdoElHodaky/larvrevrstender/services/order-service/vendor/laravel/framework/src/Illuminate/Foundation/Application.php(1466): Illuminate\\Container\\Container->call()
#17 /tmp/abdoElHodaky/larvrevrstender/services/order-service/vendor/laravel/framework/src/Illuminate/Foundation/Console/Kernel.php(219): Illuminate\\Foundation\\Application->terminate()
#18 /tmp/abdoElHodaky/larvrevrstender/services/order-service/artisan(51): Illuminate\\Foundation\\Console\\Kernel->terminate()
#19 {main}

[previous exception] [object] (PDOException(code: 0): could not find driver at /tmp/abdoElHodaky/larvrevrstender/services/order-service/vendor/laravel/framework/src/Illuminate/Database/Connectors/Connector.php:66)
[stacktrace]
#0 /tmp/abdoElHodaky/larvrevrstender/services/order-service/vendor/laravel/framework/src/Illuminate/Database/Connectors/Connector.php(66): PDO->__construct()
#1 /tmp/abdoElHodaky/larvrevrstender/services/order-service/vendor/laravel/framework/src/Illuminate/Database/Connectors/Connector.php(44): Illuminate\\Database\\Connectors\\Connector->createPdoConnection()
#2 /tmp/abdoElHodaky/larvrevrstender/services/order-service/vendor/laravel/framework/src/Illuminate/Database/Connectors/MySqlConnector.php(24): Illuminate\\Database\\Connectors\\Connector->createConnection()
#3 /tmp/abdoElHodaky/larvrevrstender/services/order-service/vendor/laravel/framework/src/Illuminate/Database/Connectors/ConnectionFactory.php(186): Illuminate\\Database\\Connectors\\MySqlConnector->connect()
#4 [internal function]: Illuminate\\Database\\Connectors\\ConnectionFactory->Illuminate\\Database\\Connectors\\{closure}()
#5 /tmp/abdoElHodaky/larvrevrstender/services/order-service/vendor/laravel/framework/src/Illuminate/Database/Connection.php(1257): call_user_func()
#6 /tmp/abdoElHodaky/larvrevrstender/services/order-service/vendor/laravel/framework/src/Illuminate/Database/MySqlConnection.php(47): Illuminate\\Database\\Connection->getPdo()
#7 /tmp/abdoElHodaky/larvrevrstender/services/order-service/vendor/laravel/framework/src/Illuminate/Database/Connection.php(827): Illuminate\\Database\\MySqlConnection->Illuminate\\Database\\{closure}()
#8 /tmp/abdoElHodaky/larvrevrstender/services/order-service/vendor/laravel/framework/src/Illuminate/Database/Connection.php(794): Illuminate\\Database\\Connection->runQueryCallback()
#9 /tmp/abdoElHodaky/larvrevrstender/services/order-service/vendor/laravel/framework/src/Illuminate/Database/MySqlConnection.php(42): Illuminate\\Database\\Connection->run()
#10 /tmp/abdoElHodaky/larvrevrstender/services/order-service/vendor/laravel/framework/src/Illuminate/Database/Query/Builder.php(4005): Illuminate\\Database\\MySqlConnection->insert()
#11 /tmp/abdoElHodaky/larvrevrstender/services/order-service/vendor/laravel/telescope/src/Storage/DatabaseEntriesRepository.php(145): Illuminate\\Database\\Query\\Builder->insert()
#12 /tmp/abdoElHodaky/larvrevrstender/services/order-service/vendor/laravel/framework/src/Illuminate/Collections/Traits/EnumeratesValues.php(275): Laravel\\Telescope\\Storage\\DatabaseEntriesRepository->Laravel\\Telescope\\Storage\\{closure}()
#13 /tmp/abdoElHodaky/larvrevrstender/services/order-service/vendor/laravel/telescope/src/Storage/DatabaseEntriesRepository.php(144): Illuminate\\Support\\Collection->each()
#14 /tmp/abdoElHodaky/larvrevrstender/services/order-service/vendor/laravel/telescope/src/Telescope.php(664): Laravel\\Telescope\\Storage\\DatabaseEntriesRepository->store()
#15 [internal function]: Laravel\\Telescope\\Telescope::Laravel\\Telescope\\{closure}()
#16 /tmp/abdoElHodaky/larvrevrstender/services/order-service/vendor/laravel/telescope/src/Telescope.php(289): call_user_func()
#17 /tmp/abdoElHodaky/larvrevrstender/services/order-service/vendor/laravel/telescope/src/Telescope.php(656): Laravel\\Telescope\\Telescope::withoutRecording()
#18 /tmp/abdoElHodaky/larvrevrstender/services/order-service/vendor/laravel/telescope/src/ListensForStorageOpportunities.php(65): Laravel\\Telescope\\Telescope::store()
#19 /tmp/abdoElHodaky/larvrevrstender/services/order-service/vendor/laravel/framework/src/Illuminate/Container/BoundMethod.php(36): Laravel\\Telescope\\Telescope::Laravel\\Telescope\\{closure}()
#20 /tmp/abdoElHodaky/larvrevrstender/services/order-service/vendor/laravel/framework/src/Illuminate/Container/Util.php(43): Illuminate\\Container\\BoundMethod::Illuminate\\Container\\{closure}()
#21 /tmp/abdoElHodaky/larvrevrstender/services/order-service/vendor/laravel/framework/src/Illuminate/Container/BoundMethod.php(84): Illuminate\\Container\\Util::unwrapIfClosure()
#22 /tmp/abdoElHodaky/larvrevrstender/services/order-service/vendor/laravel/framework/src/Illuminate/Container/BoundMethod.php(35): Illuminate\\Container\\BoundMethod::callBoundMethod()
#23 /tmp/abdoElHodaky/larvrevrstender/services/order-service/vendor/laravel/framework/src/Illuminate/Container/Container.php(799): Illuminate\\Container\\BoundMethod::call()
#24 /tmp/abdoElHodaky/larvrevrstender/services/order-service/vendor/laravel/framework/src/Illuminate/Foundation/Application.php(1466): Illuminate\\Container\\Container->call()
#25 /tmp/abdoElHodaky/larvrevrstender/services/order-service/vendor/laravel/framework/src/Illuminate/Foundation/Console/Kernel.php(219): Illuminate\\Foundation\\Application->terminate()
#26 /tmp/abdoElHodaky/larvrevrstender/services/order-service/artisan(51): Illuminate\\Foundation\\Console\\Kernel->terminate()
#27 {main}
"} 
[2026-02-05 13:24:35] local.ERROR: could not find driver (Connection: mysql, Host: 127.0.0.1, Port: 3306, Database: order_service, SQL: insert into `telescope_entries` (`batch_id`, `content`, `created_at`, `family_hash`, `type`, `uuid`) values (a101b539-c491-4d61-a930-51531bb79d2a, {"command":"test","exit_code":0,"arguments":{"command":"test"},"options":{"without-tty":false,"compact":false,"coverage":false,"min":null,"parallel":false,"profile":false,"recreate-databases":false,"drop-databases":false,"without-databases":false,"help":false,"silent":false,"quiet":false,"verbose":false,"version":false,"ansi":null,"no-interaction":false,"env":null},"hostname":"modal"}, 2026-02-05 13:24:35, ?, command, a101b539-c2a0-48fb-87c4-12b21c939948)) {"exception":"[object] (Illuminate\\Database\\QueryException(code: 0): could not find driver (Connection: mysql, Host: 127.0.0.1, Port: 3306, Database: order_service, SQL: insert into `telescope_entries` (`batch_id`, `content`, `created_at`, `family_hash`, `type`, `uuid`) values (a101b539-c491-4d61-a930-51531bb79d2a, {\"command\":\"test\",\"exit_code\":0,\"arguments\":{\"command\":\"test\"},\"options\":{\"without-tty\":false,\"compact\":false,\"coverage\":false,\"min\":null,\"parallel\":false,\"profile\":false,\"recreate-databases\":false,\"drop-databases\":false,\"without-databases\":false,\"help\":false,\"silent\":false,\"quiet\":false,\"verbose\":false,\"version\":false,\"ansi\":null,\"no-interaction\":false,\"env\":null},\"hostname\":\"modal\"}, 2026-02-05 13:24:35, ?, command, a101b539-c2a0-48fb-87c4-12b21c939948)) at /tmp/abdoElHodaky/larvrevrstender/services/order-service/vendor/laravel/framework/src/Illuminate/Database/Connection.php:838)
[stacktrace]
#0 /tmp/abdoElHodaky/larvrevrstender/services/order-service/vendor/laravel/framework/src/Illuminate/Database/Connection.php(794): Illuminate\\Database\\Connection->runQueryCallback()
#1 /tmp/abdoElHodaky/larvrevrstender/services/order-service/vendor/laravel/framework/src/Illuminate/Database/MySqlConnection.php(42): Illuminate\\Database\\Connection->run()
#2 /tmp/abdoElHodaky/larvrevrstender/services/order-service/vendor/laravel/framework/src/Illuminate/Database/Query/Builder.php(4005): Illuminate\\Database\\MySqlConnection->insert()
#3 /tmp/abdoElHodaky/larvrevrstender/services/order-service/vendor/laravel/telescope/src/Storage/DatabaseEntriesRepository.php(145): Illuminate\\Database\\Query\\Builder->insert()
#4 /tmp/abdoElHodaky/larvrevrstender/services/order-service/vendor/laravel/framework/src/Illuminate/Collections/Traits/EnumeratesValues.php(275): Laravel\\Telescope\\Storage\\DatabaseEntriesRepository->Laravel\\Telescope\\Storage\\{closure}()
#5 /tmp/abdoElHodaky/larvrevrstender/services/order-service/vendor/laravel/telescope/src/Storage/DatabaseEntriesRepository.php(144): Illuminate\\Support\\Collection->each()
#6 /tmp/abdoElHodaky/larvrevrstender/services/order-service/vendor/laravel/telescope/src/Telescope.php(664): Laravel\\Telescope\\Storage\\DatabaseEntriesRepository->store()
#7 [internal function]: Laravel\\Telescope\\Telescope::Laravel\\Telescope\\{closure}()
#8 /tmp/abdoElHodaky/larvrevrstender/services/order-service/vendor/laravel/telescope/src/Telescope.php(289): call_user_func()
#9 /tmp/abdoElHodaky/larvrevrstender/services/order-service/vendor/laravel/telescope/src/Telescope.php(656): Laravel\\Telescope\\Telescope::withoutRecording()
#10 /tmp/abdoElHodaky/larvrevrstender/services/order-service/vendor/laravel/telescope/src/ListensForStorageOpportunities.php(65): Laravel\\Telescope\\Telescope::store()
#11 /tmp/abdoElHodaky/larvrevrstender/services/order-service/vendor/laravel/framework/src/Illuminate/Container/BoundMethod.php(36): Laravel\\Telescope\\Telescope::Laravel\\Telescope\\{closure}()
#12 /tmp/abdoElHodaky/larvrevrstender/services/order-service/vendor/laravel/framework/src/Illuminate/Container/Util.php(43): Illuminate\\Container\\BoundMethod::Illuminate\\Container\\{closure}()
#13 /tmp/abdoElHodaky/larvrevrstender/services/order-service/vendor/laravel/framework/src/Illuminate/Container/BoundMethod.php(84): Illuminate\\Container\\Util::unwrapIfClosure()
#14 /tmp/abdoElHodaky/larvrevrstender/services/order-service/vendor/laravel/framework/src/Illuminate/Container/BoundMethod.php(35): Illuminate\\Container\\BoundMethod::callBoundMethod()
#15 /tmp/abdoElHodaky/larvrevrstender/services/order-service/vendor/laravel/framework/src/Illuminate/Container/Container.php(799): Illuminate\\Container\\BoundMethod::call()
#16 /tmp/abdoElHodaky/larvrevrstender/services/order-service/vendor/laravel/framework/src/Illuminate/Foundation/Application.php(1466): Illuminate\\Container\\Container->call()
#17 /tmp/abdoElHodaky/larvrevrstender/services/order-service/vendor/laravel/framework/src/Illuminate/Foundation/Console/Kernel.php(219): Illuminate\\Foundation\\Application->terminate()
#18 /tmp/abdoElHodaky/larvrevrstender/services/order-service/artisan(51): Illuminate\\Foundation\\Console\\Kernel->terminate()
#19 {main}

[previous exception] [object] (PDOException(code: 0): could not find driver at /tmp/abdoElHodaky/larvrevrstender/services/order-service/vendor/laravel/framework/src/Illuminate/Database/Connectors/Connector.php:66)
[stacktrace]
#0 /tmp/abdoElHodaky/larvrevrstender/services/order-service/vendor/laravel/framework/src/Illuminate/Database/Connectors/Connector.php(66): PDO->__construct()
#1 /tmp/abdoElHodaky/larvrevrstender/services/order-service/vendor/laravel/framework/src/Illuminate/Database/Connectors/Connector.php(44): Illuminate\\Database\\Connectors\\Connector->createPdoConnection()
#2 /tmp/abdoElHodaky/larvrevrstender/services/order-service/vendor/laravel/framework/src/Illuminate/Database/Connectors/MySqlConnector.php(24): Illuminate\\Database\\Connectors\\Connector->createConnection()
#3 /tmp/abdoElHodaky/larvrevrstender/services/order-service/vendor/laravel/framework/src/Illuminate/Database/Connectors/ConnectionFactory.php(186): Illuminate\\Database\\Connectors\\MySqlConnector->connect()
#4 [internal function]: Illuminate\\Database\\Connectors\\ConnectionFactory->Illuminate\\Database\\Connectors\\{closure}()
#5 /tmp/abdoElHodaky/larvrevrstender/services/order-service/vendor/laravel/framework/src/Illuminate/Database/Connection.php(1257): call_user_func()
#6 /tmp/abdoElHodaky/larvrevrstender/services/order-service/vendor/laravel/framework/src/Illuminate/Database/MySqlConnection.php(47): Illuminate\\Database\\Connection->getPdo()
#7 /tmp/abdoElHodaky/larvrevrstender/services/order-service/vendor/laravel/framework/src/Illuminate/Database/Connection.php(827): Illuminate\\Database\\MySqlConnection->Illuminate\\Database\\{closure}()
#8 /tmp/abdoElHodaky/larvrevrstender/services/order-service/vendor/laravel/framework/src/Illuminate/Database/Connection.php(794): Illuminate\\Database\\Connection->runQueryCallback()
#9 /tmp/abdoElHodaky/larvrevrstender/services/order-service/vendor/laravel/framework/src/Illuminate/Database/MySqlConnection.php(42): Illuminate\\Database\\Connection->run()
#10 /tmp/abdoElHodaky/larvrevrstender/services/order-service/vendor/laravel/framework/src/Illuminate/Database/Query/Builder.php(4005): Illuminate\\Database\\MySqlConnection->insert()
#11 /tmp/abdoElHodaky/larvrevrstender/services/order-service/vendor/laravel/telescope/src/Storage/DatabaseEntriesRepository.php(145): Illuminate\\Database\\Query\\Builder->insert()
#12 /tmp/abdoElHodaky/larvrevrstender/services/order-service/vendor/laravel/framework/src/Illuminate/Collections/Traits/EnumeratesValues.php(275): Laravel\\Telescope\\Storage\\DatabaseEntriesRepository->Laravel\\Telescope\\Storage\\{closure}()
#13 /tmp/abdoElHodaky/larvrevrstender/services/order-service/vendor/laravel/telescope/src/Storage/DatabaseEntriesRepository.php(144): Illuminate\\Support\\Collection->each()
#14 /tmp/abdoElHodaky/larvrevrstender/services/order-service/vendor/laravel/telescope/src/Telescope.php(664): Laravel\\Telescope\\Storage\\DatabaseEntriesRepository->store()
#15 [internal function]: Laravel\\Telescope\\Telescope::Laravel\\Telescope\\{closure}()
#16 /tmp/abdoElHodaky/larvrevrstender/services/order-service/vendor/laravel/telescope/src/Telescope.php(289): call_user_func()
#17 /tmp/abdoElHodaky/larvrevrstender/services/order-service/vendor/laravel/telescope/src/Telescope.php(656): Laravel\\Telescope\\Telescope::withoutRecording()
#18 /tmp/abdoElHodaky/larvrevrstender/services/order-service/vendor/laravel/telescope/src/ListensForStorageOpportunities.php(65): Laravel\\Telescope\\Telescope::store()
#19 /tmp/abdoElHodaky/larvrevrstender/services/order-service/vendor/laravel/framework/src/Illuminate/Container/BoundMethod.php(36): Laravel\\Telescope\\Telescope::Laravel\\Telescope\\{closure}()
#20 /tmp/abdoElHodaky/larvrevrstender/services/order-service/vendor/laravel/framework/src/Illuminate/Container/Util.php(43): Illuminate\\Container\\BoundMethod::Illuminate\\Container\\{closure}()
#21 /tmp/abdoElHodaky/larvrevrstender/services/order-service/vendor/laravel/framework/src/Illuminate/Container/BoundMethod.php(84): Illuminate\\Container\\Util::unwrapIfClosure()
#22 /tmp/abdoElHodaky/larvrevrstender/services/order-service/vendor/laravel/framework/src/Illuminate/Container/BoundMethod.php(35): Illuminate\\Container\\BoundMethod::callBoundMethod()
#23 /tmp/abdoElHodaky/larvrevrstender/services/order-service/vendor/laravel/framework/src/Illuminate/Container/Container.php(799): Illuminate\\Container\\BoundMethod::call()
#24 /tmp/abdoElHodaky/larvrevrstender/services/order-service/vendor/laravel/framework/src/Illuminate/Foundation/Application.php(1466): Illuminate\\Container\\Container->call()
#25 /tmp/abdoElHodaky/larvrevrstender/services/order-service/vendor/laravel/framework/src/Illuminate/Foundation/Console/Kernel.php(219): Illuminate\\Foundation\\Application->terminate()
#26 /tmp/abdoElHodaky/larvrevrstender/services/order-service/artisan(51): Illuminate\\Foundation\\Console\\Kernel->terminate()
#27 {main}
"} 
