[2026-03-06 13:14:44] local.ERROR: Class "Redis" not found {"exception":"[object] (Error(code: 0): Class \"Redis\" not found at /tmp/abdoElHodaky/larvrevrstender/services/order-service/vendor/laravel/framework/src/Illuminate/Redis/Connectors/PhpRedisConnector.php:80)
[stacktrace]
#0 /tmp/abdoElHodaky/larvrevrstender/services/order-service/vendor/laravel/framework/src/Illuminate/Redis/Connectors/PhpRedisConnector.php(34): Illuminate\\Redis\\Connectors\\PhpRedisConnector->createClient()
#1 /tmp/abdoElHodaky/larvrevrstender/services/order-service/vendor/laravel/framework/src/Illuminate/Redis/Connectors/PhpRedisConnector.php(39): Illuminate\\Redis\\Connectors\\PhpRedisConnector->Illuminate\\Redis\\Connectors\\{closure}()
#2 /tmp/abdoElHodaky/larvrevrstender/services/order-service/vendor/laravel/framework/src/Illuminate/Redis/RedisManager.php(111): Illuminate\\Redis\\Connectors\\PhpRedisConnector->connect()
#3 /tmp/abdoElHodaky/larvrevrstender/services/order-service/vendor/laravel/framework/src/Illuminate/Redis/RedisManager.php(92): Illuminate\\Redis\\RedisManager->resolve()
#4 /tmp/abdoElHodaky/larvrevrstender/services/order-service/vendor/laravel/framework/src/Illuminate/Cache/RedisStore.php(368): Illuminate\\Redis\\RedisManager->connection()
#5 /tmp/abdoElHodaky/larvrevrstender/services/order-service/vendor/laravel/framework/src/Illuminate/Cache/RedisStore.php(71): Illuminate\\Cache\\RedisStore->connection()
#6 /tmp/abdoElHodaky/larvrevrstender/services/order-service/vendor/laravel/framework/src/Illuminate/Cache/Repository.php(123): Illuminate\\Cache\\RedisStore->get()
#7 /tmp/abdoElHodaky/larvrevrstender/services/order-service/vendor/laravel/framework/src/Illuminate/Cache/CacheManager.php(532): Illuminate\\Cache\\Repository->get()
#8 /tmp/abdoElHodaky/larvrevrstender/services/order-service/vendor/laravel/telescope/src/Watchers/DumpWatcher.php(47): Illuminate\\Cache\\CacheManager->__call()
#9 /tmp/abdoElHodaky/larvrevrstender/services/order-service/vendor/laravel/telescope/src/RegistersWatchers.php(48): Laravel\\Telescope\\Watchers\\DumpWatcher->register()
#10 /tmp/abdoElHodaky/larvrevrstender/services/order-service/vendor/laravel/telescope/src/Telescope.php(138): Laravel\\Telescope\\Telescope::registerWatchers()
#11 /tmp/abdoElHodaky/larvrevrstender/services/order-service/vendor/laravel/telescope/src/TelescopeServiceProvider.php(35): Laravel\\Telescope\\Telescope::start()
#12 /tmp/abdoElHodaky/larvrevrstender/services/order-service/vendor/laravel/framework/src/Illuminate/Container/BoundMethod.php(36): Laravel\\Telescope\\TelescopeServiceProvider->boot()
#13 /tmp/abdoElHodaky/larvrevrstender/services/order-service/vendor/laravel/framework/src/Illuminate/Container/Util.php(43): Illuminate\\Container\\BoundMethod::Illuminate\\Container\\{closure}()
#14 /tmp/abdoElHodaky/larvrevrstender/services/order-service/vendor/laravel/framework/src/Illuminate/Container/BoundMethod.php(96): Illuminate\\Container\\Util::unwrapIfClosure()
#15 /tmp/abdoElHodaky/larvrevrstender/services/order-service/vendor/laravel/framework/src/Illuminate/Container/BoundMethod.php(35): Illuminate\\Container\\BoundMethod::callBoundMethod()
#16 /tmp/abdoElHodaky/larvrevrstender/services/order-service/vendor/laravel/framework/src/Illuminate/Container/Container.php(799): Illuminate\\Container\\BoundMethod::call()
#17 /tmp/abdoElHodaky/larvrevrstender/services/order-service/vendor/laravel/framework/src/Illuminate/Foundation/Application.php(1151): Illuminate\\Container\\Container->call()
#18 /tmp/abdoElHodaky/larvrevrstender/services/order-service/vendor/laravel/framework/src/Illuminate/Foundation/Application.php(1132): Illuminate\\Foundation\\Application->bootProvider()
#19 [internal function]: Illuminate\\Foundation\\Application->Illuminate\\Foundation\\{closure}()
#20 /tmp/abdoElHodaky/larvrevrstender/services/order-service/vendor/laravel/framework/src/Illuminate/Foundation/Application.php(1131): array_walk()
#21 /tmp/abdoElHodaky/larvrevrstender/services/order-service/vendor/laravel/framework/src/Illuminate/Foundation/Bootstrap/BootProviders.php(17): Illuminate\\Foundation\\Application->boot()
#22 /tmp/abdoElHodaky/larvrevrstender/services/order-service/vendor/laravel/framework/src/Illuminate/Foundation/Application.php(342): Illuminate\\Foundation\\Bootstrap\\BootProviders->bootstrap()
#23 /tmp/abdoElHodaky/larvrevrstender/services/order-service/vendor/laravel/framework/src/Illuminate/Foundation/Console/Kernel.php(494): Illuminate\\Foundation\\Application->bootstrapWith()
#24 /tmp/abdoElHodaky/larvrevrstender/services/order-service/vendor/laravel/framework/src/Illuminate/Foundation/Console/Kernel.php(196): Illuminate\\Foundation\\Console\\Kernel->bootstrap()
#25 /tmp/abdoElHodaky/larvrevrstender/services/order-service/artisan(35): Illuminate\\Foundation\\Console\\Kernel->handle()
#26 {main}
"} 
[2026-03-08 10:39:20] local.INFO: Procedure registered {"name":"events","class":"Shared\\Procedures\\CrossServiceProcedure","type":"micro"} 
[2026-03-08 10:39:20] local.INFO: Procedure registered {"name":"cache","class":"Shared\\Procedures\\CrossServiceProcedure","type":"micro"} 
[2026-03-08 10:39:20] local.INFO: Procedure registered {"name":"notification","class":"Shared\\Procedures\\CrossServiceProcedure","type":"micro"} 
[2026-03-08 10:39:20] local.INFO: Procedure registered {"name":"validation","class":"Shared\\Procedures\\CrossServiceProcedure","type":"micro"} 
[2026-03-08 10:39:20] local.INFO: Procedure registered {"name":"security","class":"Shared\\Procedures\\CrossServiceProcedure","type":"micro"} 
[2026-03-08 10:39:20] local.INFO: Procedure registered {"name":"circuit_breaker","class":"Shared\\Procedures\\CrossServiceProcedure","type":"micro"} 
[2026-03-08 10:39:20] local.INFO: Procedure registered {"name":"queue_circuit_breaker","class":"Shared\\Procedures\\CrossServiceProcedure","type":"micro"} 
[2026-03-08 10:39:20] local.INFO: Procedure registered {"name":"third_party_integration","class":"Shared\\Procedures\\CrossServiceProcedure","type":"micro"} 
[2026-03-08 10:39:20] local.INFO: Procedure registered {"name":"workflow","class":"Shared\\Procedures\\CrossServiceProcedure","type":"macro"} 
[2026-03-18 10:15:05] testing.INFO: Procedure registered {"name":"events","class":"Shared\\Procedures\\CrossServiceProcedure","type":"micro"} 
[2026-03-18 10:15:05] testing.INFO: Procedure registered {"name":"cache","class":"Shared\\Procedures\\CrossServiceProcedure","type":"micro"} 
[2026-03-18 10:15:05] testing.INFO: Procedure registered {"name":"notification","class":"Shared\\Procedures\\CrossServiceProcedure","type":"micro"} 
[2026-03-18 10:15:05] testing.INFO: Procedure registered {"name":"validation","class":"Shared\\Procedures\\CrossServiceProcedure","type":"micro"} 
[2026-03-18 10:15:05] testing.INFO: Procedure registered {"name":"security","class":"Shared\\Procedures\\CrossServiceProcedure","type":"micro"} 
[2026-03-18 10:15:05] testing.INFO: Procedure registered {"name":"circuit_breaker","class":"Shared\\Procedures\\CrossServiceProcedure","type":"micro"} 
[2026-03-18 10:15:05] testing.INFO: Procedure registered {"name":"queue_circuit_breaker","class":"Shared\\Procedures\\CrossServiceProcedure","type":"micro"} 
[2026-03-18 10:15:05] testing.INFO: Procedure registered {"name":"third_party_integration","class":"Shared\\Procedures\\CrossServiceProcedure","type":"micro"} 
[2026-03-18 10:15:05] testing.INFO: Procedure registered {"name":"workflow","class":"Shared\\Procedures\\CrossServiceProcedure","type":"macro"} 
[2026-03-18 10:15:05] testing.WARNING: Database health check attempt 1/3 failed for neon_postgresql: Database connection [neon_postgresql] not configured.  
[2026-03-18 10:15:06] testing.WARNING: Database health check attempt 2/3 failed for neon_postgresql: Database connection [neon_postgresql] not configured.  
[2026-03-18 10:15:07] testing.WARNING: Database health check attempt 3/3 failed for neon_postgresql: Database connection [neon_postgresql] not configured.  
[2026-03-18 10:15:07] testing.WARNING: Database health check attempt 1/3 failed for cloud_postgresql: Database connection [cloud_postgresql] not configured.  
[2026-03-18 10:15:08] testing.WARNING: Database health check attempt 2/3 failed for cloud_postgresql: Database connection [cloud_postgresql] not configured.  
[2026-03-18 10:15:09] testing.WARNING: Database health check attempt 3/3 failed for cloud_postgresql: Database connection [cloud_postgresql] not configured.  
[2026-03-18 10:15:09] testing.WARNING: Database health check attempt 1/3 failed for mongodb_atlas: Database connection [mongodb_atlas] not configured.  
[2026-03-18 10:15:10] testing.WARNING: Database health check attempt 2/3 failed for mongodb_atlas: Database connection [mongodb_atlas] not configured.  
[2026-03-18 10:15:11] testing.WARNING: Database health check attempt 3/3 failed for mongodb_atlas: Database connection [mongodb_atlas] not configured.  
[2026-03-18 10:15:11] testing.INFO: Database failover event: all_connections_failed {"timestamp":"2026-03-18 10:15:11","attempted_connections":{"primary":"neon_postgresql","secondary":"cloud_postgresql","fallback":"mongodb_atlas"}} 
[2026-03-18 10:15:11] testing.ERROR: Failed to ensure healthy database connection: All database connections are unhealthy  
[2026-03-18 10:15:11] testing.WARNING: No healthy connections available, enabling graceful degradation for service: order-service  
[2026-03-18 10:15:11] testing.INFO: Correlation started {"correlation_id":"corr-69ba7b2f0daf6-3e6fa6d2218c888d","trace_id":"trace-69ba7b2f0daf6-3e6fa6d2218c888d-69ba7b2f0db0a","service":"order-service","operation":"GET /"} 
[2026-03-18 10:15:11] testing.INFO: Started new correlation {"correlation_id":"corr-69ba7b2f0daf6-3e6fa6d2218c888d","trace_id":"trace-69ba7b2f0daf6-3e6fa6d2218c888d-69ba7b2f0db0a","endpoint":"/","method":"GET"} 
[2026-03-18 10:15:11] testing.INFO: Correlation completed {"correlation_id":"corr-69ba7b2f0daf6-3e6fa6d2218c888d","trace_id":"trace-69ba7b2f0daf6-3e6fa6d2218c888d-69ba7b2f0db0a","duration_ms":12.4,"success":true} 
[2026-03-18 10:15:11] testing.ERROR: Shared\Http\Middleware\CustomCorsMiddleware::addCorsHeaders(): Argument #2 ($response) must be of type Illuminate\Http\Response, Illuminate\Http\JsonResponse given, called in /tmp/abdoElHodaky/larvrevrstender/services/shared/src/Http/Middleware/CustomCorsMiddleware.php on line 37 {"exception":"[object] (TypeError(code: 0): Shared\\Http\\Middleware\\CustomCorsMiddleware::addCorsHeaders(): Argument #2 ($response) must be of type Illuminate\\Http\\Response, Illuminate\\Http\\JsonResponse given, called in /tmp/abdoElHodaky/larvrevrstender/services/shared/src/Http/Middleware/CustomCorsMiddleware.php on line 37 at /tmp/abdoElHodaky/larvrevrstender/services/shared/src/Http/Middleware/CustomCorsMiddleware.php:79)
[stacktrace]
#0 /tmp/abdoElHodaky/larvrevrstender/services/shared/src/Http/Middleware/CustomCorsMiddleware.php(37): Shared\\Http\\Middleware\\CustomCorsMiddleware->addCorsHeaders()
#1 /tmp/abdoElHodaky/larvrevrstender/services/order-service/vendor/laravel/framework/src/Illuminate/Pipeline/Pipeline.php(219): Shared\\Http\\Middleware\\CustomCorsMiddleware->handle()
#2 /tmp/abdoElHodaky/larvrevrstender/services/shared/src/Middleware/DatabaseFailoverMiddleware.php(53): Illuminate\\Pipeline\\Pipeline->Illuminate\\Pipeline\\{closure}()
#3 /tmp/abdoElHodaky/larvrevrstender/services/order-service/vendor/laravel/framework/src/Illuminate/Pipeline/Pipeline.php(219): Shared\\Middleware\\DatabaseFailoverMiddleware->handle()
#4 /tmp/abdoElHodaky/larvrevrstender/services/order-service/vendor/laravel/framework/src/Illuminate/Foundation/Http/Middleware/TransformsRequest.php(21): Illuminate\\Pipeline\\Pipeline->Illuminate\\Pipeline\\{closure}()
#5 /tmp/abdoElHodaky/larvrevrstender/services/order-service/vendor/laravel/framework/src/Illuminate/Foundation/Http/Middleware/ConvertEmptyStringsToNull.php(31): Illuminate\\Foundation\\Http\\Middleware\\TransformsRequest->handle()
#6 /tmp/abdoElHodaky/larvrevrstender/services/order-service/vendor/laravel/framework/src/Illuminate/Pipeline/Pipeline.php(219): Illuminate\\Foundation\\Http\\Middleware\\ConvertEmptyStringsToNull->handle()
#7 /tmp/abdoElHodaky/larvrevrstender/services/order-service/vendor/laravel/framework/src/Illuminate/Foundation/Http/Middleware/TransformsRequest.php(21): Illuminate\\Pipeline\\Pipeline->Illuminate\\Pipeline\\{closure}()
#8 /tmp/abdoElHodaky/larvrevrstender/services/order-service/vendor/laravel/framework/src/Illuminate/Foundation/Http/Middleware/TrimStrings.php(51): Illuminate\\Foundation\\Http\\Middleware\\TransformsRequest->handle()
#9 /tmp/abdoElHodaky/larvrevrstender/services/order-service/vendor/laravel/framework/src/Illuminate/Pipeline/Pipeline.php(219): Illuminate\\Foundation\\Http\\Middleware\\TrimStrings->handle()
#10 /tmp/abdoElHodaky/larvrevrstender/services/order-service/vendor/laravel/framework/src/Illuminate/Http/Middleware/ValidatePostSize.php(27): Illuminate\\Pipeline\\Pipeline->Illuminate\\Pipeline\\{closure}()
#11 /tmp/abdoElHodaky/larvrevrstender/services/order-service/vendor/laravel/framework/src/Illuminate/Pipeline/Pipeline.php(219): Illuminate\\Http\\Middleware\\ValidatePostSize->handle()
#12 /tmp/abdoElHodaky/larvrevrstender/services/order-service/vendor/laravel/framework/src/Illuminate/Foundation/Http/Middleware/PreventRequestsDuringMaintenance.php(109): Illuminate\\Pipeline\\Pipeline->Illuminate\\Pipeline\\{closure}()
#13 /tmp/abdoElHodaky/larvrevrstender/services/order-service/vendor/laravel/framework/src/Illuminate/Pipeline/Pipeline.php(219): Illuminate\\Foundation\\Http\\Middleware\\PreventRequestsDuringMaintenance->handle()
#14 /tmp/abdoElHodaky/larvrevrstender/services/order-service/vendor/laravel/framework/src/Illuminate/Http/Middleware/HandleCors.php(61): Illuminate\\Pipeline\\Pipeline->Illuminate\\Pipeline\\{closure}()
#15 /tmp/abdoElHodaky/larvrevrstender/services/order-service/vendor/laravel/framework/src/Illuminate/Pipeline/Pipeline.php(219): Illuminate\\Http\\Middleware\\HandleCors->handle()
#16 /tmp/abdoElHodaky/larvrevrstender/services/order-service/vendor/laravel/framework/src/Illuminate/Http/Middleware/TrustProxies.php(58): Illuminate\\Pipeline\\Pipeline->Illuminate\\Pipeline\\{closure}()
#17 /tmp/abdoElHodaky/larvrevrstender/services/order-service/vendor/laravel/framework/src/Illuminate/Pipeline/Pipeline.php(219): Illuminate\\Http\\Middleware\\TrustProxies->handle()
#18 /tmp/abdoElHodaky/larvrevrstender/services/order-service/vendor/laravel/framework/src/Illuminate/Foundation/Http/Middleware/InvokeDeferredCallbacks.php(22): Illuminate\\Pipeline\\Pipeline->Illuminate\\Pipeline\\{closure}()
#19 /tmp/abdoElHodaky/larvrevrstender/services/order-service/vendor/laravel/framework/src/Illuminate/Pipeline/Pipeline.php(219): Illuminate\\Foundation\\Http\\Middleware\\InvokeDeferredCallbacks->handle()
#20 /tmp/abdoElHodaky/larvrevrstender/services/order-service/vendor/laravel/framework/src/Illuminate/Http/Middleware/ValidatePathEncoding.php(26): Illuminate\\Pipeline\\Pipeline->Illuminate\\Pipeline\\{closure}()
#21 /tmp/abdoElHodaky/larvrevrstender/services/order-service/vendor/laravel/framework/src/Illuminate/Pipeline/Pipeline.php(219): Illuminate\\Http\\Middleware\\ValidatePathEncoding->handle()
#22 /tmp/abdoElHodaky/larvrevrstender/services/order-service/vendor/laravel/framework/src/Illuminate/Pipeline/Pipeline.php(137): Illuminate\\Pipeline\\Pipeline->Illuminate\\Pipeline\\{closure}()
#23 /tmp/abdoElHodaky/larvrevrstender/services/order-service/vendor/laravel/framework/src/Illuminate/Foundation/Http/Kernel.php(175): Illuminate\\Pipeline\\Pipeline->then()
#24 /tmp/abdoElHodaky/larvrevrstender/services/order-service/vendor/laravel/framework/src/Illuminate/Foundation/Http/Kernel.php(144): Illuminate\\Foundation\\Http\\Kernel->sendRequestThroughRouter()
#25 /tmp/abdoElHodaky/larvrevrstender/services/order-service/vendor/laravel/framework/src/Illuminate/Foundation/Testing/Concerns/MakesHttpRequests.php(607): Illuminate\\Foundation\\Http\\Kernel->handle()
#26 /tmp/abdoElHodaky/larvrevrstender/services/order-service/vendor/laravel/framework/src/Illuminate/Foundation/Testing/Concerns/MakesHttpRequests.php(368): Illuminate\\Foundation\\Testing\\TestCase->call()
#27 /tmp/abdoElHodaky/larvrevrstender/services/order-service/tests/Feature/ExampleTest.php(14): Illuminate\\Foundation\\Testing\\TestCase->get()
#28 /tmp/abdoElHodaky/larvrevrstender/services/order-service/vendor/phpunit/phpunit/src/Framework/TestCase.php(1667): Tests\\Feature\\ExampleTest->test_the_application_returns_a_successful_response()
#29 /tmp/abdoElHodaky/larvrevrstender/services/order-service/vendor/phpunit/phpunit/src/Framework/TestCase.php(519): PHPUnit\\Framework\\TestCase->runTest()
#30 /tmp/abdoElHodaky/larvrevrstender/services/order-service/vendor/phpunit/phpunit/src/Framework/TestRunner/TestRunner.php(87): PHPUnit\\Framework\\TestCase->runBare()
#31 /tmp/abdoElHodaky/larvrevrstender/services/order-service/vendor/phpunit/phpunit/src/Framework/TestCase.php(365): PHPUnit\\Framework\\TestRunner->run()
#32 /tmp/abdoElHodaky/larvrevrstender/services/order-service/vendor/phpunit/phpunit/src/Framework/TestSuite.php(369): PHPUnit\\Framework\\TestCase->run()
#33 /tmp/abdoElHodaky/larvrevrstender/services/order-service/vendor/phpunit/phpunit/src/Framework/TestSuite.php(369): PHPUnit\\Framework\\TestSuite->run()
#34 /tmp/abdoElHodaky/larvrevrstender/services/order-service/vendor/phpunit/phpunit/src/Framework/TestSuite.php(369): PHPUnit\\Framework\\TestSuite->run()
#35 /tmp/abdoElHodaky/larvrevrstender/services/order-service/vendor/phpunit/phpunit/src/TextUI/TestRunner.php(64): PHPUnit\\Framework\\TestSuite->run()
#36 /tmp/abdoElHodaky/larvrevrstender/services/order-service/vendor/phpunit/phpunit/src/TextUI/Application.php(211): PHPUnit\\TextUI\\TestRunner->run()
#37 /tmp/abdoElHodaky/larvrevrstender/services/order-service/vendor/phpunit/phpunit/phpunit(104): PHPUnit\\TextUI\\Application->run()
#38 /tmp/abdoElHodaky/larvrevrstender/services/order-service/vendor/bin/phpunit(123): include('...')
#39 {main}
"} 
[2026-03-18 10:15:12] testing.WARNING: Response indicates potential database issues, checking connection health  
[2026-03-18 10:15:12] testing.WARNING: Current connection is unhealthy, triggering failover  
[2026-03-18 10:15:12] testing.WARNING: Triggering database failover from neon_postgresql  
[2026-03-18 10:15:12] testing.INFO: Database failover event: failover_failed {"from_connection":"neon_postgresql","timestamp":"2026-03-18 10:15:12","reason":"No healthy connections available"} 
[2026-03-18 10:15:12] testing.ERROR: Post-request health check failed: Failover failed: No healthy connections available  
