[2026-02-04 09:55:14] testing.ERROR: Unsupported cipher or incorrect key length. Supported ciphers are: aes-128-cbc, aes-256-cbc, aes-128-gcm, aes-256-gcm. {"exception":"[object] (RuntimeException(code: 0): Unsupported cipher or incorrect key length. Supported ciphers are: aes-128-cbc, aes-256-cbc, aes-128-gcm, aes-256-gcm. at /tmp/abdoElHodaky/larvrevrstender/services/notification-service/vendor/laravel/framework/src/Illuminate/Encryption/Encrypter.php:61)
[stacktrace]
#0 /tmp/abdoElHodaky/larvrevrstender/services/notification-service/vendor/laravel/framework/src/Illuminate/Encryption/EncryptionServiceProvider.php(32): Illuminate\\Encryption\\Encrypter->__construct()
#1 /tmp/abdoElHodaky/larvrevrstender/services/notification-service/vendor/laravel/framework/src/Illuminate/Container/Container.php(1115): Illuminate\\Encryption\\EncryptionServiceProvider->Illuminate\\Encryption\\{closure}()
#2 /tmp/abdoElHodaky/larvrevrstender/services/notification-service/vendor/laravel/framework/src/Illuminate/Container/Container.php(933): Illuminate\\Container\\Container->build()
#3 /tmp/abdoElHodaky/larvrevrstender/services/notification-service/vendor/laravel/framework/src/Illuminate/Foundation/Application.php(1078): Illuminate\\Container\\Container->resolve()
#4 /tmp/abdoElHodaky/larvrevrstender/services/notification-service/vendor/laravel/framework/src/Illuminate/Container/Container.php(864): Illuminate\\Foundation\\Application->resolve()
#5 /tmp/abdoElHodaky/larvrevrstender/services/notification-service/vendor/laravel/framework/src/Illuminate/Foundation/Application.php(1058): Illuminate\\Container\\Container->make()
#6 /tmp/abdoElHodaky/larvrevrstender/services/notification-service/vendor/laravel/framework/src/Illuminate/Container/Container.php(1340): Illuminate\\Foundation\\Application->make()
#7 /tmp/abdoElHodaky/larvrevrstender/services/notification-service/vendor/laravel/framework/src/Illuminate/Container/Container.php(1241): Illuminate\\Container\\Container->resolveClass()
#8 /tmp/abdoElHodaky/larvrevrstender/services/notification-service/vendor/laravel/framework/src/Illuminate/Container/Container.php(1162): Illuminate\\Container\\Container->resolveDependencies()
#9 /tmp/abdoElHodaky/larvrevrstender/services/notification-service/vendor/laravel/framework/src/Illuminate/Container/Container.php(933): Illuminate\\Container\\Container->build()
#10 /tmp/abdoElHodaky/larvrevrstender/services/notification-service/vendor/laravel/framework/src/Illuminate/Foundation/Application.php(1078): Illuminate\\Container\\Container->resolve()
#11 /tmp/abdoElHodaky/larvrevrstender/services/notification-service/vendor/laravel/framework/src/Illuminate/Container/Container.php(864): Illuminate\\Foundation\\Application->resolve()
#12 /tmp/abdoElHodaky/larvrevrstender/services/notification-service/vendor/laravel/framework/src/Illuminate/Foundation/Application.php(1058): Illuminate\\Container\\Container->make()
#13 /tmp/abdoElHodaky/larvrevrstender/services/notification-service/vendor/laravel/framework/src/Illuminate/Pipeline/Pipeline.php(208): Illuminate\\Foundation\\Application->make()
#14 /tmp/abdoElHodaky/larvrevrstender/services/notification-service/vendor/laravel/framework/src/Illuminate/Pipeline/Pipeline.php(137): Illuminate\\Pipeline\\Pipeline->Illuminate\\Pipeline\\{closure}()
#15 /tmp/abdoElHodaky/larvrevrstender/services/notification-service/vendor/laravel/framework/src/Illuminate/Routing/Router.php(821): Illuminate\\Pipeline\\Pipeline->then()
#16 /tmp/abdoElHodaky/larvrevrstender/services/notification-service/vendor/laravel/framework/src/Illuminate/Routing/Router.php(800): Illuminate\\Routing\\Router->runRouteWithinStack()
#17 /tmp/abdoElHodaky/larvrevrstender/services/notification-service/vendor/laravel/framework/src/Illuminate/Routing/Router.php(764): Illuminate\\Routing\\Router->runRoute()
#18 /tmp/abdoElHodaky/larvrevrstender/services/notification-service/vendor/laravel/framework/src/Illuminate/Routing/Router.php(753): Illuminate\\Routing\\Router->dispatchToRoute()
#19 /tmp/abdoElHodaky/larvrevrstender/services/notification-service/vendor/laravel/framework/src/Illuminate/Foundation/Http/Kernel.php(200): Illuminate\\Routing\\Router->dispatch()
#20 /tmp/abdoElHodaky/larvrevrstender/services/notification-service/vendor/laravel/framework/src/Illuminate/Pipeline/Pipeline.php(180): Illuminate\\Foundation\\Http\\Kernel->Illuminate\\Foundation\\Http\\{closure}()
#21 /tmp/abdoElHodaky/larvrevrstender/services/notification-service/vendor/laravel/framework/src/Illuminate/Foundation/Http/Middleware/TransformsRequest.php(21): Illuminate\\Pipeline\\Pipeline->Illuminate\\Pipeline\\{closure}()
#22 /tmp/abdoElHodaky/larvrevrstender/services/notification-service/vendor/laravel/framework/src/Illuminate/Foundation/Http/Middleware/ConvertEmptyStringsToNull.php(31): Illuminate\\Foundation\\Http\\Middleware\\TransformsRequest->handle()
#23 /tmp/abdoElHodaky/larvrevrstender/services/notification-service/vendor/laravel/framework/src/Illuminate/Pipeline/Pipeline.php(219): Illuminate\\Foundation\\Http\\Middleware\\ConvertEmptyStringsToNull->handle()
#24 /tmp/abdoElHodaky/larvrevrstender/services/notification-service/vendor/laravel/framework/src/Illuminate/Foundation/Http/Middleware/TransformsRequest.php(21): Illuminate\\Pipeline\\Pipeline->Illuminate\\Pipeline\\{closure}()
#25 /tmp/abdoElHodaky/larvrevrstender/services/notification-service/vendor/laravel/framework/src/Illuminate/Foundation/Http/Middleware/TrimStrings.php(51): Illuminate\\Foundation\\Http\\Middleware\\TransformsRequest->handle()
#26 /tmp/abdoElHodaky/larvrevrstender/services/notification-service/vendor/laravel/framework/src/Illuminate/Pipeline/Pipeline.php(219): Illuminate\\Foundation\\Http\\Middleware\\TrimStrings->handle()
#27 /tmp/abdoElHodaky/larvrevrstender/services/notification-service/vendor/laravel/framework/src/Illuminate/Http/Middleware/ValidatePostSize.php(27): Illuminate\\Pipeline\\Pipeline->Illuminate\\Pipeline\\{closure}()
#28 /tmp/abdoElHodaky/larvrevrstender/services/notification-service/vendor/laravel/framework/src/Illuminate/Pipeline/Pipeline.php(219): Illuminate\\Http\\Middleware\\ValidatePostSize->handle()
#29 /tmp/abdoElHodaky/larvrevrstender/services/notification-service/vendor/laravel/framework/src/Illuminate/Foundation/Http/Middleware/PreventRequestsDuringMaintenance.php(109): Illuminate\\Pipeline\\Pipeline->Illuminate\\Pipeline\\{closure}()
#30 /tmp/abdoElHodaky/larvrevrstender/services/notification-service/vendor/laravel/framework/src/Illuminate/Pipeline/Pipeline.php(219): Illuminate\\Foundation\\Http\\Middleware\\PreventRequestsDuringMaintenance->handle()
#31 /tmp/abdoElHodaky/larvrevrstender/services/notification-service/vendor/laravel/framework/src/Illuminate/Http/Middleware/HandleCors.php(61): Illuminate\\Pipeline\\Pipeline->Illuminate\\Pipeline\\{closure}()
#32 /tmp/abdoElHodaky/larvrevrstender/services/notification-service/vendor/laravel/framework/src/Illuminate/Pipeline/Pipeline.php(219): Illuminate\\Http\\Middleware\\HandleCors->handle()
#33 /tmp/abdoElHodaky/larvrevrstender/services/notification-service/vendor/laravel/framework/src/Illuminate/Http/Middleware/TrustProxies.php(58): Illuminate\\Pipeline\\Pipeline->Illuminate\\Pipeline\\{closure}()
#34 /tmp/abdoElHodaky/larvrevrstender/services/notification-service/vendor/laravel/framework/src/Illuminate/Pipeline/Pipeline.php(219): Illuminate\\Http\\Middleware\\TrustProxies->handle()
#35 /tmp/abdoElHodaky/larvrevrstender/services/notification-service/vendor/laravel/framework/src/Illuminate/Foundation/Http/Middleware/InvokeDeferredCallbacks.php(22): Illuminate\\Pipeline\\Pipeline->Illuminate\\Pipeline\\{closure}()
#36 /tmp/abdoElHodaky/larvrevrstender/services/notification-service/vendor/laravel/framework/src/Illuminate/Pipeline/Pipeline.php(219): Illuminate\\Foundation\\Http\\Middleware\\InvokeDeferredCallbacks->handle()
#37 /tmp/abdoElHodaky/larvrevrstender/services/notification-service/vendor/laravel/framework/src/Illuminate/Http/Middleware/ValidatePathEncoding.php(26): Illuminate\\Pipeline\\Pipeline->Illuminate\\Pipeline\\{closure}()
#38 /tmp/abdoElHodaky/larvrevrstender/services/notification-service/vendor/laravel/framework/src/Illuminate/Pipeline/Pipeline.php(219): Illuminate\\Http\\Middleware\\ValidatePathEncoding->handle()
#39 /tmp/abdoElHodaky/larvrevrstender/services/notification-service/vendor/laravel/framework/src/Illuminate/Pipeline/Pipeline.php(137): Illuminate\\Pipeline\\Pipeline->Illuminate\\Pipeline\\{closure}()
#40 /tmp/abdoElHodaky/larvrevrstender/services/notification-service/vendor/laravel/framework/src/Illuminate/Foundation/Http/Kernel.php(175): Illuminate\\Pipeline\\Pipeline->then()
#41 /tmp/abdoElHodaky/larvrevrstender/services/notification-service/vendor/laravel/framework/src/Illuminate/Foundation/Http/Kernel.php(144): Illuminate\\Foundation\\Http\\Kernel->sendRequestThroughRouter()
#42 /tmp/abdoElHodaky/larvrevrstender/services/notification-service/vendor/laravel/framework/src/Illuminate/Foundation/Testing/Concerns/MakesHttpRequests.php(607): Illuminate\\Foundation\\Http\\Kernel->handle()
#43 /tmp/abdoElHodaky/larvrevrstender/services/notification-service/vendor/laravel/framework/src/Illuminate/Foundation/Testing/Concerns/MakesHttpRequests.php(368): Illuminate\\Foundation\\Testing\\TestCase->call()
#44 /tmp/abdoElHodaky/larvrevrstender/services/notification-service/tests/Feature/ExampleTest.php(14): Illuminate\\Foundation\\Testing\\TestCase->get()
#45 /tmp/abdoElHodaky/larvrevrstender/services/notification-service/vendor/phpunit/phpunit/src/Framework/TestCase.php(1667): Tests\\Feature\\ExampleTest->test_the_application_returns_a_successful_response()
#46 /tmp/abdoElHodaky/larvrevrstender/services/notification-service/vendor/phpunit/phpunit/src/Framework/TestCase.php(519): PHPUnit\\Framework\\TestCase->runTest()
#47 /tmp/abdoElHodaky/larvrevrstender/services/notification-service/vendor/phpunit/phpunit/src/Framework/TestRunner/TestRunner.php(87): PHPUnit\\Framework\\TestCase->runBare()
#48 /tmp/abdoElHodaky/larvrevrstender/services/notification-service/vendor/phpunit/phpunit/src/Framework/TestCase.php(365): PHPUnit\\Framework\\TestRunner->run()
#49 /tmp/abdoElHodaky/larvrevrstender/services/notification-service/vendor/phpunit/phpunit/src/Framework/TestSuite.php(369): PHPUnit\\Framework\\TestCase->run()
#50 /tmp/abdoElHodaky/larvrevrstender/services/notification-service/vendor/phpunit/phpunit/src/Framework/TestSuite.php(369): PHPUnit\\Framework\\TestSuite->run()
#51 /tmp/abdoElHodaky/larvrevrstender/services/notification-service/vendor/phpunit/phpunit/src/Framework/TestSuite.php(369): PHPUnit\\Framework\\TestSuite->run()
#52 /tmp/abdoElHodaky/larvrevrstender/services/notification-service/vendor/phpunit/phpunit/src/TextUI/TestRunner.php(64): PHPUnit\\Framework\\TestSuite->run()
#53 /tmp/abdoElHodaky/larvrevrstender/services/notification-service/vendor/phpunit/phpunit/src/TextUI/Application.php(211): PHPUnit\\TextUI\\TestRunner->run()
#54 /tmp/abdoElHodaky/larvrevrstender/services/notification-service/vendor/phpunit/phpunit/phpunit(104): PHPUnit\\TextUI\\Application->run()
#55 {main}
"} 
[2026-02-04 09:56:01] testing.ERROR: Unsupported cipher or incorrect key length. Supported ciphers are: aes-128-cbc, aes-256-cbc, aes-128-gcm, aes-256-gcm. {"exception":"[object] (RuntimeException(code: 0): Unsupported cipher or incorrect key length. Supported ciphers are: aes-128-cbc, aes-256-cbc, aes-128-gcm, aes-256-gcm. at /tmp/abdoElHodaky/larvrevrstender/services/notification-service/vendor/laravel/framework/src/Illuminate/Encryption/Encrypter.php:61)
[stacktrace]
#0 /tmp/abdoElHodaky/larvrevrstender/services/notification-service/vendor/laravel/framework/src/Illuminate/Encryption/EncryptionServiceProvider.php(32): Illuminate\\Encryption\\Encrypter->__construct()
#1 /tmp/abdoElHodaky/larvrevrstender/services/notification-service/vendor/laravel/framework/src/Illuminate/Container/Container.php(1115): Illuminate\\Encryption\\EncryptionServiceProvider->Illuminate\\Encryption\\{closure}()
#2 /tmp/abdoElHodaky/larvrevrstender/services/notification-service/vendor/laravel/framework/src/Illuminate/Container/Container.php(933): Illuminate\\Container\\Container->build()
#3 /tmp/abdoElHodaky/larvrevrstender/services/notification-service/vendor/laravel/framework/src/Illuminate/Foundation/Application.php(1078): Illuminate\\Container\\Container->resolve()
#4 /tmp/abdoElHodaky/larvrevrstender/services/notification-service/vendor/laravel/framework/src/Illuminate/Container/Container.php(864): Illuminate\\Foundation\\Application->resolve()
#5 /tmp/abdoElHodaky/larvrevrstender/services/notification-service/vendor/laravel/framework/src/Illuminate/Foundation/Application.php(1058): Illuminate\\Container\\Container->make()
#6 /tmp/abdoElHodaky/larvrevrstender/services/notification-service/vendor/laravel/framework/src/Illuminate/Container/Container.php(1340): Illuminate\\Foundation\\Application->make()
#7 /tmp/abdoElHodaky/larvrevrstender/services/notification-service/vendor/laravel/framework/src/Illuminate/Container/Container.php(1241): Illuminate\\Container\\Container->resolveClass()
#8 /tmp/abdoElHodaky/larvrevrstender/services/notification-service/vendor/laravel/framework/src/Illuminate/Container/Container.php(1162): Illuminate\\Container\\Container->resolveDependencies()
#9 /tmp/abdoElHodaky/larvrevrstender/services/notification-service/vendor/laravel/framework/src/Illuminate/Container/Container.php(933): Illuminate\\Container\\Container->build()
#10 /tmp/abdoElHodaky/larvrevrstender/services/notification-service/vendor/laravel/framework/src/Illuminate/Foundation/Application.php(1078): Illuminate\\Container\\Container->resolve()
#11 /tmp/abdoElHodaky/larvrevrstender/services/notification-service/vendor/laravel/framework/src/Illuminate/Container/Container.php(864): Illuminate\\Foundation\\Application->resolve()
#12 /tmp/abdoElHodaky/larvrevrstender/services/notification-service/vendor/laravel/framework/src/Illuminate/Foundation/Application.php(1058): Illuminate\\Container\\Container->make()
#13 /tmp/abdoElHodaky/larvrevrstender/services/notification-service/vendor/laravel/framework/src/Illuminate/Pipeline/Pipeline.php(208): Illuminate\\Foundation\\Application->make()
#14 /tmp/abdoElHodaky/larvrevrstender/services/notification-service/vendor/laravel/framework/src/Illuminate/Pipeline/Pipeline.php(137): Illuminate\\Pipeline\\Pipeline->Illuminate\\Pipeline\\{closure}()
#15 /tmp/abdoElHodaky/larvrevrstender/services/notification-service/vendor/laravel/framework/src/Illuminate/Routing/Router.php(821): Illuminate\\Pipeline\\Pipeline->then()
#16 /tmp/abdoElHodaky/larvrevrstender/services/notification-service/vendor/laravel/framework/src/Illuminate/Routing/Router.php(800): Illuminate\\Routing\\Router->runRouteWithinStack()
#17 /tmp/abdoElHodaky/larvrevrstender/services/notification-service/vendor/laravel/framework/src/Illuminate/Routing/Router.php(764): Illuminate\\Routing\\Router->runRoute()
#18 /tmp/abdoElHodaky/larvrevrstender/services/notification-service/vendor/laravel/framework/src/Illuminate/Routing/Router.php(753): Illuminate\\Routing\\Router->dispatchToRoute()
#19 /tmp/abdoElHodaky/larvrevrstender/services/notification-service/vendor/laravel/framework/src/Illuminate/Foundation/Http/Kernel.php(200): Illuminate\\Routing\\Router->dispatch()
#20 /tmp/abdoElHodaky/larvrevrstender/services/notification-service/vendor/laravel/framework/src/Illuminate/Pipeline/Pipeline.php(180): Illuminate\\Foundation\\Http\\Kernel->Illuminate\\Foundation\\Http\\{closure}()
#21 /tmp/abdoElHodaky/larvrevrstender/services/notification-service/vendor/laravel/framework/src/Illuminate/Foundation/Http/Middleware/TransformsRequest.php(21): Illuminate\\Pipeline\\Pipeline->Illuminate\\Pipeline\\{closure}()
#22 /tmp/abdoElHodaky/larvrevrstender/services/notification-service/vendor/laravel/framework/src/Illuminate/Foundation/Http/Middleware/ConvertEmptyStringsToNull.php(31): Illuminate\\Foundation\\Http\\Middleware\\TransformsRequest->handle()
#23 /tmp/abdoElHodaky/larvrevrstender/services/notification-service/vendor/laravel/framework/src/Illuminate/Pipeline/Pipeline.php(219): Illuminate\\Foundation\\Http\\Middleware\\ConvertEmptyStringsToNull->handle()
#24 /tmp/abdoElHodaky/larvrevrstender/services/notification-service/vendor/laravel/framework/src/Illuminate/Foundation/Http/Middleware/TransformsRequest.php(21): Illuminate\\Pipeline\\Pipeline->Illuminate\\Pipeline\\{closure}()
#25 /tmp/abdoElHodaky/larvrevrstender/services/notification-service/vendor/laravel/framework/src/Illuminate/Foundation/Http/Middleware/TrimStrings.php(51): Illuminate\\Foundation\\Http\\Middleware\\TransformsRequest->handle()
#26 /tmp/abdoElHodaky/larvrevrstender/services/notification-service/vendor/laravel/framework/src/Illuminate/Pipeline/Pipeline.php(219): Illuminate\\Foundation\\Http\\Middleware\\TrimStrings->handle()
#27 /tmp/abdoElHodaky/larvrevrstender/services/notification-service/vendor/laravel/framework/src/Illuminate/Http/Middleware/ValidatePostSize.php(27): Illuminate\\Pipeline\\Pipeline->Illuminate\\Pipeline\\{closure}()
#28 /tmp/abdoElHodaky/larvrevrstender/services/notification-service/vendor/laravel/framework/src/Illuminate/Pipeline/Pipeline.php(219): Illuminate\\Http\\Middleware\\ValidatePostSize->handle()
#29 /tmp/abdoElHodaky/larvrevrstender/services/notification-service/vendor/laravel/framework/src/Illuminate/Foundation/Http/Middleware/PreventRequestsDuringMaintenance.php(109): Illuminate\\Pipeline\\Pipeline->Illuminate\\Pipeline\\{closure}()
#30 /tmp/abdoElHodaky/larvrevrstender/services/notification-service/vendor/laravel/framework/src/Illuminate/Pipeline/Pipeline.php(219): Illuminate\\Foundation\\Http\\Middleware\\PreventRequestsDuringMaintenance->handle()
#31 /tmp/abdoElHodaky/larvrevrstender/services/notification-service/vendor/laravel/framework/src/Illuminate/Http/Middleware/HandleCors.php(61): Illuminate\\Pipeline\\Pipeline->Illuminate\\Pipeline\\{closure}()
#32 /tmp/abdoElHodaky/larvrevrstender/services/notification-service/vendor/laravel/framework/src/Illuminate/Pipeline/Pipeline.php(219): Illuminate\\Http\\Middleware\\HandleCors->handle()
#33 /tmp/abdoElHodaky/larvrevrstender/services/notification-service/vendor/laravel/framework/src/Illuminate/Http/Middleware/TrustProxies.php(58): Illuminate\\Pipeline\\Pipeline->Illuminate\\Pipeline\\{closure}()
#34 /tmp/abdoElHodaky/larvrevrstender/services/notification-service/vendor/laravel/framework/src/Illuminate/Pipeline/Pipeline.php(219): Illuminate\\Http\\Middleware\\TrustProxies->handle()
#35 /tmp/abdoElHodaky/larvrevrstender/services/notification-service/vendor/laravel/framework/src/Illuminate/Foundation/Http/Middleware/InvokeDeferredCallbacks.php(22): Illuminate\\Pipeline\\Pipeline->Illuminate\\Pipeline\\{closure}()
#36 /tmp/abdoElHodaky/larvrevrstender/services/notification-service/vendor/laravel/framework/src/Illuminate/Pipeline/Pipeline.php(219): Illuminate\\Foundation\\Http\\Middleware\\InvokeDeferredCallbacks->handle()
#37 /tmp/abdoElHodaky/larvrevrstender/services/notification-service/vendor/laravel/framework/src/Illuminate/Http/Middleware/ValidatePathEncoding.php(26): Illuminate\\Pipeline\\Pipeline->Illuminate\\Pipeline\\{closure}()
#38 /tmp/abdoElHodaky/larvrevrstender/services/notification-service/vendor/laravel/framework/src/Illuminate/Pipeline/Pipeline.php(219): Illuminate\\Http\\Middleware\\ValidatePathEncoding->handle()
#39 /tmp/abdoElHodaky/larvrevrstender/services/notification-service/vendor/laravel/framework/src/Illuminate/Pipeline/Pipeline.php(137): Illuminate\\Pipeline\\Pipeline->Illuminate\\Pipeline\\{closure}()
#40 /tmp/abdoElHodaky/larvrevrstender/services/notification-service/vendor/laravel/framework/src/Illuminate/Foundation/Http/Kernel.php(175): Illuminate\\Pipeline\\Pipeline->then()
#41 /tmp/abdoElHodaky/larvrevrstender/services/notification-service/vendor/laravel/framework/src/Illuminate/Foundation/Http/Kernel.php(144): Illuminate\\Foundation\\Http\\Kernel->sendRequestThroughRouter()
#42 /tmp/abdoElHodaky/larvrevrstender/services/notification-service/vendor/laravel/framework/src/Illuminate/Foundation/Testing/Concerns/MakesHttpRequests.php(607): Illuminate\\Foundation\\Http\\Kernel->handle()
#43 /tmp/abdoElHodaky/larvrevrstender/services/notification-service/vendor/laravel/framework/src/Illuminate/Foundation/Testing/Concerns/MakesHttpRequests.php(368): Illuminate\\Foundation\\Testing\\TestCase->call()
#44 /tmp/abdoElHodaky/larvrevrstender/services/notification-service/tests/Feature/ExampleTest.php(14): Illuminate\\Foundation\\Testing\\TestCase->get()
#45 /tmp/abdoElHodaky/larvrevrstender/services/notification-service/vendor/phpunit/phpunit/src/Framework/TestCase.php(1667): Tests\\Feature\\ExampleTest->test_the_application_returns_a_successful_response()
#46 /tmp/abdoElHodaky/larvrevrstender/services/notification-service/vendor/phpunit/phpunit/src/Framework/TestCase.php(519): PHPUnit\\Framework\\TestCase->runTest()
#47 /tmp/abdoElHodaky/larvrevrstender/services/notification-service/vendor/phpunit/phpunit/src/Framework/TestRunner/TestRunner.php(87): PHPUnit\\Framework\\TestCase->runBare()
#48 /tmp/abdoElHodaky/larvrevrstender/services/notification-service/vendor/phpunit/phpunit/src/Framework/TestCase.php(365): PHPUnit\\Framework\\TestRunner->run()
#49 /tmp/abdoElHodaky/larvrevrstender/services/notification-service/vendor/phpunit/phpunit/src/Framework/TestSuite.php(369): PHPUnit\\Framework\\TestCase->run()
#50 /tmp/abdoElHodaky/larvrevrstender/services/notification-service/vendor/phpunit/phpunit/src/Framework/TestSuite.php(369): PHPUnit\\Framework\\TestSuite->run()
#51 /tmp/abdoElHodaky/larvrevrstender/services/notification-service/vendor/phpunit/phpunit/src/Framework/TestSuite.php(369): PHPUnit\\Framework\\TestSuite->run()
#52 /tmp/abdoElHodaky/larvrevrstender/services/notification-service/vendor/phpunit/phpunit/src/TextUI/TestRunner.php(64): PHPUnit\\Framework\\TestSuite->run()
#53 /tmp/abdoElHodaky/larvrevrstender/services/notification-service/vendor/phpunit/phpunit/src/TextUI/Application.php(211): PHPUnit\\TextUI\\TestRunner->run()
#54 /tmp/abdoElHodaky/larvrevrstender/services/notification-service/vendor/phpunit/phpunit/phpunit(104): PHPUnit\\TextUI\\Application->run()
#55 {main}
"} 
[2026-02-04 09:56:40] testing.ERROR: Unsupported cipher or incorrect key length. Supported ciphers are: aes-128-cbc, aes-256-cbc, aes-128-gcm, aes-256-gcm. {"exception":"[object] (RuntimeException(code: 0): Unsupported cipher or incorrect key length. Supported ciphers are: aes-128-cbc, aes-256-cbc, aes-128-gcm, aes-256-gcm. at /tmp/abdoElHodaky/larvrevrstender/services/notification-service/vendor/laravel/framework/src/Illuminate/Encryption/Encrypter.php:61)
[stacktrace]
#0 /tmp/abdoElHodaky/larvrevrstender/services/notification-service/vendor/laravel/framework/src/Illuminate/Encryption/EncryptionServiceProvider.php(32): Illuminate\\Encryption\\Encrypter->__construct()
#1 /tmp/abdoElHodaky/larvrevrstender/services/notification-service/vendor/laravel/framework/src/Illuminate/Container/Container.php(1115): Illuminate\\Encryption\\EncryptionServiceProvider->Illuminate\\Encryption\\{closure}()
#2 /tmp/abdoElHodaky/larvrevrstender/services/notification-service/vendor/laravel/framework/src/Illuminate/Container/Container.php(933): Illuminate\\Container\\Container->build()
#3 /tmp/abdoElHodaky/larvrevrstender/services/notification-service/vendor/laravel/framework/src/Illuminate/Foundation/Application.php(1078): Illuminate\\Container\\Container->resolve()
#4 /tmp/abdoElHodaky/larvrevrstender/services/notification-service/vendor/laravel/framework/src/Illuminate/Container/Container.php(864): Illuminate\\Foundation\\Application->resolve()
#5 /tmp/abdoElHodaky/larvrevrstender/services/notification-service/vendor/laravel/framework/src/Illuminate/Foundation/Application.php(1058): Illuminate\\Container\\Container->make()
#6 /tmp/abdoElHodaky/larvrevrstender/services/notification-service/vendor/laravel/framework/src/Illuminate/Container/Container.php(1340): Illuminate\\Foundation\\Application->make()
#7 /tmp/abdoElHodaky/larvrevrstender/services/notification-service/vendor/laravel/framework/src/Illuminate/Container/Container.php(1241): Illuminate\\Container\\Container->resolveClass()
#8 /tmp/abdoElHodaky/larvrevrstender/services/notification-service/vendor/laravel/framework/src/Illuminate/Container/Container.php(1162): Illuminate\\Container\\Container->resolveDependencies()
#9 /tmp/abdoElHodaky/larvrevrstender/services/notification-service/vendor/laravel/framework/src/Illuminate/Container/Container.php(933): Illuminate\\Container\\Container->build()
#10 /tmp/abdoElHodaky/larvrevrstender/services/notification-service/vendor/laravel/framework/src/Illuminate/Foundation/Application.php(1078): Illuminate\\Container\\Container->resolve()
#11 /tmp/abdoElHodaky/larvrevrstender/services/notification-service/vendor/laravel/framework/src/Illuminate/Container/Container.php(864): Illuminate\\Foundation\\Application->resolve()
#12 /tmp/abdoElHodaky/larvrevrstender/services/notification-service/vendor/laravel/framework/src/Illuminate/Foundation/Application.php(1058): Illuminate\\Container\\Container->make()
#13 /tmp/abdoElHodaky/larvrevrstender/services/notification-service/vendor/laravel/framework/src/Illuminate/Pipeline/Pipeline.php(208): Illuminate\\Foundation\\Application->make()
#14 /tmp/abdoElHodaky/larvrevrstender/services/notification-service/vendor/laravel/framework/src/Illuminate/Pipeline/Pipeline.php(137): Illuminate\\Pipeline\\Pipeline->Illuminate\\Pipeline\\{closure}()
#15 /tmp/abdoElHodaky/larvrevrstender/services/notification-service/vendor/laravel/framework/src/Illuminate/Routing/Router.php(821): Illuminate\\Pipeline\\Pipeline->then()
#16 /tmp/abdoElHodaky/larvrevrstender/services/notification-service/vendor/laravel/framework/src/Illuminate/Routing/Router.php(800): Illuminate\\Routing\\Router->runRouteWithinStack()
#17 /tmp/abdoElHodaky/larvrevrstender/services/notification-service/vendor/laravel/framework/src/Illuminate/Routing/Router.php(764): Illuminate\\Routing\\Router->runRoute()
#18 /tmp/abdoElHodaky/larvrevrstender/services/notification-service/vendor/laravel/framework/src/Illuminate/Routing/Router.php(753): Illuminate\\Routing\\Router->dispatchToRoute()
#19 /tmp/abdoElHodaky/larvrevrstender/services/notification-service/vendor/laravel/framework/src/Illuminate/Foundation/Http/Kernel.php(200): Illuminate\\Routing\\Router->dispatch()
#20 /tmp/abdoElHodaky/larvrevrstender/services/notification-service/vendor/laravel/framework/src/Illuminate/Pipeline/Pipeline.php(180): Illuminate\\Foundation\\Http\\Kernel->Illuminate\\Foundation\\Http\\{closure}()
#21 /tmp/abdoElHodaky/larvrevrstender/services/notification-service/vendor/laravel/framework/src/Illuminate/Foundation/Http/Middleware/TransformsRequest.php(21): Illuminate\\Pipeline\\Pipeline->Illuminate\\Pipeline\\{closure}()
#22 /tmp/abdoElHodaky/larvrevrstender/services/notification-service/vendor/laravel/framework/src/Illuminate/Foundation/Http/Middleware/ConvertEmptyStringsToNull.php(31): Illuminate\\Foundation\\Http\\Middleware\\TransformsRequest->handle()
#23 /tmp/abdoElHodaky/larvrevrstender/services/notification-service/vendor/laravel/framework/src/Illuminate/Pipeline/Pipeline.php(219): Illuminate\\Foundation\\Http\\Middleware\\ConvertEmptyStringsToNull->handle()
#24 /tmp/abdoElHodaky/larvrevrstender/services/notification-service/vendor/laravel/framework/src/Illuminate/Foundation/Http/Middleware/TransformsRequest.php(21): Illuminate\\Pipeline\\Pipeline->Illuminate\\Pipeline\\{closure}()
#25 /tmp/abdoElHodaky/larvrevrstender/services/notification-service/vendor/laravel/framework/src/Illuminate/Foundation/Http/Middleware/TrimStrings.php(51): Illuminate\\Foundation\\Http\\Middleware\\TransformsRequest->handle()
#26 /tmp/abdoElHodaky/larvrevrstender/services/notification-service/vendor/laravel/framework/src/Illuminate/Pipeline/Pipeline.php(219): Illuminate\\Foundation\\Http\\Middleware\\TrimStrings->handle()
#27 /tmp/abdoElHodaky/larvrevrstender/services/notification-service/vendor/laravel/framework/src/Illuminate/Http/Middleware/ValidatePostSize.php(27): Illuminate\\Pipeline\\Pipeline->Illuminate\\Pipeline\\{closure}()
#28 /tmp/abdoElHodaky/larvrevrstender/services/notification-service/vendor/laravel/framework/src/Illuminate/Pipeline/Pipeline.php(219): Illuminate\\Http\\Middleware\\ValidatePostSize->handle()
#29 /tmp/abdoElHodaky/larvrevrstender/services/notification-service/vendor/laravel/framework/src/Illuminate/Foundation/Http/Middleware/PreventRequestsDuringMaintenance.php(109): Illuminate\\Pipeline\\Pipeline->Illuminate\\Pipeline\\{closure}()
#30 /tmp/abdoElHodaky/larvrevrstender/services/notification-service/vendor/laravel/framework/src/Illuminate/Pipeline/Pipeline.php(219): Illuminate\\Foundation\\Http\\Middleware\\PreventRequestsDuringMaintenance->handle()
#31 /tmp/abdoElHodaky/larvrevrstender/services/notification-service/vendor/laravel/framework/src/Illuminate/Http/Middleware/HandleCors.php(61): Illuminate\\Pipeline\\Pipeline->Illuminate\\Pipeline\\{closure}()
#32 /tmp/abdoElHodaky/larvrevrstender/services/notification-service/vendor/laravel/framework/src/Illuminate/Pipeline/Pipeline.php(219): Illuminate\\Http\\Middleware\\HandleCors->handle()
#33 /tmp/abdoElHodaky/larvrevrstender/services/notification-service/vendor/laravel/framework/src/Illuminate/Http/Middleware/TrustProxies.php(58): Illuminate\\Pipeline\\Pipeline->Illuminate\\Pipeline\\{closure}()
#34 /tmp/abdoElHodaky/larvrevrstender/services/notification-service/vendor/laravel/framework/src/Illuminate/Pipeline/Pipeline.php(219): Illuminate\\Http\\Middleware\\TrustProxies->handle()
#35 /tmp/abdoElHodaky/larvrevrstender/services/notification-service/vendor/laravel/framework/src/Illuminate/Foundation/Http/Middleware/InvokeDeferredCallbacks.php(22): Illuminate\\Pipeline\\Pipeline->Illuminate\\Pipeline\\{closure}()
#36 /tmp/abdoElHodaky/larvrevrstender/services/notification-service/vendor/laravel/framework/src/Illuminate/Pipeline/Pipeline.php(219): Illuminate\\Foundation\\Http\\Middleware\\InvokeDeferredCallbacks->handle()
#37 /tmp/abdoElHodaky/larvrevrstender/services/notification-service/vendor/laravel/framework/src/Illuminate/Http/Middleware/ValidatePathEncoding.php(26): Illuminate\\Pipeline\\Pipeline->Illuminate\\Pipeline\\{closure}()
#38 /tmp/abdoElHodaky/larvrevrstender/services/notification-service/vendor/laravel/framework/src/Illuminate/Pipeline/Pipeline.php(219): Illuminate\\Http\\Middleware\\ValidatePathEncoding->handle()
#39 /tmp/abdoElHodaky/larvrevrstender/services/notification-service/vendor/laravel/framework/src/Illuminate/Pipeline/Pipeline.php(137): Illuminate\\Pipeline\\Pipeline->Illuminate\\Pipeline\\{closure}()
#40 /tmp/abdoElHodaky/larvrevrstender/services/notification-service/vendor/laravel/framework/src/Illuminate/Foundation/Http/Kernel.php(175): Illuminate\\Pipeline\\Pipeline->then()
#41 /tmp/abdoElHodaky/larvrevrstender/services/notification-service/vendor/laravel/framework/src/Illuminate/Foundation/Http/Kernel.php(144): Illuminate\\Foundation\\Http\\Kernel->sendRequestThroughRouter()
#42 /tmp/abdoElHodaky/larvrevrstender/services/notification-service/vendor/laravel/framework/src/Illuminate/Foundation/Testing/Concerns/MakesHttpRequests.php(607): Illuminate\\Foundation\\Http\\Kernel->handle()
#43 /tmp/abdoElHodaky/larvrevrstender/services/notification-service/vendor/laravel/framework/src/Illuminate/Foundation/Testing/Concerns/MakesHttpRequests.php(368): Illuminate\\Foundation\\Testing\\TestCase->call()
#44 /tmp/abdoElHodaky/larvrevrstender/services/notification-service/tests/Feature/ExampleTest.php(14): Illuminate\\Foundation\\Testing\\TestCase->get()
#45 /tmp/abdoElHodaky/larvrevrstender/services/notification-service/vendor/phpunit/phpunit/src/Framework/TestCase.php(1667): Tests\\Feature\\ExampleTest->test_the_application_returns_a_successful_response()
#46 /tmp/abdoElHodaky/larvrevrstender/services/notification-service/vendor/phpunit/phpunit/src/Framework/TestCase.php(519): PHPUnit\\Framework\\TestCase->runTest()
#47 /tmp/abdoElHodaky/larvrevrstender/services/notification-service/vendor/phpunit/phpunit/src/Framework/TestRunner/TestRunner.php(87): PHPUnit\\Framework\\TestCase->runBare()
#48 /tmp/abdoElHodaky/larvrevrstender/services/notification-service/vendor/phpunit/phpunit/src/Framework/TestCase.php(365): PHPUnit\\Framework\\TestRunner->run()
#49 /tmp/abdoElHodaky/larvrevrstender/services/notification-service/vendor/phpunit/phpunit/src/Framework/TestSuite.php(369): PHPUnit\\Framework\\TestCase->run()
#50 /tmp/abdoElHodaky/larvrevrstender/services/notification-service/vendor/phpunit/phpunit/src/Framework/TestSuite.php(369): PHPUnit\\Framework\\TestSuite->run()
#51 /tmp/abdoElHodaky/larvrevrstender/services/notification-service/vendor/phpunit/phpunit/src/Framework/TestSuite.php(369): PHPUnit\\Framework\\TestSuite->run()
#52 /tmp/abdoElHodaky/larvrevrstender/services/notification-service/vendor/phpunit/phpunit/src/TextUI/TestRunner.php(64): PHPUnit\\Framework\\TestSuite->run()
#53 /tmp/abdoElHodaky/larvrevrstender/services/notification-service/vendor/phpunit/phpunit/src/TextUI/Application.php(211): PHPUnit\\TextUI\\TestRunner->run()
#54 /tmp/abdoElHodaky/larvrevrstender/services/notification-service/vendor/phpunit/phpunit/phpunit(104): PHPUnit\\TextUI\\Application->run()
#55 {main}
"} 
[2026-02-20 08:24:05] local.ERROR: Target class [Shared\Procedures\ProcedureEngine] does not exist. {"exception":"[object] (Illuminate\\Contracts\\Container\\BindingResolutionException(code: 0): Target class [Shared\\Procedures\\ProcedureEngine] does not exist. at /tmp/abdoElHodaky/larvrevrstender/services/notification-service/vendor/laravel/framework/src/Illuminate/Container/Container.php:1124)
[stacktrace]
#0 /tmp/abdoElHodaky/larvrevrstender/services/notification-service/vendor/laravel/framework/src/Illuminate/Container/Container.php(933): Illuminate\\Container\\Container->build()
#1 /tmp/abdoElHodaky/larvrevrstender/services/notification-service/vendor/laravel/framework/src/Illuminate/Foundation/Application.php(1078): Illuminate\\Container\\Container->resolve()
#2 /tmp/abdoElHodaky/larvrevrstender/services/notification-service/vendor/laravel/framework/src/Illuminate/Container/Container.php(864): Illuminate\\Foundation\\Application->resolve()
#3 /tmp/abdoElHodaky/larvrevrstender/services/notification-service/vendor/laravel/framework/src/Illuminate/Foundation/Application.php(1058): Illuminate\\Container\\Container->make()
#4 /tmp/abdoElHodaky/larvrevrstender/services/notification-service/app/Providers/RpcServiceProvider.php(49): Illuminate\\Foundation\\Application->make()
#5 /tmp/abdoElHodaky/larvrevrstender/services/notification-service/vendor/laravel/framework/src/Illuminate/Container/BoundMethod.php(36): App\\Providers\\RpcServiceProvider->boot()
#6 /tmp/abdoElHodaky/larvrevrstender/services/notification-service/vendor/laravel/framework/src/Illuminate/Container/Util.php(43): Illuminate\\Container\\BoundMethod::Illuminate\\Container\\{closure}()
#7 /tmp/abdoElHodaky/larvrevrstender/services/notification-service/vendor/laravel/framework/src/Illuminate/Container/BoundMethod.php(96): Illuminate\\Container\\Util::unwrapIfClosure()
#8 /tmp/abdoElHodaky/larvrevrstender/services/notification-service/vendor/laravel/framework/src/Illuminate/Container/BoundMethod.php(35): Illuminate\\Container\\BoundMethod::callBoundMethod()
#9 /tmp/abdoElHodaky/larvrevrstender/services/notification-service/vendor/laravel/framework/src/Illuminate/Container/Container.php(799): Illuminate\\Container\\BoundMethod::call()
#10 /tmp/abdoElHodaky/larvrevrstender/services/notification-service/vendor/laravel/framework/src/Illuminate/Foundation/Application.php(1151): Illuminate\\Container\\Container->call()
#11 /tmp/abdoElHodaky/larvrevrstender/services/notification-service/vendor/laravel/framework/src/Illuminate/Foundation/Application.php(1132): Illuminate\\Foundation\\Application->bootProvider()
#12 [internal function]: Illuminate\\Foundation\\Application->Illuminate\\Foundation\\{closure}()
#13 /tmp/abdoElHodaky/larvrevrstender/services/notification-service/vendor/laravel/framework/src/Illuminate/Foundation/Application.php(1131): array_walk()
#14 /tmp/abdoElHodaky/larvrevrstender/services/notification-service/vendor/laravel/framework/src/Illuminate/Foundation/Bootstrap/BootProviders.php(17): Illuminate\\Foundation\\Application->boot()
#15 /tmp/abdoElHodaky/larvrevrstender/services/notification-service/vendor/laravel/framework/src/Illuminate/Foundation/Application.php(342): Illuminate\\Foundation\\Bootstrap\\BootProviders->bootstrap()
#16 /tmp/abdoElHodaky/larvrevrstender/services/notification-service/vendor/laravel/framework/src/Illuminate/Foundation/Console/Kernel.php(494): Illuminate\\Foundation\\Application->bootstrapWith()
#17 /tmp/abdoElHodaky/larvrevrstender/services/notification-service/vendor/laravel/framework/src/Illuminate/Foundation/Console/Kernel.php(196): Illuminate\\Foundation\\Console\\Kernel->bootstrap()
#18 /tmp/abdoElHodaky/larvrevrstender/services/notification-service/vendor/laravel/framework/src/Illuminate/Foundation/Application.php(1235): Illuminate\\Foundation\\Console\\Kernel->handle()
#19 /tmp/abdoElHodaky/larvrevrstender/services/notification-service/artisan(11): Illuminate\\Foundation\\Application->handleCommand()
#20 {main}

[previous exception] [object] (ReflectionException(code: -1): Class \"Shared\\Procedures\\ProcedureEngine\" does not exist at /tmp/abdoElHodaky/larvrevrstender/services/notification-service/vendor/laravel/framework/src/Illuminate/Container/Container.php:1122)
[stacktrace]
#0 /tmp/abdoElHodaky/larvrevrstender/services/notification-service/vendor/laravel/framework/src/Illuminate/Container/Container.php(1122): ReflectionClass->__construct()
#1 /tmp/abdoElHodaky/larvrevrstender/services/notification-service/vendor/laravel/framework/src/Illuminate/Container/Container.php(933): Illuminate\\Container\\Container->build()
#2 /tmp/abdoElHodaky/larvrevrstender/services/notification-service/vendor/laravel/framework/src/Illuminate/Foundation/Application.php(1078): Illuminate\\Container\\Container->resolve()
#3 /tmp/abdoElHodaky/larvrevrstender/services/notification-service/vendor/laravel/framework/src/Illuminate/Container/Container.php(864): Illuminate\\Foundation\\Application->resolve()
#4 /tmp/abdoElHodaky/larvrevrstender/services/notification-service/vendor/laravel/framework/src/Illuminate/Foundation/Application.php(1058): Illuminate\\Container\\Container->make()
#5 /tmp/abdoElHodaky/larvrevrstender/services/notification-service/app/Providers/RpcServiceProvider.php(49): Illuminate\\Foundation\\Application->make()
#6 /tmp/abdoElHodaky/larvrevrstender/services/notification-service/vendor/laravel/framework/src/Illuminate/Container/BoundMethod.php(36): App\\Providers\\RpcServiceProvider->boot()
#7 /tmp/abdoElHodaky/larvrevrstender/services/notification-service/vendor/laravel/framework/src/Illuminate/Container/Util.php(43): Illuminate\\Container\\BoundMethod::Illuminate\\Container\\{closure}()
#8 /tmp/abdoElHodaky/larvrevrstender/services/notification-service/vendor/laravel/framework/src/Illuminate/Container/BoundMethod.php(96): Illuminate\\Container\\Util::unwrapIfClosure()
#9 /tmp/abdoElHodaky/larvrevrstender/services/notification-service/vendor/laravel/framework/src/Illuminate/Container/BoundMethod.php(35): Illuminate\\Container\\BoundMethod::callBoundMethod()
#10 /tmp/abdoElHodaky/larvrevrstender/services/notification-service/vendor/laravel/framework/src/Illuminate/Container/Container.php(799): Illuminate\\Container\\BoundMethod::call()
#11 /tmp/abdoElHodaky/larvrevrstender/services/notification-service/vendor/laravel/framework/src/Illuminate/Foundation/Application.php(1151): Illuminate\\Container\\Container->call()
#12 /tmp/abdoElHodaky/larvrevrstender/services/notification-service/vendor/laravel/framework/src/Illuminate/Foundation/Application.php(1132): Illuminate\\Foundation\\Application->bootProvider()
#13 [internal function]: Illuminate\\Foundation\\Application->Illuminate\\Foundation\\{closure}()
#14 /tmp/abdoElHodaky/larvrevrstender/services/notification-service/vendor/laravel/framework/src/Illuminate/Foundation/Application.php(1131): array_walk()
#15 /tmp/abdoElHodaky/larvrevrstender/services/notification-service/vendor/laravel/framework/src/Illuminate/Foundation/Bootstrap/BootProviders.php(17): Illuminate\\Foundation\\Application->boot()
#16 /tmp/abdoElHodaky/larvrevrstender/services/notification-service/vendor/laravel/framework/src/Illuminate/Foundation/Application.php(342): Illuminate\\Foundation\\Bootstrap\\BootProviders->bootstrap()
#17 /tmp/abdoElHodaky/larvrevrstender/services/notification-service/vendor/laravel/framework/src/Illuminate/Foundation/Console/Kernel.php(494): Illuminate\\Foundation\\Application->bootstrapWith()
#18 /tmp/abdoElHodaky/larvrevrstender/services/notification-service/vendor/laravel/framework/src/Illuminate/Foundation/Console/Kernel.php(196): Illuminate\\Foundation\\Console\\Kernel->bootstrap()
#19 /tmp/abdoElHodaky/larvrevrstender/services/notification-service/vendor/laravel/framework/src/Illuminate/Foundation/Application.php(1235): Illuminate\\Foundation\\Console\\Kernel->handle()
#20 /tmp/abdoElHodaky/larvrevrstender/services/notification-service/artisan(11): Illuminate\\Foundation\\Application->handleCommand()
#21 {main}
"} 
[2026-02-20 08:40:11] local.ERROR: Class "Shared\Procedures\BaseProcedure" not found {"exception":"[object] (Error(code: 0): Class \"Shared\\Procedures\\BaseProcedure\" not found at /tmp/abdoElHodaky/larvrevrstender/services/notification-service/app/RPC/Procedures/NotificationProcedure.php:20)
[stacktrace]
#0 /tmp/abdoElHodaky/larvrevrstender/services/notification-service/vendor/composer/ClassLoader.php(576): include()
#1 /tmp/abdoElHodaky/larvrevrstender/services/notification-service/vendor/composer/ClassLoader.php(427): Composer\\Autoload\\{closure}()
#2 /tmp/abdoElHodaky/larvrevrstender/services/notification-service/app/Providers/RpcServiceProvider.php(30): Composer\\Autoload\\ClassLoader->loadClass()
#3 /tmp/abdoElHodaky/larvrevrstender/services/notification-service/vendor/laravel/framework/src/Illuminate/Container/Container.php(1115): App\\Providers\\RpcServiceProvider->App\\Providers\\{closure}()
#4 /tmp/abdoElHodaky/larvrevrstender/services/notification-service/vendor/laravel/framework/src/Illuminate/Container/Container.php(933): Illuminate\\Container\\Container->build()
#5 /tmp/abdoElHodaky/larvrevrstender/services/notification-service/vendor/laravel/framework/src/Illuminate/Foundation/Application.php(1078): Illuminate\\Container\\Container->resolve()
#6 /tmp/abdoElHodaky/larvrevrstender/services/notification-service/vendor/laravel/framework/src/Illuminate/Container/Container.php(864): Illuminate\\Foundation\\Application->resolve()
#7 /tmp/abdoElHodaky/larvrevrstender/services/notification-service/vendor/laravel/framework/src/Illuminate/Foundation/Application.php(1058): Illuminate\\Container\\Container->make()
#8 /tmp/abdoElHodaky/larvrevrstender/services/notification-service/app/Providers/RpcServiceProvider.php(52): Illuminate\\Foundation\\Application->make()
#9 /tmp/abdoElHodaky/larvrevrstender/services/notification-service/vendor/laravel/framework/src/Illuminate/Container/BoundMethod.php(36): App\\Providers\\RpcServiceProvider->boot()
#10 /tmp/abdoElHodaky/larvrevrstender/services/notification-service/vendor/laravel/framework/src/Illuminate/Container/Util.php(43): Illuminate\\Container\\BoundMethod::Illuminate\\Container\\{closure}()
#11 /tmp/abdoElHodaky/larvrevrstender/services/notification-service/vendor/laravel/framework/src/Illuminate/Container/BoundMethod.php(96): Illuminate\\Container\\Util::unwrapIfClosure()
#12 /tmp/abdoElHodaky/larvrevrstender/services/notification-service/vendor/laravel/framework/src/Illuminate/Container/BoundMethod.php(35): Illuminate\\Container\\BoundMethod::callBoundMethod()
#13 /tmp/abdoElHodaky/larvrevrstender/services/notification-service/vendor/laravel/framework/src/Illuminate/Container/Container.php(799): Illuminate\\Container\\BoundMethod::call()
#14 /tmp/abdoElHodaky/larvrevrstender/services/notification-service/vendor/laravel/framework/src/Illuminate/Foundation/Application.php(1151): Illuminate\\Container\\Container->call()
#15 /tmp/abdoElHodaky/larvrevrstender/services/notification-service/vendor/laravel/framework/src/Illuminate/Foundation/Application.php(1132): Illuminate\\Foundation\\Application->bootProvider()
#16 [internal function]: Illuminate\\Foundation\\Application->Illuminate\\Foundation\\{closure}()
#17 /tmp/abdoElHodaky/larvrevrstender/services/notification-service/vendor/laravel/framework/src/Illuminate/Foundation/Application.php(1131): array_walk()
#18 /tmp/abdoElHodaky/larvrevrstender/services/notification-service/vendor/laravel/framework/src/Illuminate/Foundation/Bootstrap/BootProviders.php(17): Illuminate\\Foundation\\Application->boot()
#19 /tmp/abdoElHodaky/larvrevrstender/services/notification-service/vendor/laravel/framework/src/Illuminate/Foundation/Application.php(342): Illuminate\\Foundation\\Bootstrap\\BootProviders->bootstrap()
#20 /tmp/abdoElHodaky/larvrevrstender/services/notification-service/vendor/laravel/framework/src/Illuminate/Foundation/Console/Kernel.php(494): Illuminate\\Foundation\\Application->bootstrapWith()
#21 /tmp/abdoElHodaky/larvrevrstender/services/notification-service/vendor/laravel/framework/src/Illuminate/Foundation/Console/Kernel.php(196): Illuminate\\Foundation\\Console\\Kernel->bootstrap()
#22 /tmp/abdoElHodaky/larvrevrstender/services/notification-service/vendor/laravel/framework/src/Illuminate/Foundation/Application.php(1235): Illuminate\\Foundation\\Console\\Kernel->handle()
#23 /tmp/abdoElHodaky/larvrevrstender/services/notification-service/artisan(11): Illuminate\\Foundation\\Application->handleCommand()
#24 {main}
"} 
[2026-02-20 08:41:44] local.ERROR: Target class [App\Services\EmailService] does not exist. {"exception":"[object] (Illuminate\\Contracts\\Container\\BindingResolutionException(code: 0): Target class [App\\Services\\EmailService] does not exist. at /tmp/abdoElHodaky/larvrevrstender/services/notification-service/vendor/laravel/framework/src/Illuminate/Container/Container.php:1124)
[stacktrace]
#0 /tmp/abdoElHodaky/larvrevrstender/services/notification-service/vendor/laravel/framework/src/Illuminate/Container/Container.php(933): Illuminate\\Container\\Container->build()
#1 /tmp/abdoElHodaky/larvrevrstender/services/notification-service/vendor/laravel/framework/src/Illuminate/Foundation/Application.php(1078): Illuminate\\Container\\Container->resolve()
#2 /tmp/abdoElHodaky/larvrevrstender/services/notification-service/vendor/laravel/framework/src/Illuminate/Container/Container.php(864): Illuminate\\Foundation\\Application->resolve()
#3 /tmp/abdoElHodaky/larvrevrstender/services/notification-service/vendor/laravel/framework/src/Illuminate/Foundation/Application.php(1058): Illuminate\\Container\\Container->make()
#4 /tmp/abdoElHodaky/larvrevrstender/services/notification-service/app/Providers/RpcServiceProvider.php(32): Illuminate\\Foundation\\Application->make()
#5 /tmp/abdoElHodaky/larvrevrstender/services/notification-service/vendor/laravel/framework/src/Illuminate/Container/Container.php(1115): App\\Providers\\RpcServiceProvider->App\\Providers\\{closure}()
#6 /tmp/abdoElHodaky/larvrevrstender/services/notification-service/vendor/laravel/framework/src/Illuminate/Container/Container.php(933): Illuminate\\Container\\Container->build()
#7 /tmp/abdoElHodaky/larvrevrstender/services/notification-service/vendor/laravel/framework/src/Illuminate/Foundation/Application.php(1078): Illuminate\\Container\\Container->resolve()
#8 /tmp/abdoElHodaky/larvrevrstender/services/notification-service/vendor/laravel/framework/src/Illuminate/Container/Container.php(864): Illuminate\\Foundation\\Application->resolve()
#9 /tmp/abdoElHodaky/larvrevrstender/services/notification-service/vendor/laravel/framework/src/Illuminate/Foundation/Application.php(1058): Illuminate\\Container\\Container->make()
#10 /tmp/abdoElHodaky/larvrevrstender/services/notification-service/app/Providers/RpcServiceProvider.php(52): Illuminate\\Foundation\\Application->make()
#11 /tmp/abdoElHodaky/larvrevrstender/services/notification-service/vendor/laravel/framework/src/Illuminate/Container/BoundMethod.php(36): App\\Providers\\RpcServiceProvider->boot()
#12 /tmp/abdoElHodaky/larvrevrstender/services/notification-service/vendor/laravel/framework/src/Illuminate/Container/Util.php(43): Illuminate\\Container\\BoundMethod::Illuminate\\Container\\{closure}()
#13 /tmp/abdoElHodaky/larvrevrstender/services/notification-service/vendor/laravel/framework/src/Illuminate/Container/BoundMethod.php(96): Illuminate\\Container\\Util::unwrapIfClosure()
#14 /tmp/abdoElHodaky/larvrevrstender/services/notification-service/vendor/laravel/framework/src/Illuminate/Container/BoundMethod.php(35): Illuminate\\Container\\BoundMethod::callBoundMethod()
#15 /tmp/abdoElHodaky/larvrevrstender/services/notification-service/vendor/laravel/framework/src/Illuminate/Container/Container.php(799): Illuminate\\Container\\BoundMethod::call()
#16 /tmp/abdoElHodaky/larvrevrstender/services/notification-service/vendor/laravel/framework/src/Illuminate/Foundation/Application.php(1151): Illuminate\\Container\\Container->call()
#17 /tmp/abdoElHodaky/larvrevrstender/services/notification-service/vendor/laravel/framework/src/Illuminate/Foundation/Application.php(1132): Illuminate\\Foundation\\Application->bootProvider()
#18 [internal function]: Illuminate\\Foundation\\Application->Illuminate\\Foundation\\{closure}()
#19 /tmp/abdoElHodaky/larvrevrstender/services/notification-service/vendor/laravel/framework/src/Illuminate/Foundation/Application.php(1131): array_walk()
#20 /tmp/abdoElHodaky/larvrevrstender/services/notification-service/vendor/laravel/framework/src/Illuminate/Foundation/Bootstrap/BootProviders.php(17): Illuminate\\Foundation\\Application->boot()
#21 /tmp/abdoElHodaky/larvrevrstender/services/notification-service/vendor/laravel/framework/src/Illuminate/Foundation/Application.php(342): Illuminate\\Foundation\\Bootstrap\\BootProviders->bootstrap()
#22 /tmp/abdoElHodaky/larvrevrstender/services/notification-service/vendor/laravel/framework/src/Illuminate/Foundation/Console/Kernel.php(494): Illuminate\\Foundation\\Application->bootstrapWith()
#23 /tmp/abdoElHodaky/larvrevrstender/services/notification-service/vendor/laravel/framework/src/Illuminate/Foundation/Console/Kernel.php(196): Illuminate\\Foundation\\Console\\Kernel->bootstrap()
#24 /tmp/abdoElHodaky/larvrevrstender/services/notification-service/vendor/laravel/framework/src/Illuminate/Foundation/Application.php(1235): Illuminate\\Foundation\\Console\\Kernel->handle()
#25 /tmp/abdoElHodaky/larvrevrstender/services/notification-service/artisan(11): Illuminate\\Foundation\\Application->handleCommand()
#26 {main}

[previous exception] [object] (ReflectionException(code: -1): Class \"App\\Services\\EmailService\" does not exist at /tmp/abdoElHodaky/larvrevrstender/services/notification-service/vendor/laravel/framework/src/Illuminate/Container/Container.php:1122)
[stacktrace]
#0 /tmp/abdoElHodaky/larvrevrstender/services/notification-service/vendor/laravel/framework/src/Illuminate/Container/Container.php(1122): ReflectionClass->__construct()
#1 /tmp/abdoElHodaky/larvrevrstender/services/notification-service/vendor/laravel/framework/src/Illuminate/Container/Container.php(933): Illuminate\\Container\\Container->build()
#2 /tmp/abdoElHodaky/larvrevrstender/services/notification-service/vendor/laravel/framework/src/Illuminate/Foundation/Application.php(1078): Illuminate\\Container\\Container->resolve()
#3 /tmp/abdoElHodaky/larvrevrstender/services/notification-service/vendor/laravel/framework/src/Illuminate/Container/Container.php(864): Illuminate\\Foundation\\Application->resolve()
#4 /tmp/abdoElHodaky/larvrevrstender/services/notification-service/vendor/laravel/framework/src/Illuminate/Foundation/Application.php(1058): Illuminate\\Container\\Container->make()
#5 /tmp/abdoElHodaky/larvrevrstender/services/notification-service/app/Providers/RpcServiceProvider.php(32): Illuminate\\Foundation\\Application->make()
#6 /tmp/abdoElHodaky/larvrevrstender/services/notification-service/vendor/laravel/framework/src/Illuminate/Container/Container.php(1115): App\\Providers\\RpcServiceProvider->App\\Providers\\{closure}()
#7 /tmp/abdoElHodaky/larvrevrstender/services/notification-service/vendor/laravel/framework/src/Illuminate/Container/Container.php(933): Illuminate\\Container\\Container->build()
#8 /tmp/abdoElHodaky/larvrevrstender/services/notification-service/vendor/laravel/framework/src/Illuminate/Foundation/Application.php(1078): Illuminate\\Container\\Container->resolve()
#9 /tmp/abdoElHodaky/larvrevrstender/services/notification-service/vendor/laravel/framework/src/Illuminate/Container/Container.php(864): Illuminate\\Foundation\\Application->resolve()
#10 /tmp/abdoElHodaky/larvrevrstender/services/notification-service/vendor/laravel/framework/src/Illuminate/Foundation/Application.php(1058): Illuminate\\Container\\Container->make()
#11 /tmp/abdoElHodaky/larvrevrstender/services/notification-service/app/Providers/RpcServiceProvider.php(52): Illuminate\\Foundation\\Application->make()
#12 /tmp/abdoElHodaky/larvrevrstender/services/notification-service/vendor/laravel/framework/src/Illuminate/Container/BoundMethod.php(36): App\\Providers\\RpcServiceProvider->boot()
#13 /tmp/abdoElHodaky/larvrevrstender/services/notification-service/vendor/laravel/framework/src/Illuminate/Container/Util.php(43): Illuminate\\Container\\BoundMethod::Illuminate\\Container\\{closure}()
#14 /tmp/abdoElHodaky/larvrevrstender/services/notification-service/vendor/laravel/framework/src/Illuminate/Container/BoundMethod.php(96): Illuminate\\Container\\Util::unwrapIfClosure()
#15 /tmp/abdoElHodaky/larvrevrstender/services/notification-service/vendor/laravel/framework/src/Illuminate/Container/BoundMethod.php(35): Illuminate\\Container\\BoundMethod::callBoundMethod()
#16 /tmp/abdoElHodaky/larvrevrstender/services/notification-service/vendor/laravel/framework/src/Illuminate/Container/Container.php(799): Illuminate\\Container\\BoundMethod::call()
#17 /tmp/abdoElHodaky/larvrevrstender/services/notification-service/vendor/laravel/framework/src/Illuminate/Foundation/Application.php(1151): Illuminate\\Container\\Container->call()
#18 /tmp/abdoElHodaky/larvrevrstender/services/notification-service/vendor/laravel/framework/src/Illuminate/Foundation/Application.php(1132): Illuminate\\Foundation\\Application->bootProvider()
#19 [internal function]: Illuminate\\Foundation\\Application->Illuminate\\Foundation\\{closure}()
#20 /tmp/abdoElHodaky/larvrevrstender/services/notification-service/vendor/laravel/framework/src/Illuminate/Foundation/Application.php(1131): array_walk()
#21 /tmp/abdoElHodaky/larvrevrstender/services/notification-service/vendor/laravel/framework/src/Illuminate/Foundation/Bootstrap/BootProviders.php(17): Illuminate\\Foundation\\Application->boot()
#22 /tmp/abdoElHodaky/larvrevrstender/services/notification-service/vendor/laravel/framework/src/Illuminate/Foundation/Application.php(342): Illuminate\\Foundation\\Bootstrap\\BootProviders->bootstrap()
#23 /tmp/abdoElHodaky/larvrevrstender/services/notification-service/vendor/laravel/framework/src/Illuminate/Foundation/Console/Kernel.php(494): Illuminate\\Foundation\\Application->bootstrapWith()
#24 /tmp/abdoElHodaky/larvrevrstender/services/notification-service/vendor/laravel/framework/src/Illuminate/Foundation/Console/Kernel.php(196): Illuminate\\Foundation\\Console\\Kernel->bootstrap()
#25 /tmp/abdoElHodaky/larvrevrstender/services/notification-service/vendor/laravel/framework/src/Illuminate/Foundation/Application.php(1235): Illuminate\\Foundation\\Console\\Kernel->handle()
#26 /tmp/abdoElHodaky/larvrevrstender/services/notification-service/artisan(11): Illuminate\\Foundation\\Application->handleCommand()
#27 {main}
"} 
[2026-02-20 08:46:56] local.INFO: Callable procedure registered {"name":"notification.sendEmail","type":"micro"} 
[2026-02-20 08:46:56] local.INFO: Callable procedure registered {"name":"notification.sendSms","type":"micro"} 
[2026-02-20 08:46:56] local.INFO: Callable procedure registered {"name":"notification.sendPushNotification","type":"micro"} 
[2026-02-20 08:46:56] local.INFO: Callable procedure registered {"name":"notification.sendMultiChannel","type":"micro"} 
[2026-02-20 08:46:56] local.INFO: Callable procedure registered {"name":"notification.sendBidConfirmation","type":"micro"} 
[2026-02-20 08:46:56] local.INFO: Callable procedure registered {"name":"notification.sendOutbidNotification","type":"micro"} 
[2026-02-20 08:46:56] local.INFO: Callable procedure registered {"name":"notification.sendAuctionWonNotification","type":"micro"} 
[2026-02-20 08:46:56] local.INFO: Callable procedure registered {"name":"notification.sendPaymentReminder","type":"micro"} 
[2026-02-20 08:46:56] local.INFO: Callable procedure registered {"name":"notification.getStatus","type":"micro"} 
[2026-02-20 08:46:56] local.INFO: Callable procedure registered {"name":"health.check","type":"micro"} 
[2026-02-20 08:46:56] local.INFO: Callable procedure registered {"name":"system.info","type":"micro"} 
[2026-02-20 08:46:56] local.INFO: Callable procedure registered {"name":"system.metrics","type":"micro"} 
[2026-02-20 08:46:56] local.INFO: Callable procedure registered {"name":"system.ping","type":"micro"} 
[2026-02-20 09:06:53] local.INFO: Callable procedure registered {"name":"notification.sendEmail","type":"micro"} 
[2026-02-20 09:06:53] local.INFO: Callable procedure registered {"name":"notification.sendSms","type":"micro"} 
[2026-02-20 09:06:53] local.INFO: Callable procedure registered {"name":"notification.sendPushNotification","type":"micro"} 
[2026-02-20 09:06:53] local.INFO: Callable procedure registered {"name":"notification.sendMultiChannel","type":"micro"} 
[2026-02-20 09:06:53] local.INFO: Callable procedure registered {"name":"notification.sendBidConfirmation","type":"micro"} 
[2026-02-20 09:06:53] local.INFO: Callable procedure registered {"name":"notification.sendOutbidNotification","type":"micro"} 
[2026-02-20 09:06:53] local.INFO: Callable procedure registered {"name":"notification.sendAuctionWonNotification","type":"micro"} 
[2026-02-20 09:06:53] local.INFO: Callable procedure registered {"name":"notification.sendPaymentReminder","type":"micro"} 
[2026-02-20 09:06:53] local.INFO: Callable procedure registered {"name":"notification.getStatus","type":"micro"} 
[2026-02-20 09:06:53] local.INFO: Callable procedure registered {"name":"health.check","type":"micro"} 
[2026-02-20 09:06:53] local.INFO: Callable procedure registered {"name":"system.info","type":"micro"} 
[2026-02-20 09:06:53] local.INFO: Callable procedure registered {"name":"system.metrics","type":"micro"} 
[2026-02-20 09:06:53] local.INFO: Callable procedure registered {"name":"system.ping","type":"micro"} 
[2026-02-20 09:06:54] local.INFO: Callable procedure registered {"name":"notification.sendEmail","type":"micro"} 
[2026-02-20 09:06:54] local.INFO: Callable procedure registered {"name":"notification.sendSms","type":"micro"} 
[2026-02-20 09:06:54] local.INFO: Callable procedure registered {"name":"notification.sendPushNotification","type":"micro"} 
[2026-02-20 09:06:54] local.INFO: Callable procedure registered {"name":"notification.sendMultiChannel","type":"micro"} 
[2026-02-20 09:06:54] local.INFO: Callable procedure registered {"name":"notification.sendBidConfirmation","type":"micro"} 
[2026-02-20 09:06:54] local.INFO: Callable procedure registered {"name":"notification.sendOutbidNotification","type":"micro"} 
[2026-02-20 09:06:54] local.INFO: Callable procedure registered {"name":"notification.sendAuctionWonNotification","type":"micro"} 
[2026-02-20 09:06:54] local.INFO: Callable procedure registered {"name":"notification.sendPaymentReminder","type":"micro"} 
[2026-02-20 09:06:54] local.INFO: Callable procedure registered {"name":"notification.getStatus","type":"micro"} 
[2026-02-20 09:06:54] local.INFO: Callable procedure registered {"name":"health.check","type":"micro"} 
[2026-02-20 09:06:54] local.INFO: Callable procedure registered {"name":"system.info","type":"micro"} 
[2026-02-20 09:06:54] local.INFO: Callable procedure registered {"name":"system.metrics","type":"micro"} 
[2026-02-20 09:06:54] local.INFO: Callable procedure registered {"name":"system.ping","type":"micro"} 
