[2026-03-07 11:07:35] local.INFO: Procedure registered {"name":"events","class":"Shared\\Procedures\\CrossServiceProcedure","type":"micro"} 
[2026-03-07 11:07:35] local.INFO: Procedure registered {"name":"cache","class":"Shared\\Procedures\\CrossServiceProcedure","type":"micro"} 
[2026-03-07 11:07:35] local.INFO: Procedure registered {"name":"notification","class":"Shared\\Procedures\\CrossServiceProcedure","type":"micro"} 
[2026-03-07 11:07:35] local.INFO: Procedure registered {"name":"validation","class":"Shared\\Procedures\\CrossServiceProcedure","type":"micro"} 
[2026-03-07 11:07:35] local.INFO: Procedure registered {"name":"security","class":"Shared\\Procedures\\CrossServiceProcedure","type":"micro"} 
[2026-03-07 11:07:35] local.INFO: Procedure registered {"name":"circuit_breaker","class":"Shared\\Procedures\\CrossServiceProcedure","type":"micro"} 
[2026-03-07 11:07:35] local.INFO: Procedure registered {"name":"queue_circuit_breaker","class":"Shared\\Procedures\\CrossServiceProcedure","type":"micro"} 
[2026-03-07 11:07:35] local.INFO: Procedure registered {"name":"third_party_integration","class":"Shared\\Procedures\\CrossServiceProcedure","type":"micro"} 
[2026-03-07 11:07:35] local.INFO: Procedure registered {"name":"workflow","class":"Shared\\Procedures\\CrossServiceProcedure","type":"macro"} 
[2026-03-07 11:07:35] local.ERROR: Class App\Services\NotificationService contains 11 abstract methods and must therefore be declared abstract or implement the remaining methods (App\Services\Contracts\NotificationServiceInterface::getNotification, App\Services\Contracts\NotificationServiceInterface::getUserNotifications, App\Services\Contracts\NotificationServiceInterface::markAsRead, ...) {"exception":"[object] (Symfony\\Component\\ErrorHandler\\Error\\FatalError(code: 0): Class App\\Services\\NotificationService contains 11 abstract methods and must therefore be declared abstract or implement the remaining methods (App\\Services\\Contracts\\NotificationServiceInterface::getNotification, App\\Services\\Contracts\\NotificationServiceInterface::getUserNotifications, App\\Services\\Contracts\\NotificationServiceInterface::markAsRead, ...) at /tmp/abdoElHodaky/larvrevrstender/services/notification-service/app/Services/NotificationService.php:14)
[stacktrace]
#0 {main}
"} 
[2026-03-07 11:09:28] local.INFO: Procedure registered {"name":"events","class":"Shared\\Procedures\\CrossServiceProcedure","type":"micro"} 
[2026-03-07 11:09:28] local.INFO: Procedure registered {"name":"cache","class":"Shared\\Procedures\\CrossServiceProcedure","type":"micro"} 
[2026-03-07 11:09:28] local.INFO: Procedure registered {"name":"notification","class":"Shared\\Procedures\\CrossServiceProcedure","type":"micro"} 
[2026-03-07 11:09:28] local.INFO: Procedure registered {"name":"validation","class":"Shared\\Procedures\\CrossServiceProcedure","type":"micro"} 
[2026-03-07 11:09:28] local.INFO: Procedure registered {"name":"security","class":"Shared\\Procedures\\CrossServiceProcedure","type":"micro"} 
[2026-03-07 11:09:28] local.INFO: Procedure registered {"name":"circuit_breaker","class":"Shared\\Procedures\\CrossServiceProcedure","type":"micro"} 
[2026-03-07 11:09:28] local.INFO: Procedure registered {"name":"queue_circuit_breaker","class":"Shared\\Procedures\\CrossServiceProcedure","type":"micro"} 
[2026-03-07 11:09:28] local.INFO: Procedure registered {"name":"third_party_integration","class":"Shared\\Procedures\\CrossServiceProcedure","type":"micro"} 
[2026-03-07 11:09:28] local.INFO: Procedure registered {"name":"workflow","class":"Shared\\Procedures\\CrossServiceProcedure","type":"macro"} 
[2026-03-07 11:09:28] local.ERROR: Declaration of App\Services\EmailService::sendEmail(array $params): array must be compatible with App\Services\Contracts\EmailServiceInterface::sendEmail(string $to, string $subject, string $body, array $options = []): array {"exception":"[object] (Symfony\\Component\\ErrorHandler\\Error\\FatalError(code: 0): Declaration of App\\Services\\EmailService::sendEmail(array $params): array must be compatible with App\\Services\\Contracts\\EmailServiceInterface::sendEmail(string $to, string $subject, string $body, array $options = []): array at /tmp/abdoElHodaky/larvrevrstender/services/notification-service/app/Services/EmailService.php:24)
[stacktrace]
#0 {main}
"} 
[2026-03-07 11:12:44] local.INFO: Procedure registered {"name":"events","class":"Shared\\Procedures\\CrossServiceProcedure","type":"micro"} 
[2026-03-07 11:12:44] local.INFO: Procedure registered {"name":"cache","class":"Shared\\Procedures\\CrossServiceProcedure","type":"micro"} 
[2026-03-07 11:12:44] local.INFO: Procedure registered {"name":"notification","class":"Shared\\Procedures\\CrossServiceProcedure","type":"micro"} 
[2026-03-07 11:12:44] local.INFO: Procedure registered {"name":"validation","class":"Shared\\Procedures\\CrossServiceProcedure","type":"micro"} 
[2026-03-07 11:12:44] local.INFO: Procedure registered {"name":"security","class":"Shared\\Procedures\\CrossServiceProcedure","type":"micro"} 
[2026-03-07 11:12:44] local.INFO: Procedure registered {"name":"circuit_breaker","class":"Shared\\Procedures\\CrossServiceProcedure","type":"micro"} 
[2026-03-07 11:12:44] local.INFO: Procedure registered {"name":"queue_circuit_breaker","class":"Shared\\Procedures\\CrossServiceProcedure","type":"micro"} 
[2026-03-07 11:12:44] local.INFO: Procedure registered {"name":"third_party_integration","class":"Shared\\Procedures\\CrossServiceProcedure","type":"micro"} 
[2026-03-07 11:12:44] local.INFO: Procedure registered {"name":"workflow","class":"Shared\\Procedures\\CrossServiceProcedure","type":"macro"} 
[2026-03-07 11:12:44] local.ERROR: Declaration of App\Services\SmsService::sendSms(array $params): array must be compatible with App\Services\Contracts\SmsServiceInterface::sendSms(string $phoneNumber, string $message, array $options = []): array {"exception":"[object] (Symfony\\Component\\ErrorHandler\\Error\\FatalError(code: 0): Declaration of App\\Services\\SmsService::sendSms(array $params): array must be compatible with App\\Services\\Contracts\\SmsServiceInterface::sendSms(string $phoneNumber, string $message, array $options = []): array at /tmp/abdoElHodaky/larvrevrstender/services/notification-service/app/Services/SmsService.php:23)
[stacktrace]
#0 {main}
"} 
[2026-03-07 11:14:48] local.INFO: Procedure registered {"name":"events","class":"Shared\\Procedures\\CrossServiceProcedure","type":"micro"} 
[2026-03-07 11:14:48] local.INFO: Procedure registered {"name":"cache","class":"Shared\\Procedures\\CrossServiceProcedure","type":"micro"} 
[2026-03-07 11:14:48] local.INFO: Procedure registered {"name":"notification","class":"Shared\\Procedures\\CrossServiceProcedure","type":"micro"} 
[2026-03-07 11:14:48] local.INFO: Procedure registered {"name":"validation","class":"Shared\\Procedures\\CrossServiceProcedure","type":"micro"} 
[2026-03-07 11:14:48] local.INFO: Procedure registered {"name":"security","class":"Shared\\Procedures\\CrossServiceProcedure","type":"micro"} 
[2026-03-07 11:14:48] local.INFO: Procedure registered {"name":"circuit_breaker","class":"Shared\\Procedures\\CrossServiceProcedure","type":"micro"} 
[2026-03-07 11:14:48] local.INFO: Procedure registered {"name":"queue_circuit_breaker","class":"Shared\\Procedures\\CrossServiceProcedure","type":"micro"} 
[2026-03-07 11:14:48] local.INFO: Procedure registered {"name":"third_party_integration","class":"Shared\\Procedures\\CrossServiceProcedure","type":"micro"} 
[2026-03-07 11:14:48] local.INFO: Procedure registered {"name":"workflow","class":"Shared\\Procedures\\CrossServiceProcedure","type":"macro"} 
[2026-03-07 11:14:48] local.ERROR: Declaration of App\Services\PushNotificationService::sendPushNotification(array $params): array must be compatible with App\Services\Contracts\PushNotificationServiceInterface::sendPushNotification(string $deviceToken, array $notificationData): array {"exception":"[object] (Symfony\\Component\\ErrorHandler\\Error\\FatalError(code: 0): Declaration of App\\Services\\PushNotificationService::sendPushNotification(array $params): array must be compatible with App\\Services\\Contracts\\PushNotificationServiceInterface::sendPushNotification(string $deviceToken, array $notificationData): array at /tmp/abdoElHodaky/larvrevrstender/services/notification-service/app/Services/PushNotificationService.php:23)
[stacktrace]
#0 {main}
"} 
[2026-03-07 11:19:04] local.INFO: Procedure registered {"name":"events","class":"Shared\\Procedures\\CrossServiceProcedure","type":"micro"} 
[2026-03-07 11:19:04] local.INFO: Procedure registered {"name":"cache","class":"Shared\\Procedures\\CrossServiceProcedure","type":"micro"} 
[2026-03-07 11:19:04] local.INFO: Procedure registered {"name":"notification","class":"Shared\\Procedures\\CrossServiceProcedure","type":"micro"} 
[2026-03-07 11:19:04] local.INFO: Procedure registered {"name":"validation","class":"Shared\\Procedures\\CrossServiceProcedure","type":"micro"} 
[2026-03-07 11:19:04] local.INFO: Procedure registered {"name":"security","class":"Shared\\Procedures\\CrossServiceProcedure","type":"micro"} 
[2026-03-07 11:19:04] local.INFO: Procedure registered {"name":"circuit_breaker","class":"Shared\\Procedures\\CrossServiceProcedure","type":"micro"} 
[2026-03-07 11:19:04] local.INFO: Procedure registered {"name":"queue_circuit_breaker","class":"Shared\\Procedures\\CrossServiceProcedure","type":"micro"} 
[2026-03-07 11:19:04] local.INFO: Procedure registered {"name":"third_party_integration","class":"Shared\\Procedures\\CrossServiceProcedure","type":"micro"} 
[2026-03-07 11:19:04] local.INFO: Procedure registered {"name":"workflow","class":"Shared\\Procedures\\CrossServiceProcedure","type":"macro"} 
[2026-03-07 11:19:04] local.INFO: Callable procedure registered {"name":"notification.sendEmail","type":"micro"} 
[2026-03-07 11:19:04] local.INFO: Callable procedure registered {"name":"notification.sendSms","type":"micro"} 
[2026-03-07 11:19:04] local.INFO: Callable procedure registered {"name":"notification.sendPushNotification","type":"micro"} 
[2026-03-07 11:19:04] local.INFO: Callable procedure registered {"name":"notification.sendMultiChannel","type":"micro"} 
[2026-03-07 11:19:04] local.INFO: Callable procedure registered {"name":"notification.sendBidConfirmation","type":"micro"} 
[2026-03-07 11:19:04] local.INFO: Callable procedure registered {"name":"notification.sendOutbidNotification","type":"micro"} 
[2026-03-07 11:19:04] local.INFO: Callable procedure registered {"name":"notification.sendAuctionWonNotification","type":"micro"} 
[2026-03-07 11:19:04] local.INFO: Callable procedure registered {"name":"notification.sendPaymentReminder","type":"micro"} 
[2026-03-07 11:19:04] local.INFO: Callable procedure registered {"name":"notification.getStatus","type":"micro"} 
[2026-03-07 11:19:04] local.INFO: Callable procedure registered {"name":"health.check","type":"micro"} 
[2026-03-07 11:19:04] local.INFO: Callable procedure registered {"name":"system.info","type":"micro"} 
[2026-03-07 11:19:04] local.INFO: Callable procedure registered {"name":"system.metrics","type":"micro"} 
[2026-03-07 11:19:04] local.INFO: Callable procedure registered {"name":"system.ping","type":"micro"} 
[2026-03-07 11:19:20] local.INFO: Procedure registered {"name":"events","class":"Shared\\Procedures\\CrossServiceProcedure","type":"micro"} 
[2026-03-07 11:19:20] local.INFO: Procedure registered {"name":"cache","class":"Shared\\Procedures\\CrossServiceProcedure","type":"micro"} 
[2026-03-07 11:19:20] local.INFO: Procedure registered {"name":"notification","class":"Shared\\Procedures\\CrossServiceProcedure","type":"micro"} 
[2026-03-07 11:19:20] local.INFO: Procedure registered {"name":"validation","class":"Shared\\Procedures\\CrossServiceProcedure","type":"micro"} 
[2026-03-07 11:19:20] local.INFO: Procedure registered {"name":"security","class":"Shared\\Procedures\\CrossServiceProcedure","type":"micro"} 
[2026-03-07 11:19:20] local.INFO: Procedure registered {"name":"circuit_breaker","class":"Shared\\Procedures\\CrossServiceProcedure","type":"micro"} 
[2026-03-07 11:19:20] local.INFO: Procedure registered {"name":"queue_circuit_breaker","class":"Shared\\Procedures\\CrossServiceProcedure","type":"micro"} 
[2026-03-07 11:19:20] local.INFO: Procedure registered {"name":"third_party_integration","class":"Shared\\Procedures\\CrossServiceProcedure","type":"micro"} 
[2026-03-07 11:19:20] local.INFO: Procedure registered {"name":"workflow","class":"Shared\\Procedures\\CrossServiceProcedure","type":"macro"} 
[2026-03-07 11:19:20] local.INFO: Callable procedure registered {"name":"notification.sendEmail","type":"micro"} 
[2026-03-07 11:19:20] local.INFO: Callable procedure registered {"name":"notification.sendSms","type":"micro"} 
[2026-03-07 11:19:20] local.INFO: Callable procedure registered {"name":"notification.sendPushNotification","type":"micro"} 
[2026-03-07 11:19:20] local.INFO: Callable procedure registered {"name":"notification.sendMultiChannel","type":"micro"} 
[2026-03-07 11:19:20] local.INFO: Callable procedure registered {"name":"notification.sendBidConfirmation","type":"micro"} 
[2026-03-07 11:19:20] local.INFO: Callable procedure registered {"name":"notification.sendOutbidNotification","type":"micro"} 
[2026-03-07 11:19:20] local.INFO: Callable procedure registered {"name":"notification.sendAuctionWonNotification","type":"micro"} 
[2026-03-07 11:19:20] local.INFO: Callable procedure registered {"name":"notification.sendPaymentReminder","type":"micro"} 
[2026-03-07 11:19:20] local.INFO: Callable procedure registered {"name":"notification.getStatus","type":"micro"} 
[2026-03-07 11:19:20] local.INFO: Callable procedure registered {"name":"health.check","type":"micro"} 
[2026-03-07 11:19:20] local.INFO: Callable procedure registered {"name":"system.info","type":"micro"} 
[2026-03-07 11:19:20] local.INFO: Callable procedure registered {"name":"system.metrics","type":"micro"} 
[2026-03-07 11:19:20] local.INFO: Callable procedure registered {"name":"system.ping","type":"micro"} 
