[2026-02-10 08:36:42] INFO: Starting Phase 6: Production Rollout and System Validation
[2026-02-10 08:36:42] INFO: Building on successful Phase 1-5 migrations with 13.2M+ records migrated
[2026-02-10 08:36:42] INFO: Executing component: System-Wide Integration Validation
[2026-02-10 08:36:42] INFO: Validating system-wide integration across all 11 services
[2026-02-10 08:36:42] INFO: Executing: Service mesh communication validation
[2026-02-10 08:36:44] INFO: Service mesh communication validation completed successfully
[2026-02-10 08:36:44] INFO: Executing: End-to-end business workflow testing
[2026-02-10 08:36:46] INFO: End-to-end business workflow testing completed successfully
[2026-02-10 08:36:46] INFO: Executing: Cross-service data consistency validation
[2026-02-10 08:36:48] INFO: Cross-service data consistency validation completed successfully
[2026-02-10 08:36:48] INFO: Executing: API gateway integration verification
[2026-02-10 08:36:50] INFO: API gateway integration verification completed successfully
[2026-02-10 08:36:50] INFO: Executing: Service dependency validation
[2026-02-10 08:36:52] INFO: Service dependency validation completed successfully
[2026-02-10 08:36:52] INFO: Component System-Wide Integration Validation completed successfully
[2026-02-10 08:36:52] INFO: Executing component: Production Infrastructure Deployment
[2026-02-10 08:36:52] INFO: Deploying production-scale PostgreSQL infrastructure
[2026-02-10 08:36:52] INFO: Deploying: Production PostgreSQL cluster deployment
[2026-02-10 08:36:55] INFO: Production PostgreSQL cluster deployment deployed successfully
[2026-02-10 08:36:55] INFO: Deploying: High availability configuration with failover
[2026-02-10 08:36:58] INFO: High availability configuration with failover deployed successfully
[2026-02-10 08:36:58] INFO: Deploying: Database load balancing configuration
[2026-02-10 08:37:01] INFO: Database load balancing configuration deployed successfully
[2026-02-10 08:37:01] INFO: Deploying: PgBouncer production deployment
[2026-02-10 08:37:04] INFO: PgBouncer production deployment deployed successfully
[2026-02-10 08:37:04] INFO: Deploying: Production network security implementation
[2026-02-10 08:37:07] INFO: Production network security implementation deployed successfully
[2026-02-10 08:37:07] INFO: Component Production Infrastructure Deployment completed successfully
[2026-02-10 08:37:07] INFO: Executing component: Monitoring and Observability Deployment
[2026-02-10 08:37:07] INFO: Deploying comprehensive monitoring and observability
[2026-02-10 08:37:07] INFO: Deploying: All 11 services monitoring deployment
[2026-02-10 08:37:09] INFO: All 11 services monitoring deployment deployed successfully
[2026-02-10 08:37:09] INFO: Deploying: PostgreSQL cluster monitoring
[2026-02-10 08:37:11] INFO: PostgreSQL cluster monitoring deployed successfully
[2026-02-10 08:37:11] INFO: Deploying: Production alerting configuration
[2026-02-10 08:37:13] INFO: Production alerting configuration deployed successfully
[2026-02-10 08:37:13] INFO: Deploying: Operational dashboards deployment
[2026-02-10 08:37:15] INFO: Operational dashboards deployment deployed successfully
[2026-02-10 08:37:15] INFO: Deploying: Centralized logging implementation
[2026-02-10 08:37:17] INFO: Centralized logging implementation deployed successfully
[2026-02-10 08:37:17] INFO: Deploying: Comprehensive metrics collection
[2026-02-10 08:37:19] INFO: Comprehensive metrics collection deployed successfully
[2026-02-10 08:37:19] INFO: Component Monitoring and Observability Deployment completed successfully
[2026-02-10 08:37:19] INFO: Executing component: Security Hardening and Compliance
[2026-02-10 08:37:19] INFO: Implementing production security hardening and compliance
[2026-02-10 08:37:19] INFO: Implementing: Production-grade security configuration
[2026-02-10 08:37:23] INFO: Production-grade security configuration implemented successfully
[2026-02-10 08:37:23] INFO: Implementing: Role-based access control implementation
[2026-02-10 08:37:27] INFO: Role-based access control implementation implemented successfully
[2026-02-10 08:37:27] INFO: Implementing: Encryption at rest and in transit validation
[2026-02-10 08:37:31] INFO: Encryption at rest and in transit validation implemented successfully
[2026-02-10 08:37:31] INFO: Implementing: PCI DSS, GDPR compliance validation
[2026-02-10 08:37:35] INFO: PCI DSS, GDPR compliance validation implemented successfully
[2026-02-10 08:37:35] INFO: Implementing: Comprehensive security audit and penetration testing
[2026-02-10 08:37:39] INFO: Comprehensive security audit and penetration testing implemented successfully
[2026-02-10 08:37:39] INFO: Component Security Hardening and Compliance completed successfully
[2026-02-10 08:37:39] INFO: Executing component: Backup and Disaster Recovery
[2026-02-10 08:37:39] INFO: Implementing backup and disaster recovery procedures
[2026-02-10 08:37:39] INFO: Implementing: Production backup strategy implementation
[2026-02-10 08:37:42] INFO: Production backup strategy implementation implemented successfully
[2026-02-10 08:37:42] INFO: Implementing: Disaster recovery procedures testing
[2026-02-10 08:37:45] INFO: Disaster recovery procedures testing implemented successfully
