[INFO] 2026-02-10 06:57:32 - Starting Phase 7: Extended Services Migration
[INFO] 2026-02-10 06:57:32 - Services to migrate: Auction, Notification, VIN OCR
[INFO] 2026-02-10 06:57:32 - Starting migration for auction service
[INFO] 2026-02-10 06:57:32 - Phase 1: Pre-Migration Assessment for auction
[INFO] 2026-02-10 06:57:32 - Performing pre-migration assessment for auction
[INFO] 2026-02-10 06:57:32 - Phase 2: Schema Migration with Advanced Features for auction
[INFO] 2026-02-10 06:57:32 - Converting MySQL schema to PostgreSQL with advanced features for auction
[INFO] 2026-02-10 06:57:32 - Phase 3: Data Migration with Optimization for auction
[INFO] 2026-02-10 06:57:32 - Migrating data with optimization for auction service
[INFO] 2026-02-10 06:57:32 - Phase 4: Advanced Feature Implementation for auction
[INFO] 2026-02-10 06:57:32 - Implementing advanced PostgreSQL features for auction
[INFO] 2026-02-10 06:57:32 - Phase 5: Performance Optimization for auction
[INFO] 2026-02-10 06:57:32 - Performing performance optimization for auction service
[INFO] 2026-02-10 06:57:32 - Phase 6: Integration Testing for auction
[INFO] 2026-02-10 06:57:32 - Performing integration testing for auction service
[SUCCESS] 2026-02-10 06:57:32 - Migration completed successfully for auction service
[INFO] 2026-02-10 06:57:32 - Starting migration for notification service
[INFO] 2026-02-10 06:57:32 - Phase 1: Pre-Migration Assessment for notification
[INFO] 2026-02-10 06:57:32 - Performing pre-migration assessment for notification
[INFO] 2026-02-10 06:57:32 - Phase 2: Schema Migration with Advanced Features for notification
[INFO] 2026-02-10 06:57:32 - Converting MySQL schema to PostgreSQL with advanced features for notification
[INFO] 2026-02-10 06:57:32 - Phase 3: Data Migration with Optimization for notification
[INFO] 2026-02-10 06:57:32 - Migrating data with optimization for notification service
[INFO] 2026-02-10 06:57:32 - Phase 4: Advanced Feature Implementation for notification
[INFO] 2026-02-10 06:57:32 - Implementing advanced PostgreSQL features for notification
[INFO] 2026-02-10 06:57:32 - Phase 5: Performance Optimization for notification
[INFO] 2026-02-10 06:57:32 - Performing performance optimization for notification service
[INFO] 2026-02-10 06:57:32 - Phase 6: Integration Testing for notification
[INFO] 2026-02-10 06:57:32 - Performing integration testing for notification service
[SUCCESS] 2026-02-10 06:57:32 - Migration completed successfully for notification service
[INFO] 2026-02-10 06:57:32 - Starting migration for vin_ocr service
[INFO] 2026-02-10 06:57:32 - Phase 1: Pre-Migration Assessment for vin_ocr
[INFO] 2026-02-10 06:57:32 - Performing pre-migration assessment for vin_ocr
[INFO] 2026-02-10 06:57:32 - Phase 2: Schema Migration with Advanced Features for vin_ocr
[INFO] 2026-02-10 06:57:32 - Converting MySQL schema to PostgreSQL with advanced features for vin_ocr
[INFO] 2026-02-10 06:57:32 - Phase 3: Data Migration with Optimization for vin_ocr
[INFO] 2026-02-10 06:57:32 - Migrating data with optimization for vin_ocr service
[INFO] 2026-02-10 06:57:32 - Phase 4: Advanced Feature Implementation for vin_ocr
[INFO] 2026-02-10 06:57:32 - Implementing advanced PostgreSQL features for vin_ocr
[INFO] 2026-02-10 06:57:32 - Phase 5: Performance Optimization for vin_ocr
[INFO] 2026-02-10 06:57:32 - Performing performance optimization for vin_ocr service
[INFO] 2026-02-10 06:57:32 - Phase 6: Integration Testing for vin_ocr
[INFO] 2026-02-10 06:57:32 - Performing integration testing for vin_ocr service
[SUCCESS] 2026-02-10 06:57:32 - Migration completed successfully for vin_ocr service
[INFO] 2026-02-10 06:57:32 - Phase 7 execution report generated: /tmp/abdoElHodaky/larvrevrstender/migration/scripts/../reports/phase7_execution_2026-02-10_06-57-32.json
