[INFO] 2026-02-09 18:43:02 - Starting Phase 5 Execution: Auth and User Services Migration
[INFO] 2026-02-09 18:43:02 - === Phase 5A: Auth Service Migration ===
[INFO] 2026-02-09 18:43:02 - Validating Auth Service security requirements
[INFO] 2026-02-09 18:43:02 - Validating password hash integrity
[INFO] 2026-02-09 18:43:02 - Migrating OAuth tokens with encryption validation
[INFO] 2026-02-09 18:43:02 - Migrating session management system
[INFO] 2026-02-09 18:43:02 - Executing zero-downtime Auth Service migration
[INFO] 2026-02-09 18:43:02 - Validating Auth Service migration results
[INFO] 2026-02-09 18:43:02 - === Phase 5B: User Service Migration ===
[INFO] 2026-02-09 18:43:02 - Preparing large dataset for User Service migration
[INFO] 2026-02-09 18:43:02 - Migrating user data with batch processing
[INFO] 2026-02-09 18:43:02 - Migrating user documents and file references
[INFO] 2026-02-09 18:43:02 - Validating privacy compliance (GDPR/CCPA)
[INFO] 2026-02-09 18:43:02 - Optimizing User Service performance
[INFO] 2026-02-09 18:43:02 - Validating user data integrity
[INFO] 2026-02-09 18:43:02 - === Enhanced Validation Based on Pilot Lessons ===
[INFO] 2026-02-09 18:43:02 - Enhanced security validation based on pilot lessons
[INFO] 2026-02-09 18:43:02 - Enhanced performance validation
[INFO] 2026-02-09 18:43:02 - Enhanced data consistency validation
[INFO] 2026-02-09 18:43:02 - Enhanced business logic validation
[INFO] 2026-02-09 18:43:02 - === Performance Optimization ===
[INFO] 2026-02-09 18:43:02 - Optimizing PostgreSQL configuration
[INFO] 2026-02-09 18:43:02 - Optimizing connection pooling
[INFO] 2026-02-09 18:43:02 - Optimizing database queries
[INFO] 2026-02-09 18:43:02 - Optimizing database indexes
[INFO] 2026-02-09 18:43:02 - === Production Readiness Validation ===
[INFO] 2026-02-09 18:43:02 - Validating infrastructure readiness
[INFO] 2026-02-09 18:43:02 - Validating security readiness
[INFO] 2026-02-09 18:43:02 - Validating performance readiness
[INFO] 2026-02-09 18:43:02 - Validating monitoring readiness
[INFO] 2026-02-09 18:43:02 - Validating backup and recovery readiness
