[2026-02-10 10:41:02] INFO: Starting Phase 8: Continuous Improvement and Maintenance
[2026-02-10 10:41:02] INFO: Ensuring long-term success of the PostgreSQL migration with 44.2% performance improvement
[2026-02-10 10:41:02] INFO: Executing maintenance area: Continuous Monitoring and Health Assessment
[2026-02-10 10:41:02] INFO: Executing continuous monitoring and health assessment
[2026-02-10 10:41:02] INFO: Executing: System vitals and performance metrics analysis
[2026-02-10 10:41:04] INFO: System vitals and performance metrics analysis completed successfully
[2026-02-10 10:41:04] INFO: Executing: PostgreSQL cluster health assessment
[2026-02-10 10:41:06] INFO: PostgreSQL cluster health assessment completed successfully
[2026-02-10 10:41:06] INFO: Executing: All 11 services availability monitoring
[2026-02-10 10:41:08] INFO: All 11 services availability monitoring completed successfully
[2026-02-10 10:41:08] INFO: Executing: Alert system effectiveness review
[2026-02-10 10:41:10] INFO: Alert system effectiveness review completed successfully
[2026-02-10 10:41:10] INFO: Executing: Monitoring dashboard optimization
[2026-02-10 10:41:12] INFO: Monitoring dashboard optimization completed successfully
[2026-02-10 10:41:12] INFO: Executing: Cross-service metric correlation analysis
[2026-02-10 10:41:14] INFO: Cross-service metric correlation analysis completed successfully
[2026-02-10 10:41:14] INFO: Maintenance area Continuous Monitoring and Health Assessment completed successfully
[2026-02-10 10:41:14] INFO: Executing maintenance area: Performance Trending and Predictive Analysis
[2026-02-10 10:41:14] INFO: Executing performance trending and predictive analysis
[2026-02-10 10:41:14] INFO: Executing: Performance baseline trend analysis
[2026-02-10 10:41:17] INFO: Performance baseline trend analysis completed successfully
[2026-02-10 10:41:17] INFO: Executing: Capacity growth forecasting
[2026-02-10 10:41:20] INFO: Capacity growth forecasting completed successfully
[2026-02-10 10:41:20] INFO: Executing: Bottleneck prediction and prevention
[2026-02-10 10:41:23] INFO: Bottleneck prediction and prevention completed successfully
[2026-02-10 10:41:23] INFO: Executing: Seasonal usage pattern analysis
[2026-02-10 10:41:26] INFO: Seasonal usage pattern analysis completed successfully
[2026-02-10 10:41:26] INFO: Executing: Continuous optimization opportunity identification
[2026-02-10 10:41:29] INFO: Continuous optimization opportunity identification completed successfully
[2026-02-10 10:41:29] INFO: Maintenance area Performance Trending and Predictive Analysis completed successfully
[2026-02-10 10:41:29] INFO: Executing maintenance area: Capacity Planning and Resource Optimization
[2026-02-10 10:41:29] INFO: Executing capacity planning and resource optimization
[2026-02-10 10:41:29] INFO: Executing: Current resource utilization analysis
[2026-02-10 10:41:33] INFO: Current resource utilization analysis completed successfully
[2026-02-10 10:41:33] INFO: Executing: Business growth projection modeling
[2026-02-10 10:41:37] INFO: Business growth projection modeling completed successfully
[2026-02-10 10:41:37] INFO: Executing: Horizontal and vertical scaling strategy optimization
[2026-02-10 10:41:41] INFO: Horizontal and vertical scaling strategy optimization completed successfully
[2026-02-10 10:41:41] INFO: Executing: Infrastructure cost optimization analysis
[2026-02-10 10:41:45] INFO: Infrastructure cost optimization analysis completed successfully
[2026-02-10 10:41:45] INFO: Executing: Performance vs capacity correlation analysis
[2026-02-10 10:41:49] INFO: Performance vs capacity correlation analysis completed successfully
[2026-02-10 10:41:49] INFO: Maintenance area Capacity Planning and Resource Optimization completed successfully
[2026-02-10 10:41:49] INFO: Executing maintenance area: Security Updates and Compliance Maintenance
[2026-02-10 10:41:49] INFO: Executing security updates and compliance maintenance
[2026-02-10 10:41:49] INFO: Executing: Security patch assessment and deployment
[2026-02-10 10:41:52] INFO: Security patch assessment and deployment completed successfully
[2026-02-10 10:41:52] INFO: Executing: PCI DSS and GDPR compliance review
[2026-02-10 10:41:55] INFO: PCI DSS and GDPR compliance review completed successfully
[2026-02-10 10:41:55] INFO: Executing: Automated vulnerability scanning
[2026-02-10 10:41:58] INFO: Automated vulnerability scanning completed successfully
[2026-02-10 10:41:58] INFO: Executing: User access and permissions review
[2026-02-10 10:42:01] INFO: User access and permissions review completed successfully
[2026-02-10 10:42:01] INFO: Executing: Security monitoring effectiveness review
[2026-02-10 10:42:04] INFO: Security monitoring effectiveness review completed successfully
[2026-02-10 10:42:04] INFO: Maintenance area Security Updates and Compliance Maintenance completed successfully
[2026-02-10 10:42:04] INFO: Executing maintenance area: Knowledge Transfer and Documentation Updates
[2026-02-10 10:42:04] INFO: Executing knowledge transfer and documentation updates
[2026-02-10 10:42:04] INFO: Executing: Technical documentation updates and maintenance
[2026-02-10 10:42:06] INFO: Technical documentation updates and maintenance completed successfully
[2026-02-10 10:42:06] INFO: Executing: Operational runbook optimization
[2026-02-10 10:42:08] INFO: Operational runbook optimization completed successfully
