[2026-02-10 08:40:56] INFO: Starting Phase 7: Performance Optimization and Tuning
[2026-02-10 08:40:56] INFO: Building on successful Phase 6 production rollout with enterprise-grade infrastructure
[2026-02-10 08:40:56] INFO: Executing optimization area: Database Performance Optimization
[2026-02-10 08:40:56] INFO: Optimizing database performance across all services
[2026-02-10 08:40:56] INFO: Executing: Analyzing and optimizing slow queries
[2026-02-10 08:40:59] INFO: Analyzing and optimizing slow queries completed successfully
[2026-02-10 08:40:59] INFO: Executing: Implementing advanced indexing strategies
[2026-02-10 08:41:02] INFO: Implementing advanced indexing strategies completed successfully
[2026-02-10 08:41:02] INFO: Executing: Optimizing connection pooling efficiency
[2026-02-10 08:41:05] INFO: Optimizing connection pooling efficiency completed successfully
[2026-02-10 08:41:05] INFO: Executing: Fine-tuning PostgreSQL configuration
[2026-02-10 08:41:08] INFO: Fine-tuning PostgreSQL configuration completed successfully
[2026-02-10 08:41:08] INFO: Executing: Optimizing memory allocation and usage
[2026-02-10 08:41:11] INFO: Optimizing memory allocation and usage completed successfully
[2026-02-10 08:41:11] INFO: Optimization area Database Performance Optimization completed successfully
[2026-02-10 08:41:11] INFO: Executing optimization area: Application-Level Optimization
[2026-02-10 08:41:11] INFO: Implementing application-level performance optimizations
[2026-02-10 08:41:11] INFO: Implementing: Deploying multi-level caching across all services
[2026-02-10 08:41:15] INFO: Deploying multi-level caching across all services implemented successfully
[2026-02-10 08:41:15] INFO: Implementing: Optimizing application-level connection handling
[2026-02-10 08:41:19] INFO: Optimizing application-level connection handling implemented successfully
[2026-02-10 08:41:19] INFO: Implementing: Optimizing CPU, memory, and network resource usage
[2026-02-10 08:41:23] INFO: Optimizing CPU, memory, and network resource usage implemented successfully
[2026-02-10 08:41:23] INFO: Implementing: Implementing code-level performance improvements
