[2026-02-20 08:20:57] production.ERROR: SQLSTATE[08006] [7] could not translate host name "host" to address: No address associated with hostname (Connection: pgsql, Host: host, Port: 5432, Database: database_name, SQL: insert into "telescope_entries" ("batch_id", "content", "created_at", "family_hash", "type", "uuid") values (a11fb5c6-af46-4687-a3ff-12295f3210f3, {"command":"vendor:publish","exit_code":0,"arguments":{"command":"vendor:publish"},"options":{"existing":false,"force":true,"all":false,"provider":null,"tag":["laravel-assets"],"help":false,"silent":false,"quiet":false,"verbose":false,"version":false,"ansi":true,"no-interaction":false,"env":null},"hostname":"modal"}, 2026-02-20 08:20:57, ?, command, a11fb5c6-abf8-4305-8738-ef3bf0427aaf)) {"exception":"[object] (Illuminate\\Database\\QueryException(code: 7): SQLSTATE[08006] [7] could not translate host name \"host\" to address: No address associated with hostname (Connection: pgsql, Host: host, Port: 5432, Database: database_name, SQL: insert into \"telescope_entries\" (\"batch_id\", \"content\", \"created_at\", \"family_hash\", \"type\", \"uuid\") values (a11fb5c6-af46-4687-a3ff-12295f3210f3, {\"command\":\"vendor:publish\",\"exit_code\":0,\"arguments\":{\"command\":\"vendor:publish\"},\"options\":{\"existing\":false,\"force\":true,\"all\":false,\"provider\":null,\"tag\":[\"laravel-assets\"],\"help\":false,\"silent\":false,\"quiet\":false,\"verbose\":false,\"version\":false,\"ansi\":true,\"no-interaction\":false,\"env\":null},\"hostname\":\"modal\"}, 2026-02-20 08:20:57, ?, command, a11fb5c6-abf8-4305-8738-ef3bf0427aaf)) at /tmp/abdoElHodaky/larvrevrstender/services/auction-service/vendor/laravel/framework/src/Illuminate/Database/Connection.php:838)
[stacktrace]
#0 /tmp/abdoElHodaky/larvrevrstender/services/auction-service/vendor/laravel/framework/src/Illuminate/Database/Connection.php(999): Illuminate\\Database\\Connection->runQueryCallback()
#1 /tmp/abdoElHodaky/larvrevrstender/services/auction-service/vendor/laravel/framework/src/Illuminate/Database/Connection.php(978): Illuminate\\Database\\Connection->tryAgainIfCausedByLostConnection()
#2 /tmp/abdoElHodaky/larvrevrstender/services/auction-service/vendor/laravel/framework/src/Illuminate/Database/Connection.php(796): Illuminate\\Database\\Connection->handleQueryException()
#3 /tmp/abdoElHodaky/larvrevrstender/services/auction-service/vendor/laravel/framework/src/Illuminate/Database/Connection.php(573): Illuminate\\Database\\Connection->run()
#4 /tmp/abdoElHodaky/larvrevrstender/services/auction-service/vendor/laravel/framework/src/Illuminate/Database/Connection.php(537): Illuminate\\Database\\Connection->statement()
#5 /tmp/abdoElHodaky/larvrevrstender/services/auction-service/vendor/laravel/framework/src/Illuminate/Database/Query/Builder.php(4054): Illuminate\\Database\\Connection->insert()
#6 /tmp/abdoElHodaky/larvrevrstender/services/auction-service/vendor/laravel/telescope/src/Storage/DatabaseEntriesRepository.php(145): Illuminate\\Database\\Query\\Builder->insert()
#7 /tmp/abdoElHodaky/larvrevrstender/services/auction-service/vendor/laravel/framework/src/Illuminate/Collections/Traits/EnumeratesValues.php(275): Laravel\\Telescope\\Storage\\DatabaseEntriesRepository->Laravel\\Telescope\\Storage\\{closure}()
#8 /tmp/abdoElHodaky/larvrevrstender/services/auction-service/vendor/laravel/telescope/src/Storage/DatabaseEntriesRepository.php(144): Illuminate\\Support\\Collection->each()
#9 /tmp/abdoElHodaky/larvrevrstender/services/auction-service/vendor/laravel/telescope/src/Telescope.php(664): Laravel\\Telescope\\Storage\\DatabaseEntriesRepository->store()
#10 [internal function]: Laravel\\Telescope\\Telescope::Laravel\\Telescope\\{closure}()
#11 /tmp/abdoElHodaky/larvrevrstender/services/auction-service/vendor/laravel/telescope/src/Telescope.php(289): call_user_func()
#12 /tmp/abdoElHodaky/larvrevrstender/services/auction-service/vendor/laravel/telescope/src/Telescope.php(656): Laravel\\Telescope\\Telescope::withoutRecording()
#13 /tmp/abdoElHodaky/larvrevrstender/services/auction-service/vendor/laravel/telescope/src/ListensForStorageOpportunities.php(65): Laravel\\Telescope\\Telescope::store()
#14 /tmp/abdoElHodaky/larvrevrstender/services/auction-service/vendor/laravel/framework/src/Illuminate/Container/BoundMethod.php(36): Laravel\\Telescope\\Telescope::Laravel\\Telescope\\{closure}()
#15 /tmp/abdoElHodaky/larvrevrstender/services/auction-service/vendor/laravel/framework/src/Illuminate/Container/Util.php(43): Illuminate\\Container\\BoundMethod::Illuminate\\Container\\{closure}()
#16 /tmp/abdoElHodaky/larvrevrstender/services/auction-service/vendor/laravel/framework/src/Illuminate/Container/BoundMethod.php(84): Illuminate\\Container\\Util::unwrapIfClosure()
#17 /tmp/abdoElHodaky/larvrevrstender/services/auction-service/vendor/laravel/framework/src/Illuminate/Container/BoundMethod.php(35): Illuminate\\Container\\BoundMethod::callBoundMethod()
#18 /tmp/abdoElHodaky/larvrevrstender/services/auction-service/vendor/laravel/framework/src/Illuminate/Container/Container.php(799): Illuminate\\Container\\BoundMethod::call()
#19 /tmp/abdoElHodaky/larvrevrstender/services/auction-service/vendor/laravel/framework/src/Illuminate/Foundation/Application.php(1466): Illuminate\\Container\\Container->call()
#20 /tmp/abdoElHodaky/larvrevrstender/services/auction-service/vendor/laravel/framework/src/Illuminate/Foundation/Console/Kernel.php(219): Illuminate\\Foundation\\Application->terminate()
#21 /tmp/abdoElHodaky/larvrevrstender/services/auction-service/artisan(51): Illuminate\\Foundation\\Console\\Kernel->terminate()
#22 {main}

[previous exception] [object] (PDOException(code: 7): SQLSTATE[08006] [7] could not translate host name \"host\" to address: No address associated with hostname at /tmp/abdoElHodaky/larvrevrstender/services/auction-service/vendor/laravel/framework/src/Illuminate/Database/Connectors/Connector.php:66)
[stacktrace]
#0 /tmp/abdoElHodaky/larvrevrstender/services/auction-service/vendor/laravel/framework/src/Illuminate/Database/Connectors/Connector.php(66): PDO->__construct()
#1 /tmp/abdoElHodaky/larvrevrstender/services/auction-service/vendor/laravel/framework/src/Illuminate/Database/Connectors/Connector.php(85): Illuminate\\Database\\Connectors\\Connector->createPdoConnection()
#2 /tmp/abdoElHodaky/larvrevrstender/services/auction-service/vendor/laravel/framework/src/Illuminate/Database/Connectors/Connector.php(48): Illuminate\\Database\\Connectors\\Connector->tryAgainIfCausedByLostConnection()
#3 /tmp/abdoElHodaky/larvrevrstender/services/auction-service/vendor/laravel/framework/src/Illuminate/Database/Connectors/PostgresConnector.php(35): Illuminate\\Database\\Connectors\\Connector->createConnection()
#4 /tmp/abdoElHodaky/larvrevrstender/services/auction-service/vendor/laravel/framework/src/Illuminate/Database/Connectors/ConnectionFactory.php(186): Illuminate\\Database\\Connectors\\PostgresConnector->connect()
#5 [internal function]: Illuminate\\Database\\Connectors\\ConnectionFactory->Illuminate\\Database\\Connectors\\{closure}()
#6 /tmp/abdoElHodaky/larvrevrstender/services/auction-service/vendor/laravel/framework/src/Illuminate/Database/Connection.php(1257): call_user_func()
#7 /tmp/abdoElHodaky/larvrevrstender/services/auction-service/vendor/laravel/framework/src/Illuminate/Database/Connection.php(578): Illuminate\\Database\\Connection->getPdo()
#8 /tmp/abdoElHodaky/larvrevrstender/services/auction-service/vendor/laravel/framework/src/Illuminate/Database/Connection.php(827): Illuminate\\Database\\Connection->Illuminate\\Database\\{closure}()
#9 /tmp/abdoElHodaky/larvrevrstender/services/auction-service/vendor/laravel/framework/src/Illuminate/Database/Connection.php(999): Illuminate\\Database\\Connection->runQueryCallback()
#10 /tmp/abdoElHodaky/larvrevrstender/services/auction-service/vendor/laravel/framework/src/Illuminate/Database/Connection.php(978): Illuminate\\Database\\Connection->tryAgainIfCausedByLostConnection()
#11 /tmp/abdoElHodaky/larvrevrstender/services/auction-service/vendor/laravel/framework/src/Illuminate/Database/Connection.php(796): Illuminate\\Database\\Connection->handleQueryException()
#12 /tmp/abdoElHodaky/larvrevrstender/services/auction-service/vendor/laravel/framework/src/Illuminate/Database/Connection.php(573): Illuminate\\Database\\Connection->run()
#13 /tmp/abdoElHodaky/larvrevrstender/services/auction-service/vendor/laravel/framework/src/Illuminate/Database/Connection.php(537): Illuminate\\Database\\Connection->statement()
#14 /tmp/abdoElHodaky/larvrevrstender/services/auction-service/vendor/laravel/framework/src/Illuminate/Database/Query/Builder.php(4054): Illuminate\\Database\\Connection->insert()
#15 /tmp/abdoElHodaky/larvrevrstender/services/auction-service/vendor/laravel/telescope/src/Storage/DatabaseEntriesRepository.php(145): Illuminate\\Database\\Query\\Builder->insert()
#16 /tmp/abdoElHodaky/larvrevrstender/services/auction-service/vendor/laravel/framework/src/Illuminate/Collections/Traits/EnumeratesValues.php(275): Laravel\\Telescope\\Storage\\DatabaseEntriesRepository->Laravel\\Telescope\\Storage\\{closure}()
#17 /tmp/abdoElHodaky/larvrevrstender/services/auction-service/vendor/laravel/telescope/src/Storage/DatabaseEntriesRepository.php(144): Illuminate\\Support\\Collection->each()
#18 /tmp/abdoElHodaky/larvrevrstender/services/auction-service/vendor/laravel/telescope/src/Telescope.php(664): Laravel\\Telescope\\Storage\\DatabaseEntriesRepository->store()
#19 [internal function]: Laravel\\Telescope\\Telescope::Laravel\\Telescope\\{closure}()
#20 /tmp/abdoElHodaky/larvrevrstender/services/auction-service/vendor/laravel/telescope/src/Telescope.php(289): call_user_func()
#21 /tmp/abdoElHodaky/larvrevrstender/services/auction-service/vendor/laravel/telescope/src/Telescope.php(656): Laravel\\Telescope\\Telescope::withoutRecording()
#22 /tmp/abdoElHodaky/larvrevrstender/services/auction-service/vendor/laravel/telescope/src/ListensForStorageOpportunities.php(65): Laravel\\Telescope\\Telescope::store()
#23 /tmp/abdoElHodaky/larvrevrstender/services/auction-service/vendor/laravel/framework/src/Illuminate/Container/BoundMethod.php(36): Laravel\\Telescope\\Telescope::Laravel\\Telescope\\{closure}()
#24 /tmp/abdoElHodaky/larvrevrstender/services/auction-service/vendor/laravel/framework/src/Illuminate/Container/Util.php(43): Illuminate\\Container\\BoundMethod::Illuminate\\Container\\{closure}()
#25 /tmp/abdoElHodaky/larvrevrstender/services/auction-service/vendor/laravel/framework/src/Illuminate/Container/BoundMethod.php(84): Illuminate\\Container\\Util::unwrapIfClosure()
#26 /tmp/abdoElHodaky/larvrevrstender/services/auction-service/vendor/laravel/framework/src/Illuminate/Container/BoundMethod.php(35): Illuminate\\Container\\BoundMethod::callBoundMethod()
#27 /tmp/abdoElHodaky/larvrevrstender/services/auction-service/vendor/laravel/framework/src/Illuminate/Container/Container.php(799): Illuminate\\Container\\BoundMethod::call()
#28 /tmp/abdoElHodaky/larvrevrstender/services/auction-service/vendor/laravel/framework/src/Illuminate/Foundation/Application.php(1466): Illuminate\\Container\\Container->call()
#29 /tmp/abdoElHodaky/larvrevrstender/services/auction-service/vendor/laravel/framework/src/Illuminate/Foundation/Console/Kernel.php(219): Illuminate\\Foundation\\Application->terminate()
#30 /tmp/abdoElHodaky/larvrevrstender/services/auction-service/artisan(51): Illuminate\\Foundation\\Console\\Kernel->terminate()
#31 {main}
"} 
