[2026-03-16 09:10:05] production.INFO: Procedure registered {"name":"events","class":"Shared\\Procedures\\CrossServiceProcedure","type":"micro"} 
[2026-03-16 09:10:05] production.INFO: Procedure registered {"name":"cache","class":"Shared\\Procedures\\CrossServiceProcedure","type":"micro"} 
[2026-03-16 09:10:05] production.INFO: Procedure registered {"name":"notification","class":"Shared\\Procedures\\CrossServiceProcedure","type":"micro"} 
[2026-03-16 09:10:05] production.INFO: Procedure registered {"name":"validation","class":"Shared\\Procedures\\CrossServiceProcedure","type":"micro"} 
[2026-03-16 09:10:05] production.INFO: Procedure registered {"name":"security","class":"Shared\\Procedures\\CrossServiceProcedure","type":"micro"} 
[2026-03-16 09:10:05] production.INFO: Procedure registered {"name":"circuit_breaker","class":"Shared\\Procedures\\CrossServiceProcedure","type":"micro"} 
[2026-03-16 09:10:05] production.INFO: Procedure registered {"name":"queue_circuit_breaker","class":"Shared\\Procedures\\CrossServiceProcedure","type":"micro"} 
[2026-03-16 09:10:05] production.INFO: Procedure registered {"name":"third_party_integration","class":"Shared\\Procedures\\CrossServiceProcedure","type":"micro"} 
[2026-03-16 09:10:05] production.INFO: Procedure registered {"name":"workflow","class":"Shared\\Procedures\\CrossServiceProcedure","type":"macro"} 
[2026-03-16 09:10:05] production.INFO: Callable procedure registered {"name":"bid.getByAuction","type":"micro"} 
[2026-03-16 09:10:05] production.INFO: Callable procedure registered {"name":"bid.getHighest","type":"micro"} 
[2026-03-16 09:10:05] production.INFO: Callable procedure registered {"name":"bid.place","type":"micro"} 
[2026-03-16 09:10:05] production.INFO: Callable procedure registered {"name":"bid.updateStatus","type":"micro"} 
[2026-03-16 09:10:05] production.INFO: Callable procedure registered {"name":"bid.cancel","type":"micro"} 
[2026-03-16 09:10:05] production.INFO: Callable procedure registered {"name":"bid.getHistory","type":"micro"} 
[2026-03-16 09:10:05] production.INFO: Callable procedure registered {"name":"bid.checkActive","type":"micro"} 
[2026-03-16 09:10:05] production.INFO: Callable procedure registered {"name":"bid.getStatistics","type":"micro"} 
[2026-03-16 09:10:05] production.INFO: Callable procedure registered {"name":"auction.initialize","type":"micro"} 
[2026-03-16 09:10:05] production.INFO: Callable procedure registered {"name":"auction.updateHighestBid","type":"micro"} 
[2026-03-16 09:10:05] production.INFO: Callable procedure registered {"name":"auction.validateBidEligibility","type":"micro"} 
[2026-03-16 09:10:05] production.INFO: Callable procedure registered {"name":"auction.getStatus","type":"micro"} 
[2026-03-16 09:10:05] production.INFO: Callable procedure registered {"name":"auction.close","type":"micro"} 
[2026-03-16 09:10:05] production.INFO: Callable procedure registered {"name":"auction.isActive","type":"micro"} 
[2026-03-16 09:10:05] production.INFO: Callable procedure registered {"name":"health.check","type":"micro"} 
[2026-03-16 09:10:05] production.INFO: Callable procedure registered {"name":"system.info","type":"micro"} 
[2026-03-16 09:10:05] production.INFO: Callable procedure registered {"name":"system.metrics","type":"micro"} 
[2026-03-16 09:10:05] production.INFO: Callable procedure registered {"name":"system.ping","type":"micro"} 
[2026-03-16 09:10:13] production.INFO: Procedure registered {"name":"events","class":"Shared\\Procedures\\CrossServiceProcedure","type":"micro"} 
[2026-03-16 09:10:13] production.INFO: Procedure registered {"name":"cache","class":"Shared\\Procedures\\CrossServiceProcedure","type":"micro"} 
[2026-03-16 09:10:13] production.INFO: Procedure registered {"name":"notification","class":"Shared\\Procedures\\CrossServiceProcedure","type":"micro"} 
[2026-03-16 09:10:13] production.INFO: Procedure registered {"name":"validation","class":"Shared\\Procedures\\CrossServiceProcedure","type":"micro"} 
[2026-03-16 09:10:13] production.INFO: Procedure registered {"name":"security","class":"Shared\\Procedures\\CrossServiceProcedure","type":"micro"} 
[2026-03-16 09:10:13] production.INFO: Procedure registered {"name":"circuit_breaker","class":"Shared\\Procedures\\CrossServiceProcedure","type":"micro"} 
[2026-03-16 09:10:13] production.INFO: Procedure registered {"name":"queue_circuit_breaker","class":"Shared\\Procedures\\CrossServiceProcedure","type":"micro"} 
[2026-03-16 09:10:13] production.INFO: Procedure registered {"name":"third_party_integration","class":"Shared\\Procedures\\CrossServiceProcedure","type":"micro"} 
[2026-03-16 09:10:13] production.INFO: Procedure registered {"name":"workflow","class":"Shared\\Procedures\\CrossServiceProcedure","type":"macro"} 
[2026-03-16 09:10:13] production.INFO: Callable procedure registered {"name":"bid.getByAuction","type":"micro"} 
[2026-03-16 09:10:13] production.INFO: Callable procedure registered {"name":"bid.getHighest","type":"micro"} 
[2026-03-16 09:10:13] production.INFO: Callable procedure registered {"name":"bid.place","type":"micro"} 
[2026-03-16 09:10:13] production.INFO: Callable procedure registered {"name":"bid.updateStatus","type":"micro"} 
[2026-03-16 09:10:13] production.INFO: Callable procedure registered {"name":"bid.cancel","type":"micro"} 
[2026-03-16 09:10:13] production.INFO: Callable procedure registered {"name":"bid.getHistory","type":"micro"} 
[2026-03-16 09:10:13] production.INFO: Callable procedure registered {"name":"bid.checkActive","type":"micro"} 
[2026-03-16 09:10:13] production.INFO: Callable procedure registered {"name":"bid.getStatistics","type":"micro"} 
[2026-03-16 09:10:13] production.INFO: Callable procedure registered {"name":"auction.initialize","type":"micro"} 
[2026-03-16 09:10:13] production.INFO: Callable procedure registered {"name":"auction.updateHighestBid","type":"micro"} 
[2026-03-16 09:10:13] production.INFO: Callable procedure registered {"name":"auction.validateBidEligibility","type":"micro"} 
[2026-03-16 09:10:13] production.INFO: Callable procedure registered {"name":"auction.getStatus","type":"micro"} 
[2026-03-16 09:10:13] production.INFO: Callable procedure registered {"name":"auction.close","type":"micro"} 
[2026-03-16 09:10:13] production.INFO: Callable procedure registered {"name":"auction.isActive","type":"micro"} 
[2026-03-16 09:10:13] production.INFO: Callable procedure registered {"name":"health.check","type":"micro"} 
[2026-03-16 09:10:13] production.INFO: Callable procedure registered {"name":"system.info","type":"micro"} 
[2026-03-16 09:10:13] production.INFO: Callable procedure registered {"name":"system.metrics","type":"micro"} 
[2026-03-16 09:10:13] production.INFO: Callable procedure registered {"name":"system.ping","type":"micro"} 
[2026-03-16 12:13:50] local.ERROR: Class "Laravel\Pail\PailServiceProvider" not found {"exception":"[object] (Error(code: 0): Class \"Laravel\\Pail\\PailServiceProvider\" not found at /tmp/abdoElHodaky/larvrevrstender/services/bidding-service/vendor/laravel/framework/src/Illuminate/Foundation/ProviderRepository.php:205)
[stacktrace]
#0 /tmp/abdoElHodaky/larvrevrstender/services/bidding-service/vendor/laravel/framework/src/Illuminate/Foundation/ProviderRepository.php(141): Illuminate\\Foundation\\ProviderRepository->createProvider()
#1 /tmp/abdoElHodaky/larvrevrstender/services/bidding-service/vendor/laravel/framework/src/Illuminate/Foundation/ProviderRepository.php(60): Illuminate\\Foundation\\ProviderRepository->compileManifest()
#2 /tmp/abdoElHodaky/larvrevrstender/services/bidding-service/vendor/laravel/framework/src/Illuminate/Foundation/Application.php(871): Illuminate\\Foundation\\ProviderRepository->load()
#3 /tmp/abdoElHodaky/larvrevrstender/services/bidding-service/vendor/laravel/framework/src/Illuminate/Foundation/Bootstrap/RegisterProviders.php(37): Illuminate\\Foundation\\Application->registerConfiguredProviders()
#4 /tmp/abdoElHodaky/larvrevrstender/services/bidding-service/vendor/laravel/framework/src/Illuminate/Foundation/Application.php(342): Illuminate\\Foundation\\Bootstrap\\RegisterProviders->bootstrap()
#5 /tmp/abdoElHodaky/larvrevrstender/services/bidding-service/vendor/laravel/framework/src/Illuminate/Foundation/Console/Kernel.php(494): Illuminate\\Foundation\\Application->bootstrapWith()
#6 /tmp/abdoElHodaky/larvrevrstender/services/bidding-service/vendor/laravel/framework/src/Illuminate/Foundation/Console/Kernel.php(196): Illuminate\\Foundation\\Console\\Kernel->bootstrap()
#7 /tmp/abdoElHodaky/larvrevrstender/services/bidding-service/artisan(35): Illuminate\\Foundation\\Console\\Kernel->handle()
#8 {main}
"} 
[2026-03-16 12:14:09] local.INFO: Procedure registered {"name":"events","class":"Shared\\Procedures\\CrossServiceProcedure","type":"micro"} 
[2026-03-16 12:14:09] local.INFO: Procedure registered {"name":"cache","class":"Shared\\Procedures\\CrossServiceProcedure","type":"micro"} 
[2026-03-16 12:14:09] local.INFO: Procedure registered {"name":"notification","class":"Shared\\Procedures\\CrossServiceProcedure","type":"micro"} 
[2026-03-16 12:14:09] local.INFO: Procedure registered {"name":"validation","class":"Shared\\Procedures\\CrossServiceProcedure","type":"micro"} 
[2026-03-16 12:14:09] local.INFO: Procedure registered {"name":"security","class":"Shared\\Procedures\\CrossServiceProcedure","type":"micro"} 
[2026-03-16 12:14:09] local.INFO: Procedure registered {"name":"circuit_breaker","class":"Shared\\Procedures\\CrossServiceProcedure","type":"micro"} 
[2026-03-16 12:14:09] local.INFO: Procedure registered {"name":"queue_circuit_breaker","class":"Shared\\Procedures\\CrossServiceProcedure","type":"micro"} 
[2026-03-16 12:14:09] local.INFO: Procedure registered {"name":"third_party_integration","class":"Shared\\Procedures\\CrossServiceProcedure","type":"micro"} 
[2026-03-16 12:14:09] local.INFO: Procedure registered {"name":"workflow","class":"Shared\\Procedures\\CrossServiceProcedure","type":"macro"} 
[2026-03-16 12:14:09] local.INFO: Callable procedure registered {"name":"bid.getByAuction","type":"micro"} 
[2026-03-16 12:14:09] local.INFO: Callable procedure registered {"name":"bid.getHighest","type":"micro"} 
[2026-03-16 12:14:09] local.INFO: Callable procedure registered {"name":"bid.place","type":"micro"} 
[2026-03-16 12:14:09] local.INFO: Callable procedure registered {"name":"bid.updateStatus","type":"micro"} 
[2026-03-16 12:14:09] local.INFO: Callable procedure registered {"name":"bid.cancel","type":"micro"} 
[2026-03-16 12:14:09] local.INFO: Callable procedure registered {"name":"bid.getHistory","type":"micro"} 
[2026-03-16 12:14:09] local.INFO: Callable procedure registered {"name":"bid.checkActive","type":"micro"} 
[2026-03-16 12:14:09] local.INFO: Callable procedure registered {"name":"bid.getStatistics","type":"micro"} 
[2026-03-16 12:14:09] local.INFO: Callable procedure registered {"name":"auction.initialize","type":"micro"} 
[2026-03-16 12:14:09] local.INFO: Callable procedure registered {"name":"auction.updateHighestBid","type":"micro"} 
[2026-03-16 12:14:09] local.INFO: Callable procedure registered {"name":"auction.validateBidEligibility","type":"micro"} 
[2026-03-16 12:14:09] local.INFO: Callable procedure registered {"name":"auction.getStatus","type":"micro"} 
[2026-03-16 12:14:09] local.INFO: Callable procedure registered {"name":"auction.close","type":"micro"} 
[2026-03-16 12:14:09] local.INFO: Callable procedure registered {"name":"auction.isActive","type":"micro"} 
[2026-03-16 12:14:09] local.INFO: Callable procedure registered {"name":"health.check","type":"micro"} 
[2026-03-16 12:14:09] local.INFO: Callable procedure registered {"name":"system.info","type":"micro"} 
[2026-03-16 12:14:09] local.INFO: Callable procedure registered {"name":"system.metrics","type":"micro"} 
[2026-03-16 12:14:09] local.INFO: Callable procedure registered {"name":"system.ping","type":"micro"} 
[2026-03-16 12:14:17] local.INFO: Procedure registered {"name":"events","class":"Shared\\Procedures\\CrossServiceProcedure","type":"micro"} 
[2026-03-16 12:14:17] local.INFO: Procedure registered {"name":"cache","class":"Shared\\Procedures\\CrossServiceProcedure","type":"micro"} 
[2026-03-16 12:14:17] local.INFO: Procedure registered {"name":"notification","class":"Shared\\Procedures\\CrossServiceProcedure","type":"micro"} 
[2026-03-16 12:14:17] local.INFO: Procedure registered {"name":"validation","class":"Shared\\Procedures\\CrossServiceProcedure","type":"micro"} 
[2026-03-16 12:14:17] local.INFO: Procedure registered {"name":"security","class":"Shared\\Procedures\\CrossServiceProcedure","type":"micro"} 
[2026-03-16 12:14:17] local.INFO: Procedure registered {"name":"circuit_breaker","class":"Shared\\Procedures\\CrossServiceProcedure","type":"micro"} 
[2026-03-16 12:14:17] local.INFO: Procedure registered {"name":"queue_circuit_breaker","class":"Shared\\Procedures\\CrossServiceProcedure","type":"micro"} 
[2026-03-16 12:14:17] local.INFO: Procedure registered {"name":"third_party_integration","class":"Shared\\Procedures\\CrossServiceProcedure","type":"micro"} 
[2026-03-16 12:14:17] local.INFO: Procedure registered {"name":"workflow","class":"Shared\\Procedures\\CrossServiceProcedure","type":"macro"} 
[2026-03-16 12:14:17] local.INFO: Callable procedure registered {"name":"bid.getByAuction","type":"micro"} 
[2026-03-16 12:14:17] local.INFO: Callable procedure registered {"name":"bid.getHighest","type":"micro"} 
[2026-03-16 12:14:17] local.INFO: Callable procedure registered {"name":"bid.place","type":"micro"} 
[2026-03-16 12:14:17] local.INFO: Callable procedure registered {"name":"bid.updateStatus","type":"micro"} 
[2026-03-16 12:14:17] local.INFO: Callable procedure registered {"name":"bid.cancel","type":"micro"} 
[2026-03-16 12:14:17] local.INFO: Callable procedure registered {"name":"bid.getHistory","type":"micro"} 
[2026-03-16 12:14:17] local.INFO: Callable procedure registered {"name":"bid.checkActive","type":"micro"} 
[2026-03-16 12:14:17] local.INFO: Callable procedure registered {"name":"bid.getStatistics","type":"micro"} 
[2026-03-16 12:14:17] local.INFO: Callable procedure registered {"name":"auction.initialize","type":"micro"} 
[2026-03-16 12:14:17] local.INFO: Callable procedure registered {"name":"auction.updateHighestBid","type":"micro"} 
[2026-03-16 12:14:17] local.INFO: Callable procedure registered {"name":"auction.validateBidEligibility","type":"micro"} 
[2026-03-16 12:14:17] local.INFO: Callable procedure registered {"name":"auction.getStatus","type":"micro"} 
[2026-03-16 12:14:17] local.INFO: Callable procedure registered {"name":"auction.close","type":"micro"} 
[2026-03-16 12:14:17] local.INFO: Callable procedure registered {"name":"auction.isActive","type":"micro"} 
[2026-03-16 12:14:17] local.INFO: Callable procedure registered {"name":"health.check","type":"micro"} 
[2026-03-16 12:14:17] local.INFO: Callable procedure registered {"name":"system.info","type":"micro"} 
[2026-03-16 12:14:17] local.INFO: Callable procedure registered {"name":"system.metrics","type":"micro"} 
[2026-03-16 12:14:17] local.INFO: Callable procedure registered {"name":"system.ping","type":"micro"} 
