<<<<<<< HEAD
[2026-02-16 13:17:57] local.ERROR: Class "Redis" not found {"exception":"[object] (Error(code: 0): Class \"Redis\" not found at /tmp/abdoElHodaky/larvrevrstender/services/bidding-service/vendor/laravel/framework/src/Illuminate/Redis/Connectors/PhpRedisConnector.php:80)
=======
[2026-02-16 13:24:53] local.ERROR: Class "Redis" not found {"exception":"[object] (Error(code: 0): Class \"Redis\" not found at /tmp/abdoElHodaky/larvrevrstender/services/bidding-service/vendor/laravel/framework/src/Illuminate/Redis/Connectors/PhpRedisConnector.php:80)
>>>>>>> origin/codegen-bot/update-kubernetes-gateway-api-configs
[stacktrace]
#0 /tmp/abdoElHodaky/larvrevrstender/services/bidding-service/vendor/laravel/framework/src/Illuminate/Redis/Connectors/PhpRedisConnector.php(34): Illuminate\\Redis\\Connectors\\PhpRedisConnector->createClient()
#1 /tmp/abdoElHodaky/larvrevrstender/services/bidding-service/vendor/laravel/framework/src/Illuminate/Redis/Connectors/PhpRedisConnector.php(39): Illuminate\\Redis\\Connectors\\PhpRedisConnector->Illuminate\\Redis\\Connectors\\{closure}()
#2 /tmp/abdoElHodaky/larvrevrstender/services/bidding-service/vendor/laravel/framework/src/Illuminate/Redis/RedisManager.php(111): Illuminate\\Redis\\Connectors\\PhpRedisConnector->connect()
#3 /tmp/abdoElHodaky/larvrevrstender/services/bidding-service/vendor/laravel/framework/src/Illuminate/Redis/RedisManager.php(92): Illuminate\\Redis\\RedisManager->resolve()
#4 /tmp/abdoElHodaky/larvrevrstender/services/bidding-service/vendor/laravel/framework/src/Illuminate/Cache/RedisStore.php(368): Illuminate\\Redis\\RedisManager->connection()
#5 /tmp/abdoElHodaky/larvrevrstender/services/bidding-service/vendor/laravel/framework/src/Illuminate/Cache/RedisStore.php(71): Illuminate\\Cache\\RedisStore->connection()
#6 /tmp/abdoElHodaky/larvrevrstender/services/bidding-service/vendor/laravel/framework/src/Illuminate/Cache/Repository.php(123): Illuminate\\Cache\\RedisStore->get()
#7 /tmp/abdoElHodaky/larvrevrstender/services/bidding-service/vendor/laravel/framework/src/Illuminate/Cache/CacheManager.php(532): Illuminate\\Cache\\Repository->get()
#8 /tmp/abdoElHodaky/larvrevrstender/services/bidding-service/vendor/laravel/telescope/src/Watchers/DumpWatcher.php(47): Illuminate\\Cache\\CacheManager->__call()
#9 /tmp/abdoElHodaky/larvrevrstender/services/bidding-service/vendor/laravel/telescope/src/RegistersWatchers.php(48): Laravel\\Telescope\\Watchers\\DumpWatcher->register()
#10 /tmp/abdoElHodaky/larvrevrstender/services/bidding-service/vendor/laravel/telescope/src/Telescope.php(138): Laravel\\Telescope\\Telescope::registerWatchers()
#11 /tmp/abdoElHodaky/larvrevrstender/services/bidding-service/vendor/laravel/telescope/src/TelescopeServiceProvider.php(35): Laravel\\Telescope\\Telescope::start()
#12 /tmp/abdoElHodaky/larvrevrstender/services/bidding-service/vendor/laravel/framework/src/Illuminate/Container/BoundMethod.php(36): Laravel\\Telescope\\TelescopeServiceProvider->boot()
#13 /tmp/abdoElHodaky/larvrevrstender/services/bidding-service/vendor/laravel/framework/src/Illuminate/Container/Util.php(43): Illuminate\\Container\\BoundMethod::Illuminate\\Container\\{closure}()
#14 /tmp/abdoElHodaky/larvrevrstender/services/bidding-service/vendor/laravel/framework/src/Illuminate/Container/BoundMethod.php(96): Illuminate\\Container\\Util::unwrapIfClosure()
#15 /tmp/abdoElHodaky/larvrevrstender/services/bidding-service/vendor/laravel/framework/src/Illuminate/Container/BoundMethod.php(35): Illuminate\\Container\\BoundMethod::callBoundMethod()
#16 /tmp/abdoElHodaky/larvrevrstender/services/bidding-service/vendor/laravel/framework/src/Illuminate/Container/Container.php(799): Illuminate\\Container\\BoundMethod::call()
#17 /tmp/abdoElHodaky/larvrevrstender/services/bidding-service/vendor/laravel/framework/src/Illuminate/Foundation/Application.php(1151): Illuminate\\Container\\Container->call()
#18 /tmp/abdoElHodaky/larvrevrstender/services/bidding-service/vendor/laravel/framework/src/Illuminate/Foundation/Application.php(1132): Illuminate\\Foundation\\Application->bootProvider()
#19 [internal function]: Illuminate\\Foundation\\Application->Illuminate\\Foundation\\{closure}()
#20 /tmp/abdoElHodaky/larvrevrstender/services/bidding-service/vendor/laravel/framework/src/Illuminate/Foundation/Application.php(1131): array_walk()
#21 /tmp/abdoElHodaky/larvrevrstender/services/bidding-service/vendor/laravel/framework/src/Illuminate/Foundation/Bootstrap/BootProviders.php(17): Illuminate\\Foundation\\Application->boot()
#22 /tmp/abdoElHodaky/larvrevrstender/services/bidding-service/vendor/laravel/framework/src/Illuminate/Foundation/Application.php(342): Illuminate\\Foundation\\Bootstrap\\BootProviders->bootstrap()
#23 /tmp/abdoElHodaky/larvrevrstender/services/bidding-service/vendor/laravel/framework/src/Illuminate/Foundation/Console/Kernel.php(494): Illuminate\\Foundation\\Application->bootstrapWith()
#24 /tmp/abdoElHodaky/larvrevrstender/services/bidding-service/vendor/laravel/framework/src/Illuminate/Foundation/Console/Kernel.php(196): Illuminate\\Foundation\\Console\\Kernel->bootstrap()
#25 /tmp/abdoElHodaky/larvrevrstender/services/bidding-service/artisan(35): Illuminate\\Foundation\\Console\\Kernel->handle()
#26 {main}
"} 
[2026-02-18 17:27:15] local.ERROR: array_merge_recursive(): Argument #1 must be of type array, bool given {"exception":"[object] (TypeError(code: 0): array_merge_recursive(): Argument #1 must be of type array, bool given at /tmp/abdoElHodaky/larvrevrstender/services/bidding-service/config/filesystems.php:19)
[stacktrace]
#0 /tmp/abdoElHodaky/larvrevrstender/services/bidding-service/config/filesystems.php(19): array_merge_recursive()
#1 /tmp/abdoElHodaky/larvrevrstender/services/bidding-service/vendor/laravel/framework/src/Illuminate/Foundation/Bootstrap/LoadConfiguration.php(115): require('...')
#2 /tmp/abdoElHodaky/larvrevrstender/services/bidding-service/vendor/laravel/framework/src/Illuminate/Foundation/Bootstrap/LoadConfiguration.php(115): Illuminate\\Foundation\\Bootstrap\\LoadConfiguration->Illuminate\\Foundation\\Bootstrap\\{closure}()
#3 /tmp/abdoElHodaky/larvrevrstender/services/bidding-service/vendor/laravel/framework/src/Illuminate/Foundation/Bootstrap/LoadConfiguration.php(96): Illuminate\\Foundation\\Bootstrap\\LoadConfiguration->loadConfigurationFile()
#4 /tmp/abdoElHodaky/larvrevrstender/services/bidding-service/vendor/laravel/framework/src/Illuminate/Foundation/Bootstrap/LoadConfiguration.php(55): Illuminate\\Foundation\\Bootstrap\\LoadConfiguration->loadConfigurationFiles()
#5 /tmp/abdoElHodaky/larvrevrstender/services/bidding-service/vendor/laravel/framework/src/Illuminate/Foundation/Application.php(342): Illuminate\\Foundation\\Bootstrap\\LoadConfiguration->bootstrap()
#6 /tmp/abdoElHodaky/larvrevrstender/services/bidding-service/vendor/laravel/framework/src/Illuminate/Foundation/Console/Kernel.php(494): Illuminate\\Foundation\\Application->bootstrapWith()
#7 /tmp/abdoElHodaky/larvrevrstender/services/bidding-service/vendor/laravel/framework/src/Illuminate/Foundation/Console/ConfigCacheCommand.php(98): Illuminate\\Foundation\\Console\\Kernel->bootstrap()
#8 /tmp/abdoElHodaky/larvrevrstender/services/bidding-service/vendor/laravel/framework/src/Illuminate/Foundation/Console/ConfigCacheCommand.php(60): Illuminate\\Foundation\\Console\\ConfigCacheCommand->getFreshConfiguration()
#9 /tmp/abdoElHodaky/larvrevrstender/services/bidding-service/vendor/laravel/framework/src/Illuminate/Container/BoundMethod.php(36): Illuminate\\Foundation\\Console\\ConfigCacheCommand->handle()
#10 /tmp/abdoElHodaky/larvrevrstender/services/bidding-service/vendor/laravel/framework/src/Illuminate/Container/Util.php(43): Illuminate\\Container\\BoundMethod::Illuminate\\Container\\{closure}()
#11 /tmp/abdoElHodaky/larvrevrstender/services/bidding-service/vendor/laravel/framework/src/Illuminate/Container/BoundMethod.php(96): Illuminate\\Container\\Util::unwrapIfClosure()
#12 /tmp/abdoElHodaky/larvrevrstender/services/bidding-service/vendor/laravel/framework/src/Illuminate/Container/BoundMethod.php(35): Illuminate\\Container\\BoundMethod::callBoundMethod()
#13 /tmp/abdoElHodaky/larvrevrstender/services/bidding-service/vendor/laravel/framework/src/Illuminate/Container/Container.php(799): Illuminate\\Container\\BoundMethod::call()
#14 /tmp/abdoElHodaky/larvrevrstender/services/bidding-service/vendor/laravel/framework/src/Illuminate/Console/Command.php(211): Illuminate\\Container\\Container->call()
#15 /tmp/abdoElHodaky/larvrevrstender/services/bidding-service/vendor/symfony/console/Command/Command.php(341): Illuminate\\Console\\Command->execute()
#16 /tmp/abdoElHodaky/larvrevrstender/services/bidding-service/vendor/laravel/framework/src/Illuminate/Console/Command.php(180): Symfony\\Component\\Console\\Command\\Command->run()
#17 /tmp/abdoElHodaky/larvrevrstender/services/bidding-service/vendor/symfony/console/Application.php(1102): Illuminate\\Console\\Command->run()
#18 /tmp/abdoElHodaky/larvrevrstender/services/bidding-service/vendor/symfony/console/Application.php(356): Symfony\\Component\\Console\\Application->doRunCommand()
#19 /tmp/abdoElHodaky/larvrevrstender/services/bidding-service/vendor/symfony/console/Application.php(195): Symfony\\Component\\Console\\Application->doRun()
#20 /tmp/abdoElHodaky/larvrevrstender/services/bidding-service/vendor/laravel/framework/src/Illuminate/Foundation/Console/Kernel.php(198): Symfony\\Component\\Console\\Application->run()
#21 /tmp/abdoElHodaky/larvrevrstender/services/bidding-service/artisan(35): Illuminate\\Foundation\\Console\\Kernel->handle()
#22 {main}
"} 
[2026-02-18 17:27:15] production.ERROR: could not find driver (Connection: mysql, Host: 127.0.0.1, Port: 3306, Database: bidding_service, SQL: select count(*) as aggregate from `telescope_entries` where `type` = exception and `family_hash` = 6b832797e986d5e9cb22e8ddc24eee60) {"exception":"[object] (Illuminate\\Database\\QueryException(code: 0): could not find driver (Connection: mysql, Host: 127.0.0.1, Port: 3306, Database: bidding_service, SQL: select count(*) as aggregate from `telescope_entries` where `type` = exception and `family_hash` = 6b832797e986d5e9cb22e8ddc24eee60) at /tmp/abdoElHodaky/larvrevrstender/services/bidding-service/vendor/laravel/framework/src/Illuminate/Database/Connection.php:838)
[stacktrace]
#0 /tmp/abdoElHodaky/larvrevrstender/services/bidding-service/vendor/laravel/framework/src/Illuminate/Database/Connection.php(794): Illuminate\\Database\\Connection->runQueryCallback()
#1 /tmp/abdoElHodaky/larvrevrstender/services/bidding-service/vendor/laravel/framework/src/Illuminate/Database/Connection.php(411): Illuminate\\Database\\Connection->run()
#2 /tmp/abdoElHodaky/larvrevrstender/services/bidding-service/vendor/laravel/framework/src/Illuminate/Database/Query/Builder.php(3438): Illuminate\\Database\\Connection->select()
#3 /tmp/abdoElHodaky/larvrevrstender/services/bidding-service/vendor/laravel/framework/src/Illuminate/Database/Query/Builder.php(3423): Illuminate\\Database\\Query\\Builder->runSelect()
#4 /tmp/abdoElHodaky/larvrevrstender/services/bidding-service/vendor/laravel/framework/src/Illuminate/Database/Query/Builder.php(4013): Illuminate\\Database\\Query\\Builder->Illuminate\\Database\\Query\\{closure}()
#5 /tmp/abdoElHodaky/larvrevrstender/services/bidding-service/vendor/laravel/framework/src/Illuminate/Database/Query/Builder.php(3422): Illuminate\\Database\\Query\\Builder->onceWithColumns()
#6 /tmp/abdoElHodaky/larvrevrstender/services/bidding-service/vendor/laravel/framework/src/Illuminate/Database/Query/Builder.php(3937): Illuminate\\Database\\Query\\Builder->get()
#7 /tmp/abdoElHodaky/larvrevrstender/services/bidding-service/vendor/laravel/framework/src/Illuminate/Database/Query/Builder.php(3865): Illuminate\\Database\\Query\\Builder->aggregate()
#8 /tmp/abdoElHodaky/larvrevrstender/services/bidding-service/vendor/laravel/telescope/src/Storage/DatabaseEntriesRepository.php(123): Illuminate\\Database\\Query\\Builder->count()
#9 /tmp/abdoElHodaky/larvrevrstender/services/bidding-service/vendor/laravel/telescope/src/Storage/DatabaseEntriesRepository.php(165): Laravel\\Telescope\\Storage\\DatabaseEntriesRepository->countExceptionOccurences()
#10 [internal function]: Laravel\\Telescope\\Storage\\DatabaseEntriesRepository->Laravel\\Telescope\\Storage\\{closure}()
#11 /tmp/abdoElHodaky/larvrevrstender/services/bidding-service/vendor/laravel/framework/src/Illuminate/Collections/Arr.php(840): array_map()
#12 /tmp/abdoElHodaky/larvrevrstender/services/bidding-service/vendor/laravel/framework/src/Illuminate/Collections/Collection.php(829): Illuminate\\Support\\Arr::map()
#13 /tmp/abdoElHodaky/larvrevrstender/services/bidding-service/vendor/laravel/telescope/src/Storage/DatabaseEntriesRepository.php(164): Illuminate\\Support\\Collection->map()
#14 /tmp/abdoElHodaky/larvrevrstender/services/bidding-service/vendor/laravel/framework/src/Illuminate/Collections/Traits/EnumeratesValues.php(275): Laravel\\Telescope\\Storage\\DatabaseEntriesRepository->Laravel\\Telescope\\Storage\\{closure}()
#15 /tmp/abdoElHodaky/larvrevrstender/services/bidding-service/vendor/laravel/telescope/src/Storage/DatabaseEntriesRepository.php(163): Illuminate\\Support\\Collection->each()
#16 /tmp/abdoElHodaky/larvrevrstender/services/bidding-service/vendor/laravel/telescope/src/Storage/DatabaseEntriesRepository.php(140): Laravel\\Telescope\\Storage\\DatabaseEntriesRepository->storeExceptions()
#17 /tmp/abdoElHodaky/larvrevrstender/services/bidding-service/vendor/laravel/telescope/src/Telescope.php(664): Laravel\\Telescope\\Storage\\DatabaseEntriesRepository->store()
#18 [internal function]: Laravel\\Telescope\\Telescope::Laravel\\Telescope\\{closure}()
#19 /tmp/abdoElHodaky/larvrevrstender/services/bidding-service/vendor/laravel/telescope/src/Telescope.php(289): call_user_func()
#20 /tmp/abdoElHodaky/larvrevrstender/services/bidding-service/vendor/laravel/telescope/src/Telescope.php(656): Laravel\\Telescope\\Telescope::withoutRecording()
#21 /tmp/abdoElHodaky/larvrevrstender/services/bidding-service/vendor/laravel/telescope/src/ListensForStorageOpportunities.php(65): Laravel\\Telescope\\Telescope::store()
#22 /tmp/abdoElHodaky/larvrevrstender/services/bidding-service/vendor/laravel/framework/src/Illuminate/Container/BoundMethod.php(36): Laravel\\Telescope\\Telescope::Laravel\\Telescope\\{closure}()
#23 /tmp/abdoElHodaky/larvrevrstender/services/bidding-service/vendor/laravel/framework/src/Illuminate/Container/Util.php(43): Illuminate\\Container\\BoundMethod::Illuminate\\Container\\{closure}()
#24 /tmp/abdoElHodaky/larvrevrstender/services/bidding-service/vendor/laravel/framework/src/Illuminate/Container/BoundMethod.php(84): Illuminate\\Container\\Util::unwrapIfClosure()
#25 /tmp/abdoElHodaky/larvrevrstender/services/bidding-service/vendor/laravel/framework/src/Illuminate/Container/BoundMethod.php(35): Illuminate\\Container\\BoundMethod::callBoundMethod()
#26 /tmp/abdoElHodaky/larvrevrstender/services/bidding-service/vendor/laravel/framework/src/Illuminate/Container/Container.php(799): Illuminate\\Container\\BoundMethod::call()
#27 /tmp/abdoElHodaky/larvrevrstender/services/bidding-service/vendor/laravel/framework/src/Illuminate/Foundation/Application.php(1466): Illuminate\\Container\\Container->call()
#28 /tmp/abdoElHodaky/larvrevrstender/services/bidding-service/vendor/laravel/framework/src/Illuminate/Foundation/Console/Kernel.php(219): Illuminate\\Foundation\\Application->terminate()
#29 /tmp/abdoElHodaky/larvrevrstender/services/bidding-service/artisan(51): Illuminate\\Foundation\\Console\\Kernel->terminate()
#30 {main}

[previous exception] [object] (PDOException(code: 0): could not find driver at /tmp/abdoElHodaky/larvrevrstender/services/bidding-service/vendor/laravel/framework/src/Illuminate/Database/Connectors/Connector.php:66)
[stacktrace]
#0 /tmp/abdoElHodaky/larvrevrstender/services/bidding-service/vendor/laravel/framework/src/Illuminate/Database/Connectors/Connector.php(66): PDO->__construct()
#1 /tmp/abdoElHodaky/larvrevrstender/services/bidding-service/vendor/laravel/framework/src/Illuminate/Database/Connectors/Connector.php(44): Illuminate\\Database\\Connectors\\Connector->createPdoConnection()
#2 /tmp/abdoElHodaky/larvrevrstender/services/bidding-service/vendor/laravel/framework/src/Illuminate/Database/Connectors/MySqlConnector.php(24): Illuminate\\Database\\Connectors\\Connector->createConnection()
#3 /tmp/abdoElHodaky/larvrevrstender/services/bidding-service/vendor/laravel/framework/src/Illuminate/Database/Connectors/ConnectionFactory.php(186): Illuminate\\Database\\Connectors\\MySqlConnector->connect()
#4 [internal function]: Illuminate\\Database\\Connectors\\ConnectionFactory->Illuminate\\Database\\Connectors\\{closure}()
#5 /tmp/abdoElHodaky/larvrevrstender/services/bidding-service/vendor/laravel/framework/src/Illuminate/Database/Connection.php(1257): call_user_func()
#6 /tmp/abdoElHodaky/larvrevrstender/services/bidding-service/vendor/laravel/framework/src/Illuminate/Database/Connection.php(1295): Illuminate\\Database\\Connection->getPdo()
#7 /tmp/abdoElHodaky/larvrevrstender/services/bidding-service/vendor/laravel/framework/src/Illuminate/Database/Connection.php(525): Illuminate\\Database\\Connection->getReadPdo()
#8 /tmp/abdoElHodaky/larvrevrstender/services/bidding-service/vendor/laravel/framework/src/Illuminate/Database/Connection.php(420): Illuminate\\Database\\Connection->getPdoForSelect()
#9 /tmp/abdoElHodaky/larvrevrstender/services/bidding-service/vendor/laravel/framework/src/Illuminate/Database/Connection.php(827): Illuminate\\Database\\Connection->Illuminate\\Database\\{closure}()
#10 /tmp/abdoElHodaky/larvrevrstender/services/bidding-service/vendor/laravel/framework/src/Illuminate/Database/Connection.php(794): Illuminate\\Database\\Connection->runQueryCallback()
#11 /tmp/abdoElHodaky/larvrevrstender/services/bidding-service/vendor/laravel/framework/src/Illuminate/Database/Connection.php(411): Illuminate\\Database\\Connection->run()
#12 /tmp/abdoElHodaky/larvrevrstender/services/bidding-service/vendor/laravel/framework/src/Illuminate/Database/Query/Builder.php(3438): Illuminate\\Database\\Connection->select()
#13 /tmp/abdoElHodaky/larvrevrstender/services/bidding-service/vendor/laravel/framework/src/Illuminate/Database/Query/Builder.php(3423): Illuminate\\Database\\Query\\Builder->runSelect()
#14 /tmp/abdoElHodaky/larvrevrstender/services/bidding-service/vendor/laravel/framework/src/Illuminate/Database/Query/Builder.php(4013): Illuminate\\Database\\Query\\Builder->Illuminate\\Database\\Query\\{closure}()
#15 /tmp/abdoElHodaky/larvrevrstender/services/bidding-service/vendor/laravel/framework/src/Illuminate/Database/Query/Builder.php(3422): Illuminate\\Database\\Query\\Builder->onceWithColumns()
#16 /tmp/abdoElHodaky/larvrevrstender/services/bidding-service/vendor/laravel/framework/src/Illuminate/Database/Query/Builder.php(3937): Illuminate\\Database\\Query\\Builder->get()
#17 /tmp/abdoElHodaky/larvrevrstender/services/bidding-service/vendor/laravel/framework/src/Illuminate/Database/Query/Builder.php(3865): Illuminate\\Database\\Query\\Builder->aggregate()
#18 /tmp/abdoElHodaky/larvrevrstender/services/bidding-service/vendor/laravel/telescope/src/Storage/DatabaseEntriesRepository.php(123): Illuminate\\Database\\Query\\Builder->count()
#19 /tmp/abdoElHodaky/larvrevrstender/services/bidding-service/vendor/laravel/telescope/src/Storage/DatabaseEntriesRepository.php(165): Laravel\\Telescope\\Storage\\DatabaseEntriesRepository->countExceptionOccurences()
#20 [internal function]: Laravel\\Telescope\\Storage\\DatabaseEntriesRepository->Laravel\\Telescope\\Storage\\{closure}()
#21 /tmp/abdoElHodaky/larvrevrstender/services/bidding-service/vendor/laravel/framework/src/Illuminate/Collections/Arr.php(840): array_map()
#22 /tmp/abdoElHodaky/larvrevrstender/services/bidding-service/vendor/laravel/framework/src/Illuminate/Collections/Collection.php(829): Illuminate\\Support\\Arr::map()
#23 /tmp/abdoElHodaky/larvrevrstender/services/bidding-service/vendor/laravel/telescope/src/Storage/DatabaseEntriesRepository.php(164): Illuminate\\Support\\Collection->map()
#24 /tmp/abdoElHodaky/larvrevrstender/services/bidding-service/vendor/laravel/framework/src/Illuminate/Collections/Traits/EnumeratesValues.php(275): Laravel\\Telescope\\Storage\\DatabaseEntriesRepository->Laravel\\Telescope\\Storage\\{closure}()
#25 /tmp/abdoElHodaky/larvrevrstender/services/bidding-service/vendor/laravel/telescope/src/Storage/DatabaseEntriesRepository.php(163): Illuminate\\Support\\Collection->each()
#26 /tmp/abdoElHodaky/larvrevrstender/services/bidding-service/vendor/laravel/telescope/src/Storage/DatabaseEntriesRepository.php(140): Laravel\\Telescope\\Storage\\DatabaseEntriesRepository->storeExceptions()
#27 /tmp/abdoElHodaky/larvrevrstender/services/bidding-service/vendor/laravel/telescope/src/Telescope.php(664): Laravel\\Telescope\\Storage\\DatabaseEntriesRepository->store()
#28 [internal function]: Laravel\\Telescope\\Telescope::Laravel\\Telescope\\{closure}()
#29 /tmp/abdoElHodaky/larvrevrstender/services/bidding-service/vendor/laravel/telescope/src/Telescope.php(289): call_user_func()
#30 /tmp/abdoElHodaky/larvrevrstender/services/bidding-service/vendor/laravel/telescope/src/Telescope.php(656): Laravel\\Telescope\\Telescope::withoutRecording()
#31 /tmp/abdoElHodaky/larvrevrstender/services/bidding-service/vendor/laravel/telescope/src/ListensForStorageOpportunities.php(65): Laravel\\Telescope\\Telescope::store()
#32 /tmp/abdoElHodaky/larvrevrstender/services/bidding-service/vendor/laravel/framework/src/Illuminate/Container/BoundMethod.php(36): Laravel\\Telescope\\Telescope::Laravel\\Telescope\\{closure}()
#33 /tmp/abdoElHodaky/larvrevrstender/services/bidding-service/vendor/laravel/framework/src/Illuminate/Container/Util.php(43): Illuminate\\Container\\BoundMethod::Illuminate\\Container\\{closure}()
#34 /tmp/abdoElHodaky/larvrevrstender/services/bidding-service/vendor/laravel/framework/src/Illuminate/Container/BoundMethod.php(84): Illuminate\\Container\\Util::unwrapIfClosure()
#35 /tmp/abdoElHodaky/larvrevrstender/services/bidding-service/vendor/laravel/framework/src/Illuminate/Container/BoundMethod.php(35): Illuminate\\Container\\BoundMethod::callBoundMethod()
#36 /tmp/abdoElHodaky/larvrevrstender/services/bidding-service/vendor/laravel/framework/src/Illuminate/Container/Container.php(799): Illuminate\\Container\\BoundMethod::call()
#37 /tmp/abdoElHodaky/larvrevrstender/services/bidding-service/vendor/laravel/framework/src/Illuminate/Foundation/Application.php(1466): Illuminate\\Container\\Container->call()
#38 /tmp/abdoElHodaky/larvrevrstender/services/bidding-service/vendor/laravel/framework/src/Illuminate/Foundation/Console/Kernel.php(219): Illuminate\\Foundation\\Application->terminate()
#39 /tmp/abdoElHodaky/larvrevrstender/services/bidding-service/artisan(51): Illuminate\\Foundation\\Console\\Kernel->terminate()
#40 {main}
"} 
[2026-02-18 17:27:50] local.ERROR: could not find driver (Connection: mysql, Host: 127.0.0.1, Port: 3306, Database: bidding_service, SQL: insert into `telescope_entries` (`batch_id`, `content`, `created_at`, `family_hash`, `type`, `uuid`) values (a11c3303-cf34-4539-9216-af3f56145c4d, {"command":"config:cache","exit_code":0,"arguments":{"command":"config:cache"},"options":{"help":false,"silent":false,"quiet":false,"verbose":false,"version":false,"ansi":null,"no-interaction":false,"env":null},"hostname":"modal"}, 2026-02-18 17:27:50, ?, command, a11c3303-cd01-46d2-ab15-112b02d2ae13)) {"exception":"[object] (Illuminate\\Database\\QueryException(code: 0): could not find driver (Connection: mysql, Host: 127.0.0.1, Port: 3306, Database: bidding_service, SQL: insert into `telescope_entries` (`batch_id`, `content`, `created_at`, `family_hash`, `type`, `uuid`) values (a11c3303-cf34-4539-9216-af3f56145c4d, {\"command\":\"config:cache\",\"exit_code\":0,\"arguments\":{\"command\":\"config:cache\"},\"options\":{\"help\":false,\"silent\":false,\"quiet\":false,\"verbose\":false,\"version\":false,\"ansi\":null,\"no-interaction\":false,\"env\":null},\"hostname\":\"modal\"}, 2026-02-18 17:27:50, ?, command, a11c3303-cd01-46d2-ab15-112b02d2ae13)) at /tmp/abdoElHodaky/larvrevrstender/services/bidding-service/vendor/laravel/framework/src/Illuminate/Database/Connection.php:838)
[stacktrace]
#0 /tmp/abdoElHodaky/larvrevrstender/services/bidding-service/vendor/laravel/framework/src/Illuminate/Database/Connection.php(794): Illuminate\\Database\\Connection->runQueryCallback()
#1 /tmp/abdoElHodaky/larvrevrstender/services/bidding-service/vendor/laravel/framework/src/Illuminate/Database/MySqlConnection.php(42): Illuminate\\Database\\Connection->run()
#2 /tmp/abdoElHodaky/larvrevrstender/services/bidding-service/vendor/laravel/framework/src/Illuminate/Database/Query/Builder.php(4054): Illuminate\\Database\\MySqlConnection->insert()
#3 /tmp/abdoElHodaky/larvrevrstender/services/bidding-service/vendor/laravel/telescope/src/Storage/DatabaseEntriesRepository.php(145): Illuminate\\Database\\Query\\Builder->insert()
#4 /tmp/abdoElHodaky/larvrevrstender/services/bidding-service/vendor/laravel/framework/src/Illuminate/Collections/Traits/EnumeratesValues.php(275): Laravel\\Telescope\\Storage\\DatabaseEntriesRepository->Laravel\\Telescope\\Storage\\{closure}()
#5 /tmp/abdoElHodaky/larvrevrstender/services/bidding-service/vendor/laravel/telescope/src/Storage/DatabaseEntriesRepository.php(144): Illuminate\\Support\\Collection->each()
#6 /tmp/abdoElHodaky/larvrevrstender/services/bidding-service/vendor/laravel/telescope/src/Telescope.php(664): Laravel\\Telescope\\Storage\\DatabaseEntriesRepository->store()
#7 [internal function]: Laravel\\Telescope\\Telescope::Laravel\\Telescope\\{closure}()
#8 /tmp/abdoElHodaky/larvrevrstender/services/bidding-service/vendor/laravel/telescope/src/Telescope.php(289): call_user_func()
#9 /tmp/abdoElHodaky/larvrevrstender/services/bidding-service/vendor/laravel/telescope/src/Telescope.php(656): Laravel\\Telescope\\Telescope::withoutRecording()
#10 /tmp/abdoElHodaky/larvrevrstender/services/bidding-service/vendor/laravel/telescope/src/ListensForStorageOpportunities.php(65): Laravel\\Telescope\\Telescope::store()
#11 /tmp/abdoElHodaky/larvrevrstender/services/bidding-service/vendor/laravel/framework/src/Illuminate/Container/BoundMethod.php(36): Laravel\\Telescope\\Telescope::Laravel\\Telescope\\{closure}()
#12 /tmp/abdoElHodaky/larvrevrstender/services/bidding-service/vendor/laravel/framework/src/Illuminate/Container/Util.php(43): Illuminate\\Container\\BoundMethod::Illuminate\\Container\\{closure}()
#13 /tmp/abdoElHodaky/larvrevrstender/services/bidding-service/vendor/laravel/framework/src/Illuminate/Container/BoundMethod.php(84): Illuminate\\Container\\Util::unwrapIfClosure()
#14 /tmp/abdoElHodaky/larvrevrstender/services/bidding-service/vendor/laravel/framework/src/Illuminate/Container/BoundMethod.php(35): Illuminate\\Container\\BoundMethod::callBoundMethod()
#15 /tmp/abdoElHodaky/larvrevrstender/services/bidding-service/vendor/laravel/framework/src/Illuminate/Container/Container.php(799): Illuminate\\Container\\BoundMethod::call()
#16 /tmp/abdoElHodaky/larvrevrstender/services/bidding-service/vendor/laravel/framework/src/Illuminate/Foundation/Application.php(1466): Illuminate\\Container\\Container->call()
#17 /tmp/abdoElHodaky/larvrevrstender/services/bidding-service/vendor/laravel/framework/src/Illuminate/Foundation/Console/Kernel.php(219): Illuminate\\Foundation\\Application->terminate()
#18 /tmp/abdoElHodaky/larvrevrstender/services/bidding-service/artisan(51): Illuminate\\Foundation\\Console\\Kernel->terminate()
#19 {main}

[previous exception] [object] (PDOException(code: 0): could not find driver at /tmp/abdoElHodaky/larvrevrstender/services/bidding-service/vendor/laravel/framework/src/Illuminate/Database/Connectors/Connector.php:66)
[stacktrace]
#0 /tmp/abdoElHodaky/larvrevrstender/services/bidding-service/vendor/laravel/framework/src/Illuminate/Database/Connectors/Connector.php(66): PDO->__construct()
#1 /tmp/abdoElHodaky/larvrevrstender/services/bidding-service/vendor/laravel/framework/src/Illuminate/Database/Connectors/Connector.php(44): Illuminate\\Database\\Connectors\\Connector->createPdoConnection()
#2 /tmp/abdoElHodaky/larvrevrstender/services/bidding-service/vendor/laravel/framework/src/Illuminate/Database/Connectors/MySqlConnector.php(24): Illuminate\\Database\\Connectors\\Connector->createConnection()
#3 /tmp/abdoElHodaky/larvrevrstender/services/bidding-service/vendor/laravel/framework/src/Illuminate/Database/Connectors/ConnectionFactory.php(186): Illuminate\\Database\\Connectors\\MySqlConnector->connect()
#4 [internal function]: Illuminate\\Database\\Connectors\\ConnectionFactory->Illuminate\\Database\\Connectors\\{closure}()
#5 /tmp/abdoElHodaky/larvrevrstender/services/bidding-service/vendor/laravel/framework/src/Illuminate/Database/Connection.php(1257): call_user_func()
#6 /tmp/abdoElHodaky/larvrevrstender/services/bidding-service/vendor/laravel/framework/src/Illuminate/Database/MySqlConnection.php(47): Illuminate\\Database\\Connection->getPdo()
#7 /tmp/abdoElHodaky/larvrevrstender/services/bidding-service/vendor/laravel/framework/src/Illuminate/Database/Connection.php(827): Illuminate\\Database\\MySqlConnection->Illuminate\\Database\\{closure}()
#8 /tmp/abdoElHodaky/larvrevrstender/services/bidding-service/vendor/laravel/framework/src/Illuminate/Database/Connection.php(794): Illuminate\\Database\\Connection->runQueryCallback()
#9 /tmp/abdoElHodaky/larvrevrstender/services/bidding-service/vendor/laravel/framework/src/Illuminate/Database/MySqlConnection.php(42): Illuminate\\Database\\Connection->run()
#10 /tmp/abdoElHodaky/larvrevrstender/services/bidding-service/vendor/laravel/framework/src/Illuminate/Database/Query/Builder.php(4054): Illuminate\\Database\\MySqlConnection->insert()
#11 /tmp/abdoElHodaky/larvrevrstender/services/bidding-service/vendor/laravel/telescope/src/Storage/DatabaseEntriesRepository.php(145): Illuminate\\Database\\Query\\Builder->insert()
#12 /tmp/abdoElHodaky/larvrevrstender/services/bidding-service/vendor/laravel/framework/src/Illuminate/Collections/Traits/EnumeratesValues.php(275): Laravel\\Telescope\\Storage\\DatabaseEntriesRepository->Laravel\\Telescope\\Storage\\{closure}()
#13 /tmp/abdoElHodaky/larvrevrstender/services/bidding-service/vendor/laravel/telescope/src/Storage/DatabaseEntriesRepository.php(144): Illuminate\\Support\\Collection->each()
#14 /tmp/abdoElHodaky/larvrevrstender/services/bidding-service/vendor/laravel/telescope/src/Telescope.php(664): Laravel\\Telescope\\Storage\\DatabaseEntriesRepository->store()
#15 [internal function]: Laravel\\Telescope\\Telescope::Laravel\\Telescope\\{closure}()
#16 /tmp/abdoElHodaky/larvrevrstender/services/bidding-service/vendor/laravel/telescope/src/Telescope.php(289): call_user_func()
#17 /tmp/abdoElHodaky/larvrevrstender/services/bidding-service/vendor/laravel/telescope/src/Telescope.php(656): Laravel\\Telescope\\Telescope::withoutRecording()
#18 /tmp/abdoElHodaky/larvrevrstender/services/bidding-service/vendor/laravel/telescope/src/ListensForStorageOpportunities.php(65): Laravel\\Telescope\\Telescope::store()
#19 /tmp/abdoElHodaky/larvrevrstender/services/bidding-service/vendor/laravel/framework/src/Illuminate/Container/BoundMethod.php(36): Laravel\\Telescope\\Telescope::Laravel\\Telescope\\{closure}()
#20 /tmp/abdoElHodaky/larvrevrstender/services/bidding-service/vendor/laravel/framework/src/Illuminate/Container/Util.php(43): Illuminate\\Container\\BoundMethod::Illuminate\\Container\\{closure}()
#21 /tmp/abdoElHodaky/larvrevrstender/services/bidding-service/vendor/laravel/framework/src/Illuminate/Container/BoundMethod.php(84): Illuminate\\Container\\Util::unwrapIfClosure()
#22 /tmp/abdoElHodaky/larvrevrstender/services/bidding-service/vendor/laravel/framework/src/Illuminate/Container/BoundMethod.php(35): Illuminate\\Container\\BoundMethod::callBoundMethod()
#23 /tmp/abdoElHodaky/larvrevrstender/services/bidding-service/vendor/laravel/framework/src/Illuminate/Container/Container.php(799): Illuminate\\Container\\BoundMethod::call()
#24 /tmp/abdoElHodaky/larvrevrstender/services/bidding-service/vendor/laravel/framework/src/Illuminate/Foundation/Application.php(1466): Illuminate\\Container\\Container->call()
#25 /tmp/abdoElHodaky/larvrevrstender/services/bidding-service/vendor/laravel/framework/src/Illuminate/Foundation/Console/Kernel.php(219): Illuminate\\Foundation\\Application->terminate()
#26 /tmp/abdoElHodaky/larvrevrstender/services/bidding-service/artisan(51): Illuminate\\Foundation\\Console\\Kernel->terminate()
#27 {main}
"} 
[2026-02-20 10:35:27] local.ERROR: Class "Redis" not found {"exception":"[object] (Error(code: 0): Class \"Redis\" not found at /tmp/abdoElHodaky/larvrevrstender/services/bidding-service/vendor/laravel/framework/src/Illuminate/Redis/Connectors/PhpRedisConnector.php:80)
[stacktrace]
#0 /tmp/abdoElHodaky/larvrevrstender/services/bidding-service/vendor/laravel/framework/src/Illuminate/Redis/Connectors/PhpRedisConnector.php(34): Illuminate\\Redis\\Connectors\\PhpRedisConnector->createClient()
#1 /tmp/abdoElHodaky/larvrevrstender/services/bidding-service/vendor/laravel/framework/src/Illuminate/Redis/Connectors/PhpRedisConnector.php(39): Illuminate\\Redis\\Connectors\\PhpRedisConnector->Illuminate\\Redis\\Connectors\\{closure}()
#2 /tmp/abdoElHodaky/larvrevrstender/services/bidding-service/vendor/laravel/framework/src/Illuminate/Redis/RedisManager.php(111): Illuminate\\Redis\\Connectors\\PhpRedisConnector->connect()
#3 /tmp/abdoElHodaky/larvrevrstender/services/bidding-service/vendor/laravel/framework/src/Illuminate/Redis/RedisManager.php(92): Illuminate\\Redis\\RedisManager->resolve()
#4 /tmp/abdoElHodaky/larvrevrstender/services/bidding-service/vendor/laravel/framework/src/Illuminate/Cache/RedisStore.php(368): Illuminate\\Redis\\RedisManager->connection()
#5 /tmp/abdoElHodaky/larvrevrstender/services/bidding-service/vendor/laravel/framework/src/Illuminate/Cache/RedisStore.php(71): Illuminate\\Cache\\RedisStore->connection()
#6 /tmp/abdoElHodaky/larvrevrstender/services/bidding-service/vendor/laravel/framework/src/Illuminate/Cache/Repository.php(123): Illuminate\\Cache\\RedisStore->get()
#7 /tmp/abdoElHodaky/larvrevrstender/services/bidding-service/vendor/laravel/framework/src/Illuminate/Cache/CacheManager.php(532): Illuminate\\Cache\\Repository->get()
#8 /tmp/abdoElHodaky/larvrevrstender/services/bidding-service/vendor/laravel/telescope/src/Watchers/DumpWatcher.php(47): Illuminate\\Cache\\CacheManager->__call()
#9 /tmp/abdoElHodaky/larvrevrstender/services/bidding-service/vendor/laravel/telescope/src/RegistersWatchers.php(48): Laravel\\Telescope\\Watchers\\DumpWatcher->register()
#10 /tmp/abdoElHodaky/larvrevrstender/services/bidding-service/vendor/laravel/telescope/src/Telescope.php(138): Laravel\\Telescope\\Telescope::registerWatchers()
#11 /tmp/abdoElHodaky/larvrevrstender/services/bidding-service/vendor/laravel/telescope/src/TelescopeServiceProvider.php(35): Laravel\\Telescope\\Telescope::start()
#12 /tmp/abdoElHodaky/larvrevrstender/services/bidding-service/vendor/laravel/framework/src/Illuminate/Container/BoundMethod.php(36): Laravel\\Telescope\\TelescopeServiceProvider->boot()
#13 /tmp/abdoElHodaky/larvrevrstender/services/bidding-service/vendor/laravel/framework/src/Illuminate/Container/Util.php(43): Illuminate\\Container\\BoundMethod::Illuminate\\Container\\{closure}()
#14 /tmp/abdoElHodaky/larvrevrstender/services/bidding-service/vendor/laravel/framework/src/Illuminate/Container/BoundMethod.php(96): Illuminate\\Container\\Util::unwrapIfClosure()
#15 /tmp/abdoElHodaky/larvrevrstender/services/bidding-service/vendor/laravel/framework/src/Illuminate/Container/BoundMethod.php(35): Illuminate\\Container\\BoundMethod::callBoundMethod()
#16 /tmp/abdoElHodaky/larvrevrstender/services/bidding-service/vendor/laravel/framework/src/Illuminate/Container/Container.php(799): Illuminate\\Container\\BoundMethod::call()
#17 /tmp/abdoElHodaky/larvrevrstender/services/bidding-service/vendor/laravel/framework/src/Illuminate/Foundation/Application.php(1151): Illuminate\\Container\\Container->call()
#18 /tmp/abdoElHodaky/larvrevrstender/services/bidding-service/vendor/laravel/framework/src/Illuminate/Foundation/Application.php(1132): Illuminate\\Foundation\\Application->bootProvider()
#19 [internal function]: Illuminate\\Foundation\\Application->Illuminate\\Foundation\\{closure}()
#20 /tmp/abdoElHodaky/larvrevrstender/services/bidding-service/vendor/laravel/framework/src/Illuminate/Foundation/Application.php(1131): array_walk()
#21 /tmp/abdoElHodaky/larvrevrstender/services/bidding-service/vendor/laravel/framework/src/Illuminate/Foundation/Bootstrap/BootProviders.php(17): Illuminate\\Foundation\\Application->boot()
#22 /tmp/abdoElHodaky/larvrevrstender/services/bidding-service/vendor/laravel/framework/src/Illuminate/Foundation/Application.php(342): Illuminate\\Foundation\\Bootstrap\\BootProviders->bootstrap()
#23 /tmp/abdoElHodaky/larvrevrstender/services/bidding-service/vendor/laravel/framework/src/Illuminate/Foundation/Console/Kernel.php(494): Illuminate\\Foundation\\Application->bootstrapWith()
#24 /tmp/abdoElHodaky/larvrevrstender/services/bidding-service/vendor/laravel/framework/src/Illuminate/Foundation/Console/Kernel.php(196): Illuminate\\Foundation\\Console\\Kernel->bootstrap()
#25 /tmp/abdoElHodaky/larvrevrstender/services/bidding-service/artisan(35): Illuminate\\Foundation\\Console\\Kernel->handle()
#26 {main}
"} 
[2026-02-20 10:36:49] local.ERROR: Target class [Shared\Procedures\ProcedureEngine] does not exist. {"exception":"[object] (Illuminate\\Contracts\\Container\\BindingResolutionException(code: 0): Target class [Shared\\Procedures\\ProcedureEngine] does not exist. at /tmp/abdoElHodaky/larvrevrstender/services/bidding-service/vendor/laravel/framework/src/Illuminate/Container/Container.php:1124)
[stacktrace]
#0 /tmp/abdoElHodaky/larvrevrstender/services/bidding-service/vendor/laravel/framework/src/Illuminate/Container/Container.php(933): Illuminate\\Container\\Container->build()
#1 /tmp/abdoElHodaky/larvrevrstender/services/bidding-service/vendor/laravel/framework/src/Illuminate/Foundation/Application.php(1078): Illuminate\\Container\\Container->resolve()
#2 /tmp/abdoElHodaky/larvrevrstender/services/bidding-service/vendor/laravel/framework/src/Illuminate/Container/Container.php(864): Illuminate\\Foundation\\Application->resolve()
#3 /tmp/abdoElHodaky/larvrevrstender/services/bidding-service/vendor/laravel/framework/src/Illuminate/Foundation/Application.php(1058): Illuminate\\Container\\Container->make()
#4 /tmp/abdoElHodaky/larvrevrstender/services/bidding-service/app/Providers/RpcServiceProvider.php(53): Illuminate\\Foundation\\Application->make()
#5 /tmp/abdoElHodaky/larvrevrstender/services/bidding-service/vendor/laravel/framework/src/Illuminate/Container/BoundMethod.php(36): App\\Providers\\RpcServiceProvider->boot()
#6 /tmp/abdoElHodaky/larvrevrstender/services/bidding-service/vendor/laravel/framework/src/Illuminate/Container/Util.php(43): Illuminate\\Container\\BoundMethod::Illuminate\\Container\\{closure}()
#7 /tmp/abdoElHodaky/larvrevrstender/services/bidding-service/vendor/laravel/framework/src/Illuminate/Container/BoundMethod.php(96): Illuminate\\Container\\Util::unwrapIfClosure()
#8 /tmp/abdoElHodaky/larvrevrstender/services/bidding-service/vendor/laravel/framework/src/Illuminate/Container/BoundMethod.php(35): Illuminate\\Container\\BoundMethod::callBoundMethod()
#9 /tmp/abdoElHodaky/larvrevrstender/services/bidding-service/vendor/laravel/framework/src/Illuminate/Container/Container.php(799): Illuminate\\Container\\BoundMethod::call()
#10 /tmp/abdoElHodaky/larvrevrstender/services/bidding-service/vendor/laravel/framework/src/Illuminate/Foundation/Application.php(1151): Illuminate\\Container\\Container->call()
#11 /tmp/abdoElHodaky/larvrevrstender/services/bidding-service/vendor/laravel/framework/src/Illuminate/Foundation/Application.php(1132): Illuminate\\Foundation\\Application->bootProvider()
#12 [internal function]: Illuminate\\Foundation\\Application->Illuminate\\Foundation\\{closure}()
#13 /tmp/abdoElHodaky/larvrevrstender/services/bidding-service/vendor/laravel/framework/src/Illuminate/Foundation/Application.php(1131): array_walk()
#14 /tmp/abdoElHodaky/larvrevrstender/services/bidding-service/vendor/laravel/framework/src/Illuminate/Foundation/Bootstrap/BootProviders.php(17): Illuminate\\Foundation\\Application->boot()
#15 /tmp/abdoElHodaky/larvrevrstender/services/bidding-service/vendor/laravel/framework/src/Illuminate/Foundation/Application.php(342): Illuminate\\Foundation\\Bootstrap\\BootProviders->bootstrap()
#16 /tmp/abdoElHodaky/larvrevrstender/services/bidding-service/vendor/laravel/framework/src/Illuminate/Foundation/Console/Kernel.php(494): Illuminate\\Foundation\\Application->bootstrapWith()
#17 /tmp/abdoElHodaky/larvrevrstender/services/bidding-service/vendor/laravel/framework/src/Illuminate/Foundation/Console/Kernel.php(196): Illuminate\\Foundation\\Console\\Kernel->bootstrap()
#18 /tmp/abdoElHodaky/larvrevrstender/services/bidding-service/artisan(35): Illuminate\\Foundation\\Console\\Kernel->handle()
#19 {main}

[previous exception] [object] (ReflectionException(code: -1): Class \"Shared\\Procedures\\ProcedureEngine\" does not exist at /tmp/abdoElHodaky/larvrevrstender/services/bidding-service/vendor/laravel/framework/src/Illuminate/Container/Container.php:1122)
[stacktrace]
#0 /tmp/abdoElHodaky/larvrevrstender/services/bidding-service/vendor/laravel/framework/src/Illuminate/Container/Container.php(1122): ReflectionClass->__construct()
#1 /tmp/abdoElHodaky/larvrevrstender/services/bidding-service/vendor/laravel/framework/src/Illuminate/Container/Container.php(933): Illuminate\\Container\\Container->build()
#2 /tmp/abdoElHodaky/larvrevrstender/services/bidding-service/vendor/laravel/framework/src/Illuminate/Foundation/Application.php(1078): Illuminate\\Container\\Container->resolve()
#3 /tmp/abdoElHodaky/larvrevrstender/services/bidding-service/vendor/laravel/framework/src/Illuminate/Container/Container.php(864): Illuminate\\Foundation\\Application->resolve()
#4 /tmp/abdoElHodaky/larvrevrstender/services/bidding-service/vendor/laravel/framework/src/Illuminate/Foundation/Application.php(1058): Illuminate\\Container\\Container->make()
#5 /tmp/abdoElHodaky/larvrevrstender/services/bidding-service/app/Providers/RpcServiceProvider.php(53): Illuminate\\Foundation\\Application->make()
#6 /tmp/abdoElHodaky/larvrevrstender/services/bidding-service/vendor/laravel/framework/src/Illuminate/Container/BoundMethod.php(36): App\\Providers\\RpcServiceProvider->boot()
#7 /tmp/abdoElHodaky/larvrevrstender/services/bidding-service/vendor/laravel/framework/src/Illuminate/Container/Util.php(43): Illuminate\\Container\\BoundMethod::Illuminate\\Container\\{closure}()
#8 /tmp/abdoElHodaky/larvrevrstender/services/bidding-service/vendor/laravel/framework/src/Illuminate/Container/BoundMethod.php(96): Illuminate\\Container\\Util::unwrapIfClosure()
#9 /tmp/abdoElHodaky/larvrevrstender/services/bidding-service/vendor/laravel/framework/src/Illuminate/Container/BoundMethod.php(35): Illuminate\\Container\\BoundMethod::callBoundMethod()
#10 /tmp/abdoElHodaky/larvrevrstender/services/bidding-service/vendor/laravel/framework/src/Illuminate/Container/Container.php(799): Illuminate\\Container\\BoundMethod::call()
#11 /tmp/abdoElHodaky/larvrevrstender/services/bidding-service/vendor/laravel/framework/src/Illuminate/Foundation/Application.php(1151): Illuminate\\Container\\Container->call()
#12 /tmp/abdoElHodaky/larvrevrstender/services/bidding-service/vendor/laravel/framework/src/Illuminate/Foundation/Application.php(1132): Illuminate\\Foundation\\Application->bootProvider()
#13 [internal function]: Illuminate\\Foundation\\Application->Illuminate\\Foundation\\{closure}()
#14 /tmp/abdoElHodaky/larvrevrstender/services/bidding-service/vendor/laravel/framework/src/Illuminate/Foundation/Application.php(1131): array_walk()
#15 /tmp/abdoElHodaky/larvrevrstender/services/bidding-service/vendor/laravel/framework/src/Illuminate/Foundation/Bootstrap/BootProviders.php(17): Illuminate\\Foundation\\Application->boot()
#16 /tmp/abdoElHodaky/larvrevrstender/services/bidding-service/vendor/laravel/framework/src/Illuminate/Foundation/Application.php(342): Illuminate\\Foundation\\Bootstrap\\BootProviders->bootstrap()
#17 /tmp/abdoElHodaky/larvrevrstender/services/bidding-service/vendor/laravel/framework/src/Illuminate/Foundation/Console/Kernel.php(494): Illuminate\\Foundation\\Application->bootstrapWith()
#18 /tmp/abdoElHodaky/larvrevrstender/services/bidding-service/vendor/laravel/framework/src/Illuminate/Foundation/Console/Kernel.php(196): Illuminate\\Foundation\\Console\\Kernel->bootstrap()
#19 /tmp/abdoElHodaky/larvrevrstender/services/bidding-service/artisan(35): Illuminate\\Foundation\\Console\\Kernel->handle()
#20 {main}
"} 
[2026-02-20 10:37:31] local.ERROR: Target class [Shared\Procedures\ProcedureEngine] does not exist. {"exception":"[object] (Illuminate\\Contracts\\Container\\BindingResolutionException(code: 0): Target class [Shared\\Procedures\\ProcedureEngine] does not exist. at /tmp/abdoElHodaky/larvrevrstender/services/bidding-service/vendor/laravel/framework/src/Illuminate/Container/Container.php:1124)
[stacktrace]
#0 /tmp/abdoElHodaky/larvrevrstender/services/bidding-service/vendor/laravel/framework/src/Illuminate/Container/Container.php(933): Illuminate\\Container\\Container->build()
#1 /tmp/abdoElHodaky/larvrevrstender/services/bidding-service/vendor/laravel/framework/src/Illuminate/Foundation/Application.php(1078): Illuminate\\Container\\Container->resolve()
#2 /tmp/abdoElHodaky/larvrevrstender/services/bidding-service/vendor/laravel/framework/src/Illuminate/Container/Container.php(864): Illuminate\\Foundation\\Application->resolve()
#3 /tmp/abdoElHodaky/larvrevrstender/services/bidding-service/vendor/laravel/framework/src/Illuminate/Foundation/Application.php(1058): Illuminate\\Container\\Container->make()
#4 /tmp/abdoElHodaky/larvrevrstender/services/bidding-service/app/Providers/RpcServiceProvider.php(53): Illuminate\\Foundation\\Application->make()
#5 /tmp/abdoElHodaky/larvrevrstender/services/bidding-service/vendor/laravel/framework/src/Illuminate/Container/BoundMethod.php(36): App\\Providers\\RpcServiceProvider->boot()
#6 /tmp/abdoElHodaky/larvrevrstender/services/bidding-service/vendor/laravel/framework/src/Illuminate/Container/Util.php(43): Illuminate\\Container\\BoundMethod::Illuminate\\Container\\{closure}()
#7 /tmp/abdoElHodaky/larvrevrstender/services/bidding-service/vendor/laravel/framework/src/Illuminate/Container/BoundMethod.php(96): Illuminate\\Container\\Util::unwrapIfClosure()
#8 /tmp/abdoElHodaky/larvrevrstender/services/bidding-service/vendor/laravel/framework/src/Illuminate/Container/BoundMethod.php(35): Illuminate\\Container\\BoundMethod::callBoundMethod()
#9 /tmp/abdoElHodaky/larvrevrstender/services/bidding-service/vendor/laravel/framework/src/Illuminate/Container/Container.php(799): Illuminate\\Container\\BoundMethod::call()
#10 /tmp/abdoElHodaky/larvrevrstender/services/bidding-service/vendor/laravel/framework/src/Illuminate/Foundation/Application.php(1151): Illuminate\\Container\\Container->call()
#11 /tmp/abdoElHodaky/larvrevrstender/services/bidding-service/vendor/laravel/framework/src/Illuminate/Foundation/Application.php(1132): Illuminate\\Foundation\\Application->bootProvider()
#12 [internal function]: Illuminate\\Foundation\\Application->Illuminate\\Foundation\\{closure}()
#13 /tmp/abdoElHodaky/larvrevrstender/services/bidding-service/vendor/laravel/framework/src/Illuminate/Foundation/Application.php(1131): array_walk()
#14 /tmp/abdoElHodaky/larvrevrstender/services/bidding-service/vendor/laravel/framework/src/Illuminate/Foundation/Bootstrap/BootProviders.php(17): Illuminate\\Foundation\\Application->boot()
#15 /tmp/abdoElHodaky/larvrevrstender/services/bidding-service/vendor/laravel/framework/src/Illuminate/Foundation/Application.php(342): Illuminate\\Foundation\\Bootstrap\\BootProviders->bootstrap()
#16 /tmp/abdoElHodaky/larvrevrstender/services/bidding-service/vendor/laravel/framework/src/Illuminate/Foundation/Console/Kernel.php(494): Illuminate\\Foundation\\Application->bootstrapWith()
#17 /tmp/abdoElHodaky/larvrevrstender/services/bidding-service/vendor/laravel/framework/src/Illuminate/Foundation/Console/Kernel.php(196): Illuminate\\Foundation\\Console\\Kernel->bootstrap()
#18 /tmp/abdoElHodaky/larvrevrstender/services/bidding-service/artisan(35): Illuminate\\Foundation\\Console\\Kernel->handle()
#19 {main}

[previous exception] [object] (ReflectionException(code: -1): Class \"Shared\\Procedures\\ProcedureEngine\" does not exist at /tmp/abdoElHodaky/larvrevrstender/services/bidding-service/vendor/laravel/framework/src/Illuminate/Container/Container.php:1122)
[stacktrace]
#0 /tmp/abdoElHodaky/larvrevrstender/services/bidding-service/vendor/laravel/framework/src/Illuminate/Container/Container.php(1122): ReflectionClass->__construct()
#1 /tmp/abdoElHodaky/larvrevrstender/services/bidding-service/vendor/laravel/framework/src/Illuminate/Container/Container.php(933): Illuminate\\Container\\Container->build()
#2 /tmp/abdoElHodaky/larvrevrstender/services/bidding-service/vendor/laravel/framework/src/Illuminate/Foundation/Application.php(1078): Illuminate\\Container\\Container->resolve()
#3 /tmp/abdoElHodaky/larvrevrstender/services/bidding-service/vendor/laravel/framework/src/Illuminate/Container/Container.php(864): Illuminate\\Foundation\\Application->resolve()
#4 /tmp/abdoElHodaky/larvrevrstender/services/bidding-service/vendor/laravel/framework/src/Illuminate/Foundation/Application.php(1058): Illuminate\\Container\\Container->make()
#5 /tmp/abdoElHodaky/larvrevrstender/services/bidding-service/app/Providers/RpcServiceProvider.php(53): Illuminate\\Foundation\\Application->make()
#6 /tmp/abdoElHodaky/larvrevrstender/services/bidding-service/vendor/laravel/framework/src/Illuminate/Container/BoundMethod.php(36): App\\Providers\\RpcServiceProvider->boot()
#7 /tmp/abdoElHodaky/larvrevrstender/services/bidding-service/vendor/laravel/framework/src/Illuminate/Container/Util.php(43): Illuminate\\Container\\BoundMethod::Illuminate\\Container\\{closure}()
#8 /tmp/abdoElHodaky/larvrevrstender/services/bidding-service/vendor/laravel/framework/src/Illuminate/Container/BoundMethod.php(96): Illuminate\\Container\\Util::unwrapIfClosure()
#9 /tmp/abdoElHodaky/larvrevrstender/services/bidding-service/vendor/laravel/framework/src/Illuminate/Container/BoundMethod.php(35): Illuminate\\Container\\BoundMethod::callBoundMethod()
#10 /tmp/abdoElHodaky/larvrevrstender/services/bidding-service/vendor/laravel/framework/src/Illuminate/Container/Container.php(799): Illuminate\\Container\\BoundMethod::call()
#11 /tmp/abdoElHodaky/larvrevrstender/services/bidding-service/vendor/laravel/framework/src/Illuminate/Foundation/Application.php(1151): Illuminate\\Container\\Container->call()
#12 /tmp/abdoElHodaky/larvrevrstender/services/bidding-service/vendor/laravel/framework/src/Illuminate/Foundation/Application.php(1132): Illuminate\\Foundation\\Application->bootProvider()
#13 [internal function]: Illuminate\\Foundation\\Application->Illuminate\\Foundation\\{closure}()
#14 /tmp/abdoElHodaky/larvrevrstender/services/bidding-service/vendor/laravel/framework/src/Illuminate/Foundation/Application.php(1131): array_walk()
#15 /tmp/abdoElHodaky/larvrevrstender/services/bidding-service/vendor/laravel/framework/src/Illuminate/Foundation/Bootstrap/BootProviders.php(17): Illuminate\\Foundation\\Application->boot()
#16 /tmp/abdoElHodaky/larvrevrstender/services/bidding-service/vendor/laravel/framework/src/Illuminate/Foundation/Application.php(342): Illuminate\\Foundation\\Bootstrap\\BootProviders->bootstrap()
#17 /tmp/abdoElHodaky/larvrevrstender/services/bidding-service/vendor/laravel/framework/src/Illuminate/Foundation/Console/Kernel.php(494): Illuminate\\Foundation\\Application->bootstrapWith()
#18 /tmp/abdoElHodaky/larvrevrstender/services/bidding-service/vendor/laravel/framework/src/Illuminate/Foundation/Console/Kernel.php(196): Illuminate\\Foundation\\Console\\Kernel->bootstrap()
#19 /tmp/abdoElHodaky/larvrevrstender/services/bidding-service/artisan(35): Illuminate\\Foundation\\Console\\Kernel->handle()
#20 {main}
"} 
[2026-02-20 10:38:53] local.ERROR: Class "Shared\Procedures\BaseProcedure" not found {"exception":"[object] (Error(code: 0): Class \"Shared\\Procedures\\BaseProcedure\" not found at /tmp/abdoElHodaky/larvrevrstender/services/bidding-service/app/RPC/Procedures/BidProcedure.php:19)
[stacktrace]
#0 /tmp/abdoElHodaky/larvrevrstender/services/bidding-service/vendor/composer/ClassLoader.php(582): include()
#1 /tmp/abdoElHodaky/larvrevrstender/services/bidding-service/vendor/composer/ClassLoader.php(433): Composer\\Autoload\\{closure}()
#2 /tmp/abdoElHodaky/larvrevrstender/services/bidding-service/app/Providers/RpcServiceProvider.php(29): Composer\\Autoload\\ClassLoader->loadClass()
#3 /tmp/abdoElHodaky/larvrevrstender/services/bidding-service/vendor/laravel/framework/src/Illuminate/Container/Container.php(1115): App\\Providers\\RpcServiceProvider->App\\Providers\\{closure}()
#4 /tmp/abdoElHodaky/larvrevrstender/services/bidding-service/vendor/laravel/framework/src/Illuminate/Container/Container.php(933): Illuminate\\Container\\Container->build()
#5 /tmp/abdoElHodaky/larvrevrstender/services/bidding-service/vendor/laravel/framework/src/Illuminate/Foundation/Application.php(1078): Illuminate\\Container\\Container->resolve()
#6 /tmp/abdoElHodaky/larvrevrstender/services/bidding-service/vendor/laravel/framework/src/Illuminate/Container/Container.php(864): Illuminate\\Foundation\\Application->resolve()
#7 /tmp/abdoElHodaky/larvrevrstender/services/bidding-service/vendor/laravel/framework/src/Illuminate/Foundation/Application.php(1058): Illuminate\\Container\\Container->make()
#8 /tmp/abdoElHodaky/larvrevrstender/services/bidding-service/app/Providers/RpcServiceProvider.php(56): Illuminate\\Foundation\\Application->make()
#9 /tmp/abdoElHodaky/larvrevrstender/services/bidding-service/vendor/laravel/framework/src/Illuminate/Container/BoundMethod.php(36): App\\Providers\\RpcServiceProvider->boot()
#10 /tmp/abdoElHodaky/larvrevrstender/services/bidding-service/vendor/laravel/framework/src/Illuminate/Container/Util.php(43): Illuminate\\Container\\BoundMethod::Illuminate\\Container\\{closure}()
#11 /tmp/abdoElHodaky/larvrevrstender/services/bidding-service/vendor/laravel/framework/src/Illuminate/Container/BoundMethod.php(96): Illuminate\\Container\\Util::unwrapIfClosure()
#12 /tmp/abdoElHodaky/larvrevrstender/services/bidding-service/vendor/laravel/framework/src/Illuminate/Container/BoundMethod.php(35): Illuminate\\Container\\BoundMethod::callBoundMethod()
#13 /tmp/abdoElHodaky/larvrevrstender/services/bidding-service/vendor/laravel/framework/src/Illuminate/Container/Container.php(799): Illuminate\\Container\\BoundMethod::call()
#14 /tmp/abdoElHodaky/larvrevrstender/services/bidding-service/vendor/laravel/framework/src/Illuminate/Foundation/Application.php(1151): Illuminate\\Container\\Container->call()
#15 /tmp/abdoElHodaky/larvrevrstender/services/bidding-service/vendor/laravel/framework/src/Illuminate/Foundation/Application.php(1132): Illuminate\\Foundation\\Application->bootProvider()
#16 [internal function]: Illuminate\\Foundation\\Application->Illuminate\\Foundation\\{closure}()
#17 /tmp/abdoElHodaky/larvrevrstender/services/bidding-service/vendor/laravel/framework/src/Illuminate/Foundation/Application.php(1131): array_walk()
#18 /tmp/abdoElHodaky/larvrevrstender/services/bidding-service/vendor/laravel/framework/src/Illuminate/Foundation/Bootstrap/BootProviders.php(17): Illuminate\\Foundation\\Application->boot()
#19 /tmp/abdoElHodaky/larvrevrstender/services/bidding-service/vendor/laravel/framework/src/Illuminate/Foundation/Application.php(342): Illuminate\\Foundation\\Bootstrap\\BootProviders->bootstrap()
#20 /tmp/abdoElHodaky/larvrevrstender/services/bidding-service/vendor/laravel/framework/src/Illuminate/Foundation/Console/Kernel.php(494): Illuminate\\Foundation\\Application->bootstrapWith()
#21 /tmp/abdoElHodaky/larvrevrstender/services/bidding-service/vendor/laravel/framework/src/Illuminate/Foundation/Console/Kernel.php(196): Illuminate\\Foundation\\Console\\Kernel->bootstrap()
#22 /tmp/abdoElHodaky/larvrevrstender/services/bidding-service/artisan(35): Illuminate\\Foundation\\Console\\Kernel->handle()
#23 {main}
"} 
[2026-02-20 10:40:29] local.ERROR: Target class [App\Services\BidService] does not exist. {"exception":"[object] (Illuminate\\Contracts\\Container\\BindingResolutionException(code: 0): Target class [App\\Services\\BidService] does not exist. at /tmp/abdoElHodaky/larvrevrstender/services/bidding-service/vendor/laravel/framework/src/Illuminate/Container/Container.php:1124)
[stacktrace]
#0 /tmp/abdoElHodaky/larvrevrstender/services/bidding-service/vendor/laravel/framework/src/Illuminate/Container/Container.php(933): Illuminate\\Container\\Container->build()
#1 /tmp/abdoElHodaky/larvrevrstender/services/bidding-service/vendor/laravel/framework/src/Illuminate/Foundation/Application.php(1078): Illuminate\\Container\\Container->resolve()
#2 /tmp/abdoElHodaky/larvrevrstender/services/bidding-service/vendor/laravel/framework/src/Illuminate/Container/Container.php(864): Illuminate\\Foundation\\Application->resolve()
#3 /tmp/abdoElHodaky/larvrevrstender/services/bidding-service/vendor/laravel/framework/src/Illuminate/Foundation/Application.php(1058): Illuminate\\Container\\Container->make()
#4 /tmp/abdoElHodaky/larvrevrstender/services/bidding-service/app/Providers/RpcServiceProvider.php(30): Illuminate\\Foundation\\Application->make()
#5 /tmp/abdoElHodaky/larvrevrstender/services/bidding-service/vendor/laravel/framework/src/Illuminate/Container/Container.php(1115): App\\Providers\\RpcServiceProvider->App\\Providers\\{closure}()
#6 /tmp/abdoElHodaky/larvrevrstender/services/bidding-service/vendor/laravel/framework/src/Illuminate/Container/Container.php(933): Illuminate\\Container\\Container->build()
#7 /tmp/abdoElHodaky/larvrevrstender/services/bidding-service/vendor/laravel/framework/src/Illuminate/Foundation/Application.php(1078): Illuminate\\Container\\Container->resolve()
#8 /tmp/abdoElHodaky/larvrevrstender/services/bidding-service/vendor/laravel/framework/src/Illuminate/Container/Container.php(864): Illuminate\\Foundation\\Application->resolve()
#9 /tmp/abdoElHodaky/larvrevrstender/services/bidding-service/vendor/laravel/framework/src/Illuminate/Foundation/Application.php(1058): Illuminate\\Container\\Container->make()
#10 /tmp/abdoElHodaky/larvrevrstender/services/bidding-service/app/Providers/RpcServiceProvider.php(56): Illuminate\\Foundation\\Application->make()
#11 /tmp/abdoElHodaky/larvrevrstender/services/bidding-service/vendor/laravel/framework/src/Illuminate/Container/BoundMethod.php(36): App\\Providers\\RpcServiceProvider->boot()
#12 /tmp/abdoElHodaky/larvrevrstender/services/bidding-service/vendor/laravel/framework/src/Illuminate/Container/Util.php(43): Illuminate\\Container\\BoundMethod::Illuminate\\Container\\{closure}()
#13 /tmp/abdoElHodaky/larvrevrstender/services/bidding-service/vendor/laravel/framework/src/Illuminate/Container/BoundMethod.php(96): Illuminate\\Container\\Util::unwrapIfClosure()
#14 /tmp/abdoElHodaky/larvrevrstender/services/bidding-service/vendor/laravel/framework/src/Illuminate/Container/BoundMethod.php(35): Illuminate\\Container\\BoundMethod::callBoundMethod()
#15 /tmp/abdoElHodaky/larvrevrstender/services/bidding-service/vendor/laravel/framework/src/Illuminate/Container/Container.php(799): Illuminate\\Container\\BoundMethod::call()
#16 /tmp/abdoElHodaky/larvrevrstender/services/bidding-service/vendor/laravel/framework/src/Illuminate/Foundation/Application.php(1151): Illuminate\\Container\\Container->call()
#17 /tmp/abdoElHodaky/larvrevrstender/services/bidding-service/vendor/laravel/framework/src/Illuminate/Foundation/Application.php(1132): Illuminate\\Foundation\\Application->bootProvider()
#18 [internal function]: Illuminate\\Foundation\\Application->Illuminate\\Foundation\\{closure}()
#19 /tmp/abdoElHodaky/larvrevrstender/services/bidding-service/vendor/laravel/framework/src/Illuminate/Foundation/Application.php(1131): array_walk()
#20 /tmp/abdoElHodaky/larvrevrstender/services/bidding-service/vendor/laravel/framework/src/Illuminate/Foundation/Bootstrap/BootProviders.php(17): Illuminate\\Foundation\\Application->boot()
#21 /tmp/abdoElHodaky/larvrevrstender/services/bidding-service/vendor/laravel/framework/src/Illuminate/Foundation/Application.php(342): Illuminate\\Foundation\\Bootstrap\\BootProviders->bootstrap()
#22 /tmp/abdoElHodaky/larvrevrstender/services/bidding-service/vendor/laravel/framework/src/Illuminate/Foundation/Console/Kernel.php(494): Illuminate\\Foundation\\Application->bootstrapWith()
#23 /tmp/abdoElHodaky/larvrevrstender/services/bidding-service/vendor/laravel/framework/src/Illuminate/Foundation/Console/Kernel.php(196): Illuminate\\Foundation\\Console\\Kernel->bootstrap()
#24 /tmp/abdoElHodaky/larvrevrstender/services/bidding-service/artisan(35): Illuminate\\Foundation\\Console\\Kernel->handle()
#25 {main}

[previous exception] [object] (ReflectionException(code: -1): Class \"App\\Services\\BidService\" does not exist at /tmp/abdoElHodaky/larvrevrstender/services/bidding-service/vendor/laravel/framework/src/Illuminate/Container/Container.php:1122)
[stacktrace]
#0 /tmp/abdoElHodaky/larvrevrstender/services/bidding-service/vendor/laravel/framework/src/Illuminate/Container/Container.php(1122): ReflectionClass->__construct()
#1 /tmp/abdoElHodaky/larvrevrstender/services/bidding-service/vendor/laravel/framework/src/Illuminate/Container/Container.php(933): Illuminate\\Container\\Container->build()
#2 /tmp/abdoElHodaky/larvrevrstender/services/bidding-service/vendor/laravel/framework/src/Illuminate/Foundation/Application.php(1078): Illuminate\\Container\\Container->resolve()
#3 /tmp/abdoElHodaky/larvrevrstender/services/bidding-service/vendor/laravel/framework/src/Illuminate/Container/Container.php(864): Illuminate\\Foundation\\Application->resolve()
#4 /tmp/abdoElHodaky/larvrevrstender/services/bidding-service/vendor/laravel/framework/src/Illuminate/Foundation/Application.php(1058): Illuminate\\Container\\Container->make()
#5 /tmp/abdoElHodaky/larvrevrstender/services/bidding-service/app/Providers/RpcServiceProvider.php(30): Illuminate\\Foundation\\Application->make()
#6 /tmp/abdoElHodaky/larvrevrstender/services/bidding-service/vendor/laravel/framework/src/Illuminate/Container/Container.php(1115): App\\Providers\\RpcServiceProvider->App\\Providers\\{closure}()
#7 /tmp/abdoElHodaky/larvrevrstender/services/bidding-service/vendor/laravel/framework/src/Illuminate/Container/Container.php(933): Illuminate\\Container\\Container->build()
#8 /tmp/abdoElHodaky/larvrevrstender/services/bidding-service/vendor/laravel/framework/src/Illuminate/Foundation/Application.php(1078): Illuminate\\Container\\Container->resolve()
#9 /tmp/abdoElHodaky/larvrevrstender/services/bidding-service/vendor/laravel/framework/src/Illuminate/Container/Container.php(864): Illuminate\\Foundation\\Application->resolve()
#10 /tmp/abdoElHodaky/larvrevrstender/services/bidding-service/vendor/laravel/framework/src/Illuminate/Foundation/Application.php(1058): Illuminate\\Container\\Container->make()
#11 /tmp/abdoElHodaky/larvrevrstender/services/bidding-service/app/Providers/RpcServiceProvider.php(56): Illuminate\\Foundation\\Application->make()
#12 /tmp/abdoElHodaky/larvrevrstender/services/bidding-service/vendor/laravel/framework/src/Illuminate/Container/BoundMethod.php(36): App\\Providers\\RpcServiceProvider->boot()
#13 /tmp/abdoElHodaky/larvrevrstender/services/bidding-service/vendor/laravel/framework/src/Illuminate/Container/Util.php(43): Illuminate\\Container\\BoundMethod::Illuminate\\Container\\{closure}()
#14 /tmp/abdoElHodaky/larvrevrstender/services/bidding-service/vendor/laravel/framework/src/Illuminate/Container/BoundMethod.php(96): Illuminate\\Container\\Util::unwrapIfClosure()
#15 /tmp/abdoElHodaky/larvrevrstender/services/bidding-service/vendor/laravel/framework/src/Illuminate/Container/BoundMethod.php(35): Illuminate\\Container\\BoundMethod::callBoundMethod()
#16 /tmp/abdoElHodaky/larvrevrstender/services/bidding-service/vendor/laravel/framework/src/Illuminate/Container/Container.php(799): Illuminate\\Container\\BoundMethod::call()
#17 /tmp/abdoElHodaky/larvrevrstender/services/bidding-service/vendor/laravel/framework/src/Illuminate/Foundation/Application.php(1151): Illuminate\\Container\\Container->call()
#18 /tmp/abdoElHodaky/larvrevrstender/services/bidding-service/vendor/laravel/framework/src/Illuminate/Foundation/Application.php(1132): Illuminate\\Foundation\\Application->bootProvider()
#19 [internal function]: Illuminate\\Foundation\\Application->Illuminate\\Foundation\\{closure}()
#20 /tmp/abdoElHodaky/larvrevrstender/services/bidding-service/vendor/laravel/framework/src/Illuminate/Foundation/Application.php(1131): array_walk()
#21 /tmp/abdoElHodaky/larvrevrstender/services/bidding-service/vendor/laravel/framework/src/Illuminate/Foundation/Bootstrap/BootProviders.php(17): Illuminate\\Foundation\\Application->boot()
#22 /tmp/abdoElHodaky/larvrevrstender/services/bidding-service/vendor/laravel/framework/src/Illuminate/Foundation/Application.php(342): Illuminate\\Foundation\\Bootstrap\\BootProviders->bootstrap()
#23 /tmp/abdoElHodaky/larvrevrstender/services/bidding-service/vendor/laravel/framework/src/Illuminate/Foundation/Console/Kernel.php(494): Illuminate\\Foundation\\Application->bootstrapWith()
#24 /tmp/abdoElHodaky/larvrevrstender/services/bidding-service/vendor/laravel/framework/src/Illuminate/Foundation/Console/Kernel.php(196): Illuminate\\Foundation\\Console\\Kernel->bootstrap()
#25 /tmp/abdoElHodaky/larvrevrstender/services/bidding-service/artisan(35): Illuminate\\Foundation\\Console\\Kernel->handle()
#26 {main}
"} 
[2026-02-20 12:07:21] local.ERROR: Target class [App\Services\BidService] does not exist. {"exception":"[object] (Illuminate\\Contracts\\Container\\BindingResolutionException(code: 0): Target class [App\\Services\\BidService] does not exist. at /tmp/abdoElHodaky/larvrevrstender/services/bidding-service/vendor/laravel/framework/src/Illuminate/Container/Container.php:1124)
[stacktrace]
#0 /tmp/abdoElHodaky/larvrevrstender/services/bidding-service/vendor/laravel/framework/src/Illuminate/Container/Container.php(933): Illuminate\\Container\\Container->build()
#1 /tmp/abdoElHodaky/larvrevrstender/services/bidding-service/vendor/laravel/framework/src/Illuminate/Foundation/Application.php(1078): Illuminate\\Container\\Container->resolve()
#2 /tmp/abdoElHodaky/larvrevrstender/services/bidding-service/vendor/laravel/framework/src/Illuminate/Container/Container.php(864): Illuminate\\Foundation\\Application->resolve()
#3 /tmp/abdoElHodaky/larvrevrstender/services/bidding-service/vendor/laravel/framework/src/Illuminate/Foundation/Application.php(1058): Illuminate\\Container\\Container->make()
#4 /tmp/abdoElHodaky/larvrevrstender/services/bidding-service/app/Providers/RpcServiceProvider.php(30): Illuminate\\Foundation\\Application->make()
#5 /tmp/abdoElHodaky/larvrevrstender/services/bidding-service/vendor/laravel/framework/src/Illuminate/Container/Container.php(1115): App\\Providers\\RpcServiceProvider->App\\Providers\\{closure}()
#6 /tmp/abdoElHodaky/larvrevrstender/services/bidding-service/vendor/laravel/framework/src/Illuminate/Container/Container.php(933): Illuminate\\Container\\Container->build()
#7 /tmp/abdoElHodaky/larvrevrstender/services/bidding-service/vendor/laravel/framework/src/Illuminate/Foundation/Application.php(1078): Illuminate\\Container\\Container->resolve()
#8 /tmp/abdoElHodaky/larvrevrstender/services/bidding-service/vendor/laravel/framework/src/Illuminate/Container/Container.php(864): Illuminate\\Foundation\\Application->resolve()
#9 /tmp/abdoElHodaky/larvrevrstender/services/bidding-service/vendor/laravel/framework/src/Illuminate/Foundation/Application.php(1058): Illuminate\\Container\\Container->make()
#10 /tmp/abdoElHodaky/larvrevrstender/services/bidding-service/app/Providers/RpcServiceProvider.php(56): Illuminate\\Foundation\\Application->make()
#11 /tmp/abdoElHodaky/larvrevrstender/services/bidding-service/vendor/laravel/framework/src/Illuminate/Container/BoundMethod.php(36): App\\Providers\\RpcServiceProvider->boot()
#12 /tmp/abdoElHodaky/larvrevrstender/services/bidding-service/vendor/laravel/framework/src/Illuminate/Container/Util.php(43): Illuminate\\Container\\BoundMethod::Illuminate\\Container\\{closure}()
#13 /tmp/abdoElHodaky/larvrevrstender/services/bidding-service/vendor/laravel/framework/src/Illuminate/Container/BoundMethod.php(96): Illuminate\\Container\\Util::unwrapIfClosure()
#14 /tmp/abdoElHodaky/larvrevrstender/services/bidding-service/vendor/laravel/framework/src/Illuminate/Container/BoundMethod.php(35): Illuminate\\Container\\BoundMethod::callBoundMethod()
#15 /tmp/abdoElHodaky/larvrevrstender/services/bidding-service/vendor/laravel/framework/src/Illuminate/Container/Container.php(799): Illuminate\\Container\\BoundMethod::call()
#16 /tmp/abdoElHodaky/larvrevrstender/services/bidding-service/vendor/laravel/framework/src/Illuminate/Foundation/Application.php(1151): Illuminate\\Container\\Container->call()
#17 /tmp/abdoElHodaky/larvrevrstender/services/bidding-service/vendor/laravel/framework/src/Illuminate/Foundation/Application.php(1132): Illuminate\\Foundation\\Application->bootProvider()
#18 [internal function]: Illuminate\\Foundation\\Application->Illuminate\\Foundation\\{closure}()
#19 /tmp/abdoElHodaky/larvrevrstender/services/bidding-service/vendor/laravel/framework/src/Illuminate/Foundation/Application.php(1131): array_walk()
#20 /tmp/abdoElHodaky/larvrevrstender/services/bidding-service/vendor/laravel/framework/src/Illuminate/Foundation/Bootstrap/BootProviders.php(17): Illuminate\\Foundation\\Application->boot()
#21 /tmp/abdoElHodaky/larvrevrstender/services/bidding-service/vendor/laravel/framework/src/Illuminate/Foundation/Application.php(342): Illuminate\\Foundation\\Bootstrap\\BootProviders->bootstrap()
#22 /tmp/abdoElHodaky/larvrevrstender/services/bidding-service/vendor/laravel/framework/src/Illuminate/Foundation/Console/Kernel.php(494): Illuminate\\Foundation\\Application->bootstrapWith()
#23 /tmp/abdoElHodaky/larvrevrstender/services/bidding-service/vendor/laravel/framework/src/Illuminate/Foundation/Console/Kernel.php(196): Illuminate\\Foundation\\Console\\Kernel->bootstrap()
#24 /tmp/abdoElHodaky/larvrevrstender/services/bidding-service/artisan(35): Illuminate\\Foundation\\Console\\Kernel->handle()
#25 {main}

[previous exception] [object] (ReflectionException(code: -1): Class \"App\\Services\\BidService\" does not exist at /tmp/abdoElHodaky/larvrevrstender/services/bidding-service/vendor/laravel/framework/src/Illuminate/Container/Container.php:1122)
[stacktrace]
#0 /tmp/abdoElHodaky/larvrevrstender/services/bidding-service/vendor/laravel/framework/src/Illuminate/Container/Container.php(1122): ReflectionClass->__construct()
#1 /tmp/abdoElHodaky/larvrevrstender/services/bidding-service/vendor/laravel/framework/src/Illuminate/Container/Container.php(933): Illuminate\\Container\\Container->build()
#2 /tmp/abdoElHodaky/larvrevrstender/services/bidding-service/vendor/laravel/framework/src/Illuminate/Foundation/Application.php(1078): Illuminate\\Container\\Container->resolve()
#3 /tmp/abdoElHodaky/larvrevrstender/services/bidding-service/vendor/laravel/framework/src/Illuminate/Container/Container.php(864): Illuminate\\Foundation\\Application->resolve()
#4 /tmp/abdoElHodaky/larvrevrstender/services/bidding-service/vendor/laravel/framework/src/Illuminate/Foundation/Application.php(1058): Illuminate\\Container\\Container->make()
#5 /tmp/abdoElHodaky/larvrevrstender/services/bidding-service/app/Providers/RpcServiceProvider.php(30): Illuminate\\Foundation\\Application->make()
#6 /tmp/abdoElHodaky/larvrevrstender/services/bidding-service/vendor/laravel/framework/src/Illuminate/Container/Container.php(1115): App\\Providers\\RpcServiceProvider->App\\Providers\\{closure}()
#7 /tmp/abdoElHodaky/larvrevrstender/services/bidding-service/vendor/laravel/framework/src/Illuminate/Container/Container.php(933): Illuminate\\Container\\Container->build()
#8 /tmp/abdoElHodaky/larvrevrstender/services/bidding-service/vendor/laravel/framework/src/Illuminate/Foundation/Application.php(1078): Illuminate\\Container\\Container->resolve()
#9 /tmp/abdoElHodaky/larvrevrstender/services/bidding-service/vendor/laravel/framework/src/Illuminate/Container/Container.php(864): Illuminate\\Foundation\\Application->resolve()
#10 /tmp/abdoElHodaky/larvrevrstender/services/bidding-service/vendor/laravel/framework/src/Illuminate/Foundation/Application.php(1058): Illuminate\\Container\\Container->make()
#11 /tmp/abdoElHodaky/larvrevrstender/services/bidding-service/app/Providers/RpcServiceProvider.php(56): Illuminate\\Foundation\\Application->make()
#12 /tmp/abdoElHodaky/larvrevrstender/services/bidding-service/vendor/laravel/framework/src/Illuminate/Container/BoundMethod.php(36): App\\Providers\\RpcServiceProvider->boot()
#13 /tmp/abdoElHodaky/larvrevrstender/services/bidding-service/vendor/laravel/framework/src/Illuminate/Container/Util.php(43): Illuminate\\Container\\BoundMethod::Illuminate\\Container\\{closure}()
#14 /tmp/abdoElHodaky/larvrevrstender/services/bidding-service/vendor/laravel/framework/src/Illuminate/Container/BoundMethod.php(96): Illuminate\\Container\\Util::unwrapIfClosure()
#15 /tmp/abdoElHodaky/larvrevrstender/services/bidding-service/vendor/laravel/framework/src/Illuminate/Container/BoundMethod.php(35): Illuminate\\Container\\BoundMethod::callBoundMethod()
#16 /tmp/abdoElHodaky/larvrevrstender/services/bidding-service/vendor/laravel/framework/src/Illuminate/Container/Container.php(799): Illuminate\\Container\\BoundMethod::call()
#17 /tmp/abdoElHodaky/larvrevrstender/services/bidding-service/vendor/laravel/framework/src/Illuminate/Foundation/Application.php(1151): Illuminate\\Container\\Container->call()
#18 /tmp/abdoElHodaky/larvrevrstender/services/bidding-service/vendor/laravel/framework/src/Illuminate/Foundation/Application.php(1132): Illuminate\\Foundation\\Application->bootProvider()
#19 [internal function]: Illuminate\\Foundation\\Application->Illuminate\\Foundation\\{closure}()
#20 /tmp/abdoElHodaky/larvrevrstender/services/bidding-service/vendor/laravel/framework/src/Illuminate/Foundation/Application.php(1131): array_walk()
#21 /tmp/abdoElHodaky/larvrevrstender/services/bidding-service/vendor/laravel/framework/src/Illuminate/Foundation/Bootstrap/BootProviders.php(17): Illuminate\\Foundation\\Application->boot()
#22 /tmp/abdoElHodaky/larvrevrstender/services/bidding-service/vendor/laravel/framework/src/Illuminate/Foundation/Application.php(342): Illuminate\\Foundation\\Bootstrap\\BootProviders->bootstrap()
#23 /tmp/abdoElHodaky/larvrevrstender/services/bidding-service/vendor/laravel/framework/src/Illuminate/Foundation/Console/Kernel.php(494): Illuminate\\Foundation\\Application->bootstrapWith()
#24 /tmp/abdoElHodaky/larvrevrstender/services/bidding-service/vendor/laravel/framework/src/Illuminate/Foundation/Console/Kernel.php(196): Illuminate\\Foundation\\Console\\Kernel->bootstrap()
#25 /tmp/abdoElHodaky/larvrevrstender/services/bidding-service/artisan(35): Illuminate\\Foundation\\Console\\Kernel->handle()
#26 {main}
"} 
[2026-02-20 12:08:01] local.ERROR: Target class [App\Services\AuctionService] does not exist. {"exception":"[object] (Illuminate\\Contracts\\Container\\BindingResolutionException(code: 0): Target class [App\\Services\\AuctionService] does not exist. at /tmp/abdoElHodaky/larvrevrstender/services/bidding-service/vendor/laravel/framework/src/Illuminate/Container/Container.php:1124)
[stacktrace]
#0 /tmp/abdoElHodaky/larvrevrstender/services/bidding-service/vendor/laravel/framework/src/Illuminate/Container/Container.php(933): Illuminate\\Container\\Container->build()
#1 /tmp/abdoElHodaky/larvrevrstender/services/bidding-service/vendor/laravel/framework/src/Illuminate/Foundation/Application.php(1078): Illuminate\\Container\\Container->resolve()
#2 /tmp/abdoElHodaky/larvrevrstender/services/bidding-service/vendor/laravel/framework/src/Illuminate/Container/Container.php(864): Illuminate\\Foundation\\Application->resolve()
#3 /tmp/abdoElHodaky/larvrevrstender/services/bidding-service/vendor/laravel/framework/src/Illuminate/Foundation/Application.php(1058): Illuminate\\Container\\Container->make()
#4 /tmp/abdoElHodaky/larvrevrstender/services/bidding-service/app/Providers/RpcServiceProvider.php(31): Illuminate\\Foundation\\Application->make()
#5 /tmp/abdoElHodaky/larvrevrstender/services/bidding-service/vendor/laravel/framework/src/Illuminate/Container/Container.php(1115): App\\Providers\\RpcServiceProvider->App\\Providers\\{closure}()
#6 /tmp/abdoElHodaky/larvrevrstender/services/bidding-service/vendor/laravel/framework/src/Illuminate/Container/Container.php(933): Illuminate\\Container\\Container->build()
#7 /tmp/abdoElHodaky/larvrevrstender/services/bidding-service/vendor/laravel/framework/src/Illuminate/Foundation/Application.php(1078): Illuminate\\Container\\Container->resolve()
#8 /tmp/abdoElHodaky/larvrevrstender/services/bidding-service/vendor/laravel/framework/src/Illuminate/Container/Container.php(864): Illuminate\\Foundation\\Application->resolve()
#9 /tmp/abdoElHodaky/larvrevrstender/services/bidding-service/vendor/laravel/framework/src/Illuminate/Foundation/Application.php(1058): Illuminate\\Container\\Container->make()
#10 /tmp/abdoElHodaky/larvrevrstender/services/bidding-service/app/Providers/RpcServiceProvider.php(56): Illuminate\\Foundation\\Application->make()
#11 /tmp/abdoElHodaky/larvrevrstender/services/bidding-service/vendor/laravel/framework/src/Illuminate/Container/BoundMethod.php(36): App\\Providers\\RpcServiceProvider->boot()
#12 /tmp/abdoElHodaky/larvrevrstender/services/bidding-service/vendor/laravel/framework/src/Illuminate/Container/Util.php(43): Illuminate\\Container\\BoundMethod::Illuminate\\Container\\{closure}()
#13 /tmp/abdoElHodaky/larvrevrstender/services/bidding-service/vendor/laravel/framework/src/Illuminate/Container/BoundMethod.php(96): Illuminate\\Container\\Util::unwrapIfClosure()
#14 /tmp/abdoElHodaky/larvrevrstender/services/bidding-service/vendor/laravel/framework/src/Illuminate/Container/BoundMethod.php(35): Illuminate\\Container\\BoundMethod::callBoundMethod()
#15 /tmp/abdoElHodaky/larvrevrstender/services/bidding-service/vendor/laravel/framework/src/Illuminate/Container/Container.php(799): Illuminate\\Container\\BoundMethod::call()
#16 /tmp/abdoElHodaky/larvrevrstender/services/bidding-service/vendor/laravel/framework/src/Illuminate/Foundation/Application.php(1151): Illuminate\\Container\\Container->call()
#17 /tmp/abdoElHodaky/larvrevrstender/services/bidding-service/vendor/laravel/framework/src/Illuminate/Foundation/Application.php(1132): Illuminate\\Foundation\\Application->bootProvider()
#18 [internal function]: Illuminate\\Foundation\\Application->Illuminate\\Foundation\\{closure}()
#19 /tmp/abdoElHodaky/larvrevrstender/services/bidding-service/vendor/laravel/framework/src/Illuminate/Foundation/Application.php(1131): array_walk()
#20 /tmp/abdoElHodaky/larvrevrstender/services/bidding-service/vendor/laravel/framework/src/Illuminate/Foundation/Bootstrap/BootProviders.php(17): Illuminate\\Foundation\\Application->boot()
#21 /tmp/abdoElHodaky/larvrevrstender/services/bidding-service/vendor/laravel/framework/src/Illuminate/Foundation/Application.php(342): Illuminate\\Foundation\\Bootstrap\\BootProviders->bootstrap()
#22 /tmp/abdoElHodaky/larvrevrstender/services/bidding-service/vendor/laravel/framework/src/Illuminate/Foundation/Console/Kernel.php(494): Illuminate\\Foundation\\Application->bootstrapWith()
#23 /tmp/abdoElHodaky/larvrevrstender/services/bidding-service/vendor/laravel/framework/src/Illuminate/Foundation/Console/Kernel.php(196): Illuminate\\Foundation\\Console\\Kernel->bootstrap()
#24 /tmp/abdoElHodaky/larvrevrstender/services/bidding-service/artisan(35): Illuminate\\Foundation\\Console\\Kernel->handle()
#25 {main}

[previous exception] [object] (ReflectionException(code: -1): Class \"App\\Services\\AuctionService\" does not exist at /tmp/abdoElHodaky/larvrevrstender/services/bidding-service/vendor/laravel/framework/src/Illuminate/Container/Container.php:1122)
[stacktrace]
#0 /tmp/abdoElHodaky/larvrevrstender/services/bidding-service/vendor/laravel/framework/src/Illuminate/Container/Container.php(1122): ReflectionClass->__construct()
#1 /tmp/abdoElHodaky/larvrevrstender/services/bidding-service/vendor/laravel/framework/src/Illuminate/Container/Container.php(933): Illuminate\\Container\\Container->build()
#2 /tmp/abdoElHodaky/larvrevrstender/services/bidding-service/vendor/laravel/framework/src/Illuminate/Foundation/Application.php(1078): Illuminate\\Container\\Container->resolve()
#3 /tmp/abdoElHodaky/larvrevrstender/services/bidding-service/vendor/laravel/framework/src/Illuminate/Container/Container.php(864): Illuminate\\Foundation\\Application->resolve()
#4 /tmp/abdoElHodaky/larvrevrstender/services/bidding-service/vendor/laravel/framework/src/Illuminate/Foundation/Application.php(1058): Illuminate\\Container\\Container->make()
#5 /tmp/abdoElHodaky/larvrevrstender/services/bidding-service/app/Providers/RpcServiceProvider.php(31): Illuminate\\Foundation\\Application->make()
#6 /tmp/abdoElHodaky/larvrevrstender/services/bidding-service/vendor/laravel/framework/src/Illuminate/Container/Container.php(1115): App\\Providers\\RpcServiceProvider->App\\Providers\\{closure}()
#7 /tmp/abdoElHodaky/larvrevrstender/services/bidding-service/vendor/laravel/framework/src/Illuminate/Container/Container.php(933): Illuminate\\Container\\Container->build()
#8 /tmp/abdoElHodaky/larvrevrstender/services/bidding-service/vendor/laravel/framework/src/Illuminate/Foundation/Application.php(1078): Illuminate\\Container\\Container->resolve()
#9 /tmp/abdoElHodaky/larvrevrstender/services/bidding-service/vendor/laravel/framework/src/Illuminate/Container/Container.php(864): Illuminate\\Foundation\\Application->resolve()
#10 /tmp/abdoElHodaky/larvrevrstender/services/bidding-service/vendor/laravel/framework/src/Illuminate/Foundation/Application.php(1058): Illuminate\\Container\\Container->make()
#11 /tmp/abdoElHodaky/larvrevrstender/services/bidding-service/app/Providers/RpcServiceProvider.php(56): Illuminate\\Foundation\\Application->make()
#12 /tmp/abdoElHodaky/larvrevrstender/services/bidding-service/vendor/laravel/framework/src/Illuminate/Container/BoundMethod.php(36): App\\Providers\\RpcServiceProvider->boot()
#13 /tmp/abdoElHodaky/larvrevrstender/services/bidding-service/vendor/laravel/framework/src/Illuminate/Container/Util.php(43): Illuminate\\Container\\BoundMethod::Illuminate\\Container\\{closure}()
#14 /tmp/abdoElHodaky/larvrevrstender/services/bidding-service/vendor/laravel/framework/src/Illuminate/Container/BoundMethod.php(96): Illuminate\\Container\\Util::unwrapIfClosure()
#15 /tmp/abdoElHodaky/larvrevrstender/services/bidding-service/vendor/laravel/framework/src/Illuminate/Container/BoundMethod.php(35): Illuminate\\Container\\BoundMethod::callBoundMethod()
#16 /tmp/abdoElHodaky/larvrevrstender/services/bidding-service/vendor/laravel/framework/src/Illuminate/Container/Container.php(799): Illuminate\\Container\\BoundMethod::call()
#17 /tmp/abdoElHodaky/larvrevrstender/services/bidding-service/vendor/laravel/framework/src/Illuminate/Foundation/Application.php(1151): Illuminate\\Container\\Container->call()
#18 /tmp/abdoElHodaky/larvrevrstender/services/bidding-service/vendor/laravel/framework/src/Illuminate/Foundation/Application.php(1132): Illuminate\\Foundation\\Application->bootProvider()
#19 [internal function]: Illuminate\\Foundation\\Application->Illuminate\\Foundation\\{closure}()
#20 /tmp/abdoElHodaky/larvrevrstender/services/bidding-service/vendor/laravel/framework/src/Illuminate/Foundation/Application.php(1131): array_walk()
#21 /tmp/abdoElHodaky/larvrevrstender/services/bidding-service/vendor/laravel/framework/src/Illuminate/Foundation/Bootstrap/BootProviders.php(17): Illuminate\\Foundation\\Application->boot()
#22 /tmp/abdoElHodaky/larvrevrstender/services/bidding-service/vendor/laravel/framework/src/Illuminate/Foundation/Application.php(342): Illuminate\\Foundation\\Bootstrap\\BootProviders->bootstrap()
#23 /tmp/abdoElHodaky/larvrevrstender/services/bidding-service/vendor/laravel/framework/src/Illuminate/Foundation/Console/Kernel.php(494): Illuminate\\Foundation\\Application->bootstrapWith()
#24 /tmp/abdoElHodaky/larvrevrstender/services/bidding-service/vendor/laravel/framework/src/Illuminate/Foundation/Console/Kernel.php(196): Illuminate\\Foundation\\Console\\Kernel->bootstrap()
#25 /tmp/abdoElHodaky/larvrevrstender/services/bidding-service/artisan(35): Illuminate\\Foundation\\Console\\Kernel->handle()
#26 {main}
"} 
[2026-02-20 12:09:37] local.INFO: Callable procedure registered {"name":"bid.getByAuction","type":"micro"} 
[2026-02-20 12:09:37] local.INFO: Callable procedure registered {"name":"bid.getHighest","type":"micro"} 
[2026-02-20 12:09:37] local.INFO: Callable procedure registered {"name":"bid.place","type":"micro"} 
[2026-02-20 12:09:37] local.INFO: Callable procedure registered {"name":"bid.updateStatus","type":"micro"} 
[2026-02-20 12:09:37] local.INFO: Callable procedure registered {"name":"bid.cancel","type":"micro"} 
[2026-02-20 12:09:37] local.INFO: Callable procedure registered {"name":"bid.getHistory","type":"micro"} 
[2026-02-20 12:09:37] local.INFO: Callable procedure registered {"name":"bid.checkActive","type":"micro"} 
[2026-02-20 12:09:37] local.INFO: Callable procedure registered {"name":"bid.getStatistics","type":"micro"} 
[2026-02-20 12:09:37] local.INFO: Callable procedure registered {"name":"auction.initialize","type":"micro"} 
[2026-02-20 12:09:37] local.INFO: Callable procedure registered {"name":"auction.updateHighestBid","type":"micro"} 
[2026-02-20 12:09:37] local.INFO: Callable procedure registered {"name":"auction.validateBidEligibility","type":"micro"} 
[2026-02-20 12:09:37] local.INFO: Callable procedure registered {"name":"auction.getStatus","type":"micro"} 
[2026-02-20 12:09:37] local.INFO: Callable procedure registered {"name":"auction.close","type":"micro"} 
[2026-02-20 12:09:37] local.INFO: Callable procedure registered {"name":"auction.isActive","type":"micro"} 
[2026-02-20 12:09:37] local.INFO: Callable procedure registered {"name":"health.check","type":"micro"} 
[2026-02-20 12:09:37] local.INFO: Callable procedure registered {"name":"system.info","type":"micro"} 
[2026-02-20 12:09:37] local.INFO: Callable procedure registered {"name":"system.metrics","type":"micro"} 
[2026-02-20 12:09:37] local.INFO: Callable procedure registered {"name":"system.ping","type":"micro"} 
